Archive member included to satisfy reference by file (symbol)

/home/caleb/Desktop/Nucleo_blink/lib/mbed/TARGET_NUCLEO_F446RE/TOOLCHAIN_GCC_ARM/libmbed.a(serial_api.o)
                              /home/caleb/Desktop/Nucleo_blink/lib/mbed/TARGET_NUCLEO_F446RE/TOOLCHAIN_GCC_ARM/retarget.o (serial_init)
/home/caleb/Desktop/Nucleo_blink/lib/mbed/TARGET_NUCLEO_F446RE/TOOLCHAIN_GCC_ARM/libmbed.a(FilePath.o)
                              /home/caleb/Desktop/Nucleo_blink/lib/mbed/TARGET_NUCLEO_F446RE/TOOLCHAIN_GCC_ARM/retarget.o (mbed::FilePath::FilePath(char const*))
/home/caleb/Desktop/Nucleo_blink/lib/mbed/TARGET_NUCLEO_F446RE/TOOLCHAIN_GCC_ARM/libmbed.a(FileSystemLike.o)
                              /home/caleb/Desktop/Nucleo_blink/lib/mbed/TARGET_NUCLEO_F446RE/TOOLCHAIN_GCC_ARM/retarget.o (mbed::FileSystemLike::opendir())
/home/caleb/Desktop/Nucleo_blink/lib/mbed/TARGET_NUCLEO_F446RE/TOOLCHAIN_GCC_ARM/libmbed.a(assert.o)
                              /home/caleb/Desktop/Nucleo_blink/lib/mbed/TARGET_NUCLEO_F446RE/TOOLCHAIN_GCC_ARM/board.o (mbed_assert_internal)
/home/caleb/Desktop/Nucleo_blink/lib/mbed/TARGET_NUCLEO_F446RE/TOOLCHAIN_GCC_ARM/libmbed.a(error.o)
                              /home/caleb/Desktop/Nucleo_blink/lib/mbed/TARGET_NUCLEO_F446RE/TOOLCHAIN_GCC_ARM/retarget.o (error)
/home/caleb/Desktop/Nucleo_blink/lib/mbed/TARGET_NUCLEO_F446RE/TOOLCHAIN_GCC_ARM/libmbed.a(gpio.o)
                              /home/caleb/Desktop/Nucleo_blink/lib/mbed/TARGET_NUCLEO_F446RE/TOOLCHAIN_GCC_ARM/board.o (gpio_init_out)
/home/caleb/Desktop/Nucleo_blink/lib/mbed/TARGET_NUCLEO_F446RE/TOOLCHAIN_GCC_ARM/libmbed.a(pinmap_common.o)
                              /home/caleb/Desktop/Nucleo_blink/lib/mbed/TARGET_NUCLEO_F446RE/TOOLCHAIN_GCC_ARM/libmbed.a(serial_api.o) (pinmap_pinout)
/home/caleb/Desktop/Nucleo_blink/lib/mbed/TARGET_NUCLEO_F446RE/TOOLCHAIN_GCC_ARM/libmbed.a(us_ticker_api.o)
                              /home/caleb/Desktop/Nucleo_blink/lib/mbed/TARGET_NUCLEO_F446RE/TOOLCHAIN_GCC_ARM/hal_tick.o (us_ticker_irq_handler)
/home/caleb/Desktop/Nucleo_blink/lib/mbed/TARGET_NUCLEO_F446RE/TOOLCHAIN_GCC_ARM/libmbed.a(wait_api.o)
                              /home/caleb/Desktop/Nucleo_blink/lib/mbed/TARGET_NUCLEO_F446RE/TOOLCHAIN_GCC_ARM/board.o (wait_ms)
/home/caleb/Desktop/Nucleo_blink/lib/mbed/TARGET_NUCLEO_F446RE/TOOLCHAIN_GCC_ARM/libmbed.a(PeripheralPins.o)
                              /home/caleb/Desktop/Nucleo_blink/lib/mbed/TARGET_NUCLEO_F446RE/TOOLCHAIN_GCC_ARM/libmbed.a(serial_api.o) (PinMap_UART_RX)
/home/caleb/Desktop/Nucleo_blink/lib/mbed/TARGET_NUCLEO_F446RE/TOOLCHAIN_GCC_ARM/libmbed.a(gpio_api.o)
                              /home/caleb/Desktop/Nucleo_blink/lib/mbed/TARGET_NUCLEO_F446RE/TOOLCHAIN_GCC_ARM/libmbed.a(gpio.o) (gpio_init)
/home/caleb/Desktop/Nucleo_blink/lib/mbed/TARGET_NUCLEO_F446RE/TOOLCHAIN_GCC_ARM/libmbed.a(pinmap.o)
                              /home/caleb/Desktop/Nucleo_blink/lib/mbed/TARGET_NUCLEO_F446RE/TOOLCHAIN_GCC_ARM/libmbed.a(gpio_api.o) (Set_GPIO_Clock)
/home/caleb/Desktop/Nucleo_blink/lib/mbed/TARGET_NUCLEO_F446RE/TOOLCHAIN_GCC_ARM/libmbed.a(us_ticker.o)
                              /home/caleb/Desktop/Nucleo_blink/lib/mbed/TARGET_NUCLEO_F446RE/TOOLCHAIN_GCC_ARM/libmbed.a(us_ticker_api.o) (us_ticker_init)
/home/caleb/Desktop/Nucleo_blink/lib/mbed/TARGET_NUCLEO_F446RE/TOOLCHAIN_GCC_ARM/libmbed.a(FileBase.o)
                              /home/caleb/Desktop/Nucleo_blink/lib/mbed/TARGET_NUCLEO_F446RE/TOOLCHAIN_GCC_ARM/libmbed.a(FileSystemLike.o) (mbed::FileBase::~FileBase())
/home/caleb/Desktop/Nucleo_blink/lib/mbed/TARGET_NUCLEO_F446RE/TOOLCHAIN_GCC_ARM/libmbed.a(ticker_api.o)
                              /home/caleb/Desktop/Nucleo_blink/lib/mbed/TARGET_NUCLEO_F446RE/TOOLCHAIN_GCC_ARM/libmbed.a(us_ticker_api.o) (ticker_irq_handler)
/usr/lib/gcc/arm-none-eabi/5.3.0/../../../../arm-none-eabi/lib/armv7e-m/fpu/libstdc++_nano.a(new_op.o)
                              /home/caleb/Desktop/Nucleo_blink/lib/mbed/TARGET_NUCLEO_F446RE/TOOLCHAIN_GCC_ARM/libmbed.a(FileSystemLike.o) (operator new(unsigned int))
/usr/lib/gcc/arm-none-eabi/5.3.0/../../../../arm-none-eabi/lib/armv7e-m/fpu/libstdc++_nano.a(del_op.o)
                              /home/caleb/Desktop/Nucleo_blink/lib/mbed/TARGET_NUCLEO_F446RE/TOOLCHAIN_GCC_ARM/retarget.o (operator delete(void*))
/usr/lib/gcc/arm-none-eabi/5.3.0/../../../../arm-none-eabi/lib/armv7e-m/fpu/libstdc++_nano.a(new_handler.o)
                              /usr/lib/gcc/arm-none-eabi/5.3.0/../../../../arm-none-eabi/lib/armv7e-m/fpu/libstdc++_nano.a(new_op.o) (std::get_new_handler())
/usr/lib/gcc/arm-none-eabi/5.3.0/../../../../arm-none-eabi/lib/armv7e-m/fpu/libc_nano.a(lib_a-abort.o)
                              /usr/lib/gcc/arm-none-eabi/5.3.0/../../../../arm-none-eabi/lib/armv7e-m/fpu/libstdc++_nano.a(new_op.o) (abort)
/usr/lib/gcc/arm-none-eabi/5.3.0/../../../../arm-none-eabi/lib/armv7e-m/fpu/libc_nano.a(lib_a-atexit.o)
[...]
Memory Configuration

Name             Origin             Length             Attributes
FLASH            0x0000000008000000 0x0000000000080000 xr
RAM              0x00000000200001c4 0x000000000001fe3c xrw
*default*        0x0000000000000000 0xffffffffffffffff

Linker script and memory map

LOAD /usr/lib/gcc/arm-none-eabi/5.3.0/armv7e-m/fpu/crti.o
LOAD /usr/lib/gcc/arm-none-eabi/5.3.0/armv7e-m/fpu/crtbegin.o
LOAD /usr/lib/gcc/arm-none-eabi/5.3.0/../../../../arm-none-eabi/lib/armv7e-m/fpu/crt0.o
LOAD main.o
LOAD /home/caleb/Desktop/Nucleo_blink/lib/mbed/TARGET_NUCLEO_F446RE/TOOLCHAIN_GCC_ARM/stm32f4xx_hal_flash_ramfunc.o
LOAD /home/caleb/Desktop/Nucleo_blink/lib/mbed/TARGET_NUCLEO_F446RE/TOOLCHAIN_GCC_ARM/board.o
LOAD /home/caleb/Desktop/Nucleo_blink/lib/mbed/TARGET_NUCLEO_F446RE/TOOLCHAIN_GCC_ARM/cmsis_nvic.o
LOAD /home/caleb/Desktop/Nucleo_blink/lib/mbed/TARGET_NUCLEO_F446RE/TOOLCHAIN_GCC_ARM/hal_tick.o
LOAD /home/caleb/Desktop/Nucleo_blink/lib/mbed/TARGET_NUCLEO_F446RE/TOOLCHAIN_GCC_ARM/mbed_overrides.o
LOAD /home/caleb/Desktop/Nucleo_blink/lib/mbed/TARGET_NUCLEO_F446RE/TOOLCHAIN_GCC_ARM/retarget.o
LOAD /home/caleb/Desktop/Nucleo_blink/lib/mbed/TARGET_NUCLEO_F446RE/TOOLCHAIN_GCC_ARM/startup_stm32f446xx.o
LOAD /home/caleb/Desktop/Nucleo_blink/lib/mbed/TARGET_NUCLEO_F446RE/TOOLCHAIN_GCC_ARM/stm32f4xx_hal.o
LOAD /home/caleb/Desktop/Nucleo_blink/lib/mbed/TARGET_NUCLEO_F446RE/TOOLCHAIN_GCC_ARM/stm32f4xx_hal_adc.o
LOAD /home/caleb/Desktop/Nucleo_blink/lib/mbed/TARGET_NUCLEO_F446RE/TOOLCHAIN_GCC_ARM/stm32f4xx_hal_adc_ex.o
LOAD /home/caleb/Desktop/Nucleo_blink/lib/mbed/TARGET_NUCLEO_F446RE/TOOLCHAIN_GCC_ARM/stm32f4xx_hal_can.o
LOAD /home/caleb/Desktop/Nucleo_blink/lib/mbed/TARGET_NUCLEO_F446RE/TOOLCHAIN_GCC_ARM/stm32f4xx_hal_cec.o
LOAD /home/caleb/Desktop/Nucleo_blink/lib/mbed/TARGET_NUCLEO_F446RE/TOOLCHAIN_GCC_ARM/stm32f4xx_hal_cortex.o
LOAD /home/caleb/Desktop/Nucleo_blink/lib/mbed/TARGET_NUCLEO_F446RE/TOOLCHAIN_GCC_ARM/stm32f4xx_hal_crc.o
LOAD /home/caleb/Desktop/Nucleo_blink/lib/mbed/TARGET_NUCLEO_F446RE/TOOLCHAIN_GCC_ARM/stm32f4xx_hal_cryp.o
LOAD /home/caleb/Desktop/Nucleo_blink/lib/mbed/TARGET_NUCLEO_F446RE/TOOLCHAIN_GCC_ARM/stm32f4xx_hal_cryp_ex.o
LOAD /home/caleb/Desktop/Nucleo_blink/lib/mbed/TARGET_NUCLEO_F446RE/TOOLCHAIN_GCC_ARM/stm32f4xx_hal_dac.o
LOAD /home/caleb/Desktop/Nucleo_blink/lib/mbed/TARGET_NUCLEO_F446RE/TOOLCHAIN_GCC_ARM/stm32f4xx_hal_dac_ex.o
LOAD /home/caleb/Desktop/Nucleo_blink/lib/mbed/TARGET_NUCLEO_F446RE/TOOLCHAIN_GCC_ARM/stm32f4xx_hal_dcmi.o
LOAD /home/caleb/Desktop/Nucleo_blink/lib/mbed/TARGET_NUCLEO_F446RE/TOOLCHAIN_GCC_ARM/stm32f4xx_hal_dcmi_ex.o
LOAD /home/caleb/Desktop/Nucleo_blink/lib/mbed/TARGET_NUCLEO_F446RE/TOOLCHAIN_GCC_ARM/stm32f4xx_hal_dma.o
LOAD /home/caleb/Desktop/Nucleo_blink/lib/mbed/TARGET_NUCLEO_F446RE/TOOLCHAIN_GCC_ARM/stm32f4xx_hal_dma2d.o
LOAD /home/caleb/Desktop/Nucleo_blink/lib/mbed/TARGET_NUCLEO_F446RE/TOOLCHAIN_GCC_ARM/stm32f4xx_hal_dma_ex.o
LOAD /home/caleb/Desktop/Nucleo_blink/lib/mbed/TARGET_NUCLEO_F446RE/TOOLCHAIN_GCC_ARM/stm32f4xx_hal_dsi.o
LOAD /home/caleb/Desktop/Nucleo_blink/lib/mbed/TARGET_NUCLEO_F446RE/TOOLCHAIN_GCC_ARM/stm32f4xx_hal_eth.o
LOAD /home/caleb/Desktop/Nucleo_blink/lib/mbed/TARGET_NUCLEO_F446RE/TOOLCHAIN_GCC_ARM/stm32f4xx_hal_flash.o
LOAD /home/caleb/Desktop/Nucleo_blink/lib/mbed/TARGET_NUCLEO_F446RE/TOOLCHAIN_GCC_ARM/stm32f4xx_hal_flash_ex.o
LOAD /home/caleb/Desktop/Nucleo_blink/lib/mbed/TARGET_NUCLEO_F446RE/TOOLCHAIN_GCC_ARM/stm32f4xx_hal_fmpi2c_ex.o
LOAD /home/caleb/Desktop/Nucleo_blink/lib/mbed/TARGET_NUCLEO_F446RE/TOOLCHAIN_GCC_ARM/stm32f4xx_hal_fmpi2c.o
LOAD /home/caleb/Desktop/Nucleo_blink/lib/mbed/TARGET_NUCLEO_F446RE/TOOLCHAIN_GCC_ARM/stm32f4xx_hal_msp_template.o
LOAD /home/caleb/Desktop/Nucleo_blink/lib/mbed/TARGET_NUCLEO_F446RE/TOOLCHAIN_GCC_ARM/stm32f4xx_hal_gpio.o
LOAD /home/caleb/Desktop/Nucleo_blink/lib/mbed/TARGET_NUCLEO_F446RE/TOOLCHAIN_GCC_ARM/stm32f4xx_hal_hash.o
LOAD /home/caleb/Desktop/Nucleo_blink/lib/mbed/TARGET_NUCLEO_F446RE/TOOLCHAIN_GCC_ARM/stm32f4xx_hal_hash_ex.o
LOAD /home/caleb/Desktop/Nucleo_blink/lib/mbed/TARGET_NUCLEO_F446RE/TOOLCHAIN_GCC_ARM/stm32f4xx_hal_hcd.o
LOAD /home/caleb/Desktop/Nucleo_blink/lib/mbed/TARGET_NUCLEO_F446RE/TOOLCHAIN_GCC_ARM/stm32f4xx_hal_i2c.o
LOAD /home/caleb/Desktop/Nucleo_blink/lib/mbed/TARGET_NUCLEO_F446RE/TOOLCHAIN_GCC_ARM/stm32f4xx_hal_i2c_ex.o
LOAD /home/caleb/Desktop/Nucleo_blink/lib/mbed/TARGET_NUCLEO_F446RE/TOOLCHAIN_GCC_ARM/stm32f4xx_hal_i2s.o
LOAD /home/caleb/Desktop/Nucleo_blink/lib/mbed/TARGET_NUCLEO_F446RE/TOOLCHAIN_GCC_ARM/stm32f4xx_hal_i2s_ex.o
LOAD /home/caleb/Desktop/Nucleo_blink/lib/mbed/TARGET_NUCLEO_F446RE/TOOLCHAIN_GCC_ARM/stm32f4xx_hal_irda.o
LOAD /home/caleb/Desktop/Nucleo_blink/lib/mbed/TARGET_NUCLEO_F446RE/TOOLCHAIN_GCC_ARM/stm32f4xx_hal_iwdg.o
LOAD /home/caleb/Desktop/Nucleo_blink/lib/mbed/TARGET_NUCLEO_F446RE/TOOLCHAIN_GCC_ARM/stm32f4xx_hal_lptim.o
LOAD /home/caleb/Desktop/Nucleo_blink/lib/mbed/TARGET_NUCLEO_F446RE/TOOLCHAIN_GCC_ARM/stm32f4xx_hal_ltdc.o
LOAD /home/caleb/Desktop/Nucleo_blink/lib/mbed/TARGET_NUCLEO_F446RE/TOOLCHAIN_GCC_ARM/stm32f4xx_hal_ltdc_ex.o
LOAD /home/caleb/Desktop/Nucleo_blink/lib/mbed/TARGET_NUCLEO_F446RE/TOOLCHAIN_GCC_ARM/stm32f4xx_hal_smartcard.o
LOAD /home/caleb/Desktop/Nucleo_blink/lib/mbed/TARGET_NUCLEO_F446RE/TOOLCHAIN_GCC_ARM/stm32f4xx_hal_nand.o
LOAD /home/caleb/Desktop/Nucleo_blink/lib/mbed/TARGET_NUCLEO_F446RE/TOOLCHAIN_GCC_ARM/stm32f4xx_hal_nor.o
LOAD /home/caleb/Desktop/Nucleo_blink/lib/mbed/TARGET_NUCLEO_F446RE/TOOLCHAIN_GCC_ARM/stm32f4xx_hal_pccard.o
LOAD /home/caleb/Desktop/Nucleo_blink/lib/mbed/TARGET_NUCLEO_F446RE/TOOLCHAIN_GCC_ARM/stm32f4xx_hal_pcd.o
LOAD /home/caleb/Desktop/Nucleo_blink/lib/mbed/TARGET_NUCLEO_F446RE/TOOLCHAIN_GCC_ARM/stm32f4xx_hal_pcd_ex.o
LOAD /home/caleb/Desktop/Nucleo_blink/lib/mbed/TARGET_NUCLEO_F446RE/TOOLCHAIN_GCC_ARM/stm32f4xx_hal_pwr.o
LOAD /home/caleb/Desktop/Nucleo_blink/lib/mbed/TARGET_NUCLEO_F446RE/TOOLCHAIN_GCC_ARM/stm32f4xx_hal_pwr_ex.o
LOAD /home/caleb/Desktop/Nucleo_blink/lib/mbed/TARGET_NUCLEO_F446RE/TOOLCHAIN_GCC_ARM/stm32f4xx_hal_qspi.o
LOAD /home/caleb/Desktop/Nucleo_blink/lib/mbed/TARGET_NUCLEO_F446RE/TOOLCHAIN_GCC_ARM/stm32f4xx_hal_rcc.o
LOAD /home/caleb/Desktop/Nucleo_blink/lib/mbed/TARGET_NUCLEO_F446RE/TOOLCHAIN_GCC_ARM/stm32f4xx_hal_rcc_ex.o
LOAD /home/caleb/Desktop/Nucleo_blink/lib/mbed/TARGET_NUCLEO_F446RE/TOOLCHAIN_GCC_ARM/stm32f4xx_hal_rng.o
LOAD /home/caleb/Desktop/Nucleo_blink/lib/mbed/TARGET_NUCLEO_F446RE/TOOLCHAIN_GCC_ARM/stm32f4xx_hal_rtc.o
LOAD /home/caleb/Desktop/Nucleo_blink/lib/mbed/TARGET_NUCLEO_F446RE/TOOLCHAIN_GCC_ARM/stm32f4xx_hal_rtc_ex.o
LOAD /home/caleb/Desktop/Nucleo_blink/lib/mbed/TARGET_NUCLEO_F446RE/TOOLCHAIN_GCC_ARM/stm32f4xx_hal_sai.o
LOAD /home/caleb/Desktop/Nucleo_blink/lib/mbed/TARGET_NUCLEO_F446RE/TOOLCHAIN_GCC_ARM/stm32f4xx_hal_sai_ex.o
LOAD /home/caleb/Desktop/Nucleo_blink/lib/mbed/TARGET_NUCLEO_F446RE/TOOLCHAIN_GCC_ARM/stm32f4xx_hal_sd.o
LOAD /home/caleb/Desktop/Nucleo_blink/lib/mbed/TARGET_NUCLEO_F446RE/TOOLCHAIN_GCC_ARM/stm32f4xx_hal_sdram.o
LOAD /home/caleb/Desktop/Nucleo_blink/lib/mbed/TARGET_NUCLEO_F446RE/TOOLCHAIN_GCC_ARM/stm32f4xx_hal_spdifrx.o
LOAD /home/caleb/Desktop/Nucleo_blink/lib/mbed/TARGET_NUCLEO_F446RE/TOOLCHAIN_GCC_ARM/stm32f4xx_hal_spi.o
LOAD /home/caleb/Desktop/Nucleo_blink/lib/mbed/TARGET_NUCLEO_F446RE/TOOLCHAIN_GCC_ARM/stm32f4xx_hal_sram.o
LOAD /home/caleb/Desktop/Nucleo_blink/lib/mbed/TARGET_NUCLEO_F446RE/TOOLCHAIN_GCC_ARM/stm32f4xx_hal_tim.o
LOAD /home/caleb/Desktop/Nucleo_blink/lib/mbed/TARGET_NUCLEO_F446RE/TOOLCHAIN_GCC_ARM/stm32f4xx_hal_tim_ex.o
LOAD /home/caleb/Desktop/Nucleo_blink/lib/mbed/TARGET_NUCLEO_F446RE/TOOLCHAIN_GCC_ARM/stm32f4xx_hal_uart.o
LOAD /home/caleb/Desktop/Nucleo_blink/lib/mbed/TARGET_NUCLEO_F446RE/TOOLCHAIN_GCC_ARM/stm32f4xx_hal_usart.o
LOAD /home/caleb/Desktop/Nucleo_blink/lib/mbed/TARGET_NUCLEO_F446RE/TOOLCHAIN_GCC_ARM/stm32f4xx_hal_wwdg.o
LOAD /home/caleb/Desktop/Nucleo_blink/lib/mbed/TARGET_NUCLEO_F446RE/TOOLCHAIN_GCC_ARM/stm32f4xx_ll_fmc.o
LOAD /home/caleb/Desktop/Nucleo_blink/lib/mbed/TARGET_NUCLEO_F446RE/TOOLCHAIN_GCC_ARM/stm32f4xx_ll_fsmc.o
LOAD /home/caleb/Desktop/Nucleo_blink/lib/mbed/TARGET_NUCLEO_F446RE/TOOLCHAIN_GCC_ARM/stm32f4xx_ll_sdmmc.o
LOAD /home/caleb/Desktop/Nucleo_blink/lib/mbed/TARGET_NUCLEO_F446RE/TOOLCHAIN_GCC_ARM/stm32f4xx_ll_usb.o
LOAD /home/caleb/Desktop/Nucleo_blink/lib/mbed/TARGET_NUCLEO_F446RE/TOOLCHAIN_GCC_ARM/system_stm32f4xx.o
LOAD /home/caleb/Desktop/Nucleo_blink/lib/mbed/TARGET_NUCLEO_F446RE/TOOLCHAIN_GCC_ARM/libmbed.a
LOAD /usr/lib/gcc/arm-none-eabi/5.3.0/../../../../arm-none-eabi/lib/armv7e-m/fpu/libstdc++_nano.a
LOAD /usr/lib/gcc/arm-none-eabi/5.3.0/../../../../arm-none-eabi/lib/armv7e-m/fpu/libsupc++_nano.a
LOAD /usr/lib/gcc/arm-none-eabi/5.3.0/../../../../arm-none-eabi/lib/armv7e-m/fpu/libm.a
LOAD /usr/lib/gcc/arm-none-eabi/5.3.0/../../../../arm-none-eabi/lib/armv7e-m/fpu/libc_nano.a
LOAD /usr/lib/gcc/arm-none-eabi/5.3.0/armv7e-m/fpu/libgcc.a
LOAD /usr/lib/gcc/arm-none-eabi/5.3.0/../../../../arm-none-eabi/lib/armv7e-m/fpu/libnosys.a
LOAD /home/caleb/Desktop/Nucleo_blink/lib/mbed/TARGET_NUCLEO_F446RE/TOOLCHAIN_GCC_ARM/libmbed.a
LOAD /usr/lib/gcc/arm-none-eabi/5.3.0/../../../../arm-none-eabi/lib/armv7e-m/fpu/libstdc++_nano.a
LOAD /usr/lib/gcc/arm-none-eabi/5.3.0/../../../../arm-none-eabi/lib/armv7e-m/fpu/libsupc++_nano.a
LOAD /usr/lib/gcc/arm-none-eabi/5.3.0/../../../../arm-none-eabi/lib/armv7e-m/fpu/libm.a
LOAD /usr/lib/gcc/arm-none-eabi/5.3.0/../../../../arm-none-eabi/lib/armv7e-m/fpu/libc_nano.a
LOAD /usr/lib/gcc/arm-none-eabi/5.3.0/armv7e-m/fpu/libgcc.a
LOAD /usr/lib/gcc/arm-none-eabi/5.3.0/../../../../arm-none-eabi/lib/armv7e-m/fpu/libnosys.a
START GROUP
LOAD /usr/lib/gcc/arm-none-eabi/5.3.0/armv7e-m/fpu/libgcc.a
LOAD /usr/lib/gcc/arm-none-eabi/5.3.0/../../../../arm-none-eabi/lib/armv7e-m/fpu/libc_nano.a
END GROUP
START GROUP
LOAD /usr/lib/gcc/arm-none-eabi/5.3.0/armv7e-m/fpu/libgcc.a
LOAD /usr/lib/gcc/arm-none-eabi/5.3.0/../../../../arm-none-eabi/lib/armv7e-m/fpu/libc_nano.a
END GROUP
LOAD /usr/lib/gcc/arm-none-eabi/5.3.0/armv7e-m/fpu/crtend.o
LOAD /usr/lib/gcc/arm-none-eabi/5.3.0/armv7e-m/fpu/crtn.o

.text           0x0000000008000000     0x7b58
 *(.isr_vector)
 .isr_vector    0x0000000008000000      0x1c4 /home/caleb/Desktop/Nucleo_blink/lib/mbed/TARGET_NUCLEO_F446RE/TOOLCHAIN_GCC_ARM/startup_stm32f446xx.o
                0x0000000008000000                g_pfnVectors
 *(.text*)
 .text.__do_global_dtors_aux
                0x00000000080001c4       0x28 /usr/lib/gcc/arm-none-eabi/5.3.0/armv7e-m/fpu/crtbegin.o
 .text.frame_dummy
                0x00000000080001ec       0x34 /usr/lib/gcc/arm-none-eabi/5.3.0/armv7e-m/fpu/crtbegin.o
 .text          0x0000000008000220       0x68 /usr/lib/gcc/arm-none-eabi/5.3.0/../../../../arm-none-eabi/lib/armv7e-m/fpu/crt0.o
                0x0000000008000220                _mainCRTStartup
                0x0000000008000220                _start
 .text          0x0000000008000288       0x20 main.o
                0x0000000008000288                main
 .text.mbed_die
                0x00000000080002a8       0x5c /home/caleb/Desktop/Nucleo_blink/lib/mbed/TARGET_NUCLEO_F446RE/TOOLCHAIN_GCC_ARM/board.o
                0x00000000080002a8                mbed_die
 .text.NVIC_SetVector
                0x0000000008000304       0x48 /home/caleb/Desktop/Nucleo_blink/lib/mbed/TARGET_NUCLEO_F446RE/TOOLCHAIN_GCC_ARM/cmsis_nvic.o
                0x0000000008000304                NVIC_SetVector
 .text.timer_irq_handler
                0x000000000800034c       0x48 /home/caleb/Desktop/Nucleo_blink/lib/mbed/TARGET_NUCLEO_F446RE/TOOLCHAIN_GCC_ARM/hal_tick.o
                0x000000000800034c                timer_irq_handler
 .text.HAL_InitTick
                0x0000000008000394       0xc8 /home/caleb/Desktop/Nucleo_blink/lib/mbed/TARGET_NUCLEO_F446RE/TOOLCHAIN_GCC_ARM/hal_tick.o
                0x0000000008000394                HAL_InitTick
 .text.mbed_sdk_init
                0x000000000800045c       0x10 /home/caleb/Desktop/Nucleo_blink/lib/mbed/TARGET_NUCLEO_F446RE/TOOLCHAIN_GCC_ARM/mbed_overrides.o
                0x000000000800045c                mbed_sdk_init
 .text._ZL11init_serialv.part.0
                0x000000000800046c       0x10 /home/caleb/Desktop/Nucleo_blink/lib/mbed/TARGET_NUCLEO_F446RE/TOOLCHAIN_GCC_ARM/retarget.o
 .text._close   0x000000000800047c       0x28 /home/caleb/Desktop/Nucleo_blink/lib/mbed/TARGET_NUCLEO_F446RE/TOOLCHAIN_GCC_ARM/retarget.o
                0x000000000800047c                _close
 .text._write   0x00000000080004a4       0x4c /home/caleb/Desktop/Nucleo_blink/lib/mbed/TARGET_NUCLEO_F446RE/TOOLCHAIN_GCC_ARM/retarget.o
                0x00000000080004a4                _write
 .text._read    0x00000000080004f0       0x44 /home/caleb/Desktop/Nucleo_blink/lib/mbed/TARGET_NUCLEO_F446RE/TOOLCHAIN_GCC_ARM/retarget.o
                0x00000000080004f0                _read
 .text._isatty  0x0000000008000534       0x24 /home/caleb/Desktop/Nucleo_blink/lib/mbed/TARGET_NUCLEO_F446RE/TOOLCHAIN_GCC_ARM/retarget.o
                0x0000000008000534                _isatty
 .text._lseek   0x0000000008000558       0x24 /home/caleb/Desktop/Nucleo_blink/lib/mbed/TARGET_NUCLEO_F446RE/TOOLCHAIN_GCC_ARM/retarget.o
                0x0000000008000558                _lseek
 .text._fstat   0x000000000800057c       0x20 /home/caleb/Desktop/Nucleo_blink/lib/mbed/TARGET_NUCLEO_F446RE/TOOLCHAIN_GCC_ARM/retarget.o
                0x000000000800057c                _fstat
 .text.mbed_main
                0x000000000800059c        0x4 /home/caleb/Desktop/Nucleo_blink/lib/mbed/TARGET_NUCLEO_F446RE/TOOLCHAIN_GCC_ARM/retarget.o
                0x000000000800059c                mbed_main
 .text.__wrap_main
                0x00000000080005a0       0x14 /home/caleb/Desktop/Nucleo_blink/lib/mbed/TARGET_NUCLEO_F446RE/TOOLCHAIN_GCC_ARM/retarget.o
                0x00000000080005a0                __wrap_main
 .text._sbrk    0x00000000080005b4       0x28 /home/caleb/Desktop/Nucleo_blink/lib/mbed/TARGET_NUCLEO_F446RE/TOOLCHAIN_GCC_ARM/retarget.o
                0x00000000080005b4                _sbrk
 .text._exit    0x00000000080005dc       0x24 /home/caleb/Desktop/Nucleo_blink/lib/mbed/TARGET_NUCLEO_F446RE/TOOLCHAIN_GCC_ARM/retarget.o
                0x00000000080005dc                _exit
 .text.Reset_Handler
                0x0000000008000600       0x4c /home/caleb/Desktop/Nucleo_blink/lib/mbed/TARGET_NUCLEO_F446RE/TOOLCHAIN_GCC_ARM/startup_stm32f446xx.o
                0x0000000008000600                Reset_Handler
 .text.Default_Handler
                0x000000000800064c        0x2 /home/caleb/Desktop/Nucleo_blink/lib/mbed/TARGET_NUCLEO_F446RE/TOOLCHAIN_GCC_ARM/startup_stm32f446xx.o
                0x000000000800064c                RTC_Alarm_IRQHandler
                0x000000000800064c                EXTI2_IRQHandler
                0x000000000800064c                TIM8_CC_IRQHandler
                0x000000000800064c                DebugMon_Handler
                0x000000000800064c                SPI4_IRQHandler
                0x000000000800064c                TIM1_CC_IRQHandler
                0x000000000800064c                QuadSPI_IRQHandler
                0x000000000800064c                DMA2_Stream5_IRQHandler
                0x000000000800064c                HardFault_Handler
                0x000000000800064c                DMA1_Stream5_IRQHandler
                0x000000000800064c                SysTick_Handler
                0x000000000800064c                PVD_IRQHandler
                0x000000000800064c                SDIO_IRQHandler
                0x000000000800064c                TAMP_STAMP_IRQHandler
                0x000000000800064c                PendSV_Handler
                0x000000000800064c                NMI_Handler
                0x000000000800064c                CAN2_RX1_IRQHandler
                0x000000000800064c                EXTI3_IRQHandler
                0x000000000800064c                TIM8_TRG_COM_TIM14_IRQHandler
                0x000000000800064c                TIM1_UP_TIM10_IRQHandler
                0x000000000800064c                TIM8_UP_TIM13_IRQHandler
                0x000000000800064c                I2C3_ER_IRQHandler
                0x000000000800064c                FMPI2C1_Event_IRQHandler
                0x000000000800064c                EXTI0_IRQHandler
                0x000000000800064c                I2C2_EV_IRQHandler
                0x000000000800064c                DMA1_Stream2_IRQHandler
                0x000000000800064c                CAN1_RX0_IRQHandler
                0x000000000800064c                FPU_IRQHandler
                0x000000000800064c                OTG_HS_WKUP_IRQHandler
                0x000000000800064c                UsageFault_Handler
                0x000000000800064c                CAN2_SCE_IRQHandler
                0x000000000800064c                DMA2_Stream2_IRQHandler
                0x000000000800064c                SPI1_IRQHandler
                0x000000000800064c                TIM6_DAC_IRQHandler
                0x000000000800064c                TIM1_BRK_TIM9_IRQHandler
                0x000000000800064c                DCMI_IRQHandler
                0x000000000800064c                CAN2_RX0_IRQHandler
                0x000000000800064c                DMA2_Stream3_IRQHandler
                0x000000000800064c                SAI2_IRQHandler
                0x000000000800064c                USART6_IRQHandler
                0x000000000800064c                USART3_IRQHandler
                0x000000000800064c                CAN1_RX1_IRQHandler
                0x000000000800064c                UART5_IRQHandler
                0x000000000800064c                DMA2_Stream0_IRQHandler
                0x000000000800064c                TIM4_IRQHandler
                0x000000000800064c                I2C1_EV_IRQHandler
                0x000000000800064c                DMA1_Stream6_IRQHandler
                0x000000000800064c                DMA1_Stream1_IRQHandler
                0x000000000800064c                UART4_IRQHandler
                0x000000000800064c                TIM3_IRQHandler
                0x000000000800064c                RCC_IRQHandler
                0x000000000800064c                TIM8_BRK_TIM12_IRQHandler
                0x000000000800064c                Default_Handler
                0x000000000800064c                CEC_IRQHandler
                0x000000000800064c                EXTI15_10_IRQHandler
                0x000000000800064c                ADC_IRQHandler
                0x000000000800064c                DMA1_Stream7_IRQHandler
                0x000000000800064c                TIM7_IRQHandler
                0x000000000800064c                CAN2_TX_IRQHandler
                0x000000000800064c                TIM5_IRQHandler
                0x000000000800064c                DMA2_Stream7_IRQHandler
                0x000000000800064c                I2C3_EV_IRQHandler
                0x000000000800064c                EXTI9_5_IRQHandler
                0x000000000800064c                RTC_WKUP_IRQHandler
                0x000000000800064c                SPDIF_RX_IRQHandler
                0x000000000800064c                SPI2_IRQHandler
                0x000000000800064c                OTG_HS_EP1_IN_IRQHandler
                0x000000000800064c                MemManage_Handler
                0x000000000800064c                DMA1_Stream0_IRQHandler
                0x000000000800064c                CAN1_TX_IRQHandler
                0x000000000800064c                SVC_Handler
                0x000000000800064c                EXTI4_IRQHandler
                0x000000000800064c                OTG_HS_EP1_OUT_IRQHandler
                0x000000000800064c                WWDG_IRQHandler
                0x000000000800064c                TIM2_IRQHandler
                0x000000000800064c                OTG_FS_WKUP_IRQHandler
                0x000000000800064c                TIM1_TRG_COM_TIM11_IRQHandler
                0x000000000800064c                OTG_HS_IRQHandler
                0x000000000800064c                EXTI1_IRQHandler
                0x000000000800064c                USART2_IRQHandler
                0x000000000800064c                I2C2_ER_IRQHandler
                0x000000000800064c                DMA2_Stream1_IRQHandler
                0x000000000800064c                CAN1_SCE_IRQHandler
                0x000000000800064c                FLASH_IRQHandler
                0x000000000800064c                DMA2_Stream4_IRQHandler
                0x000000000800064c                BusFault_Handler
                0x000000000800064c                USART1_IRQHandler
                0x000000000800064c                OTG_FS_IRQHandler
                0x000000000800064c                SPI3_IRQHandler
                0x000000000800064c                DMA1_Stream4_IRQHandler
                0x000000000800064c                I2C1_ER_IRQHandler
                0x000000000800064c                FMC_IRQHandler
                0x000000000800064c                DMA2_Stream6_IRQHandler
                0x000000000800064c                SAI1_IRQHandler
                0x000000000800064c                DMA1_Stream3_IRQHandler
                0x000000000800064c                FMPI2C1_Error_IRQHandler
 *fill*         0x000000000800064e        0x2 
 .text.HAL_Init
                0x0000000008000650       0x34 /home/caleb/Desktop/Nucleo_blink/lib/mbed/TARGET_NUCLEO_F446RE/TOOLCHAIN_GCC_ARM/stm32f4xx_hal.o
                0x0000000008000650                HAL_Init
 .text.HAL_IncTick
                0x0000000008000684       0x10 /home/caleb/Desktop/Nucleo_blink/lib/mbed/TARGET_NUCLEO_F446RE/TOOLCHAIN_GCC_ARM/stm32f4xx_hal.o
                0x0000000008000684                HAL_IncTick
 .text.HAL_GetTick
                0x0000000008000694        0xc /home/caleb/Desktop/Nucleo_blink/lib/mbed/TARGET_NUCLEO_F446RE/TOOLCHAIN_GCC_ARM/stm32f4xx_hal.o
                0x0000000008000694                HAL_GetTick
 .text.HAL_NVIC_SetPriorityGrouping
                0x00000000080006a0       0x24 /home/caleb/Desktop/Nucleo_blink/lib/mbed/TARGET_NUCLEO_F446RE/TOOLCHAIN_GCC_ARM/stm32f4xx_hal_cortex.o
                0x00000000080006a0                HAL_NVIC_SetPriorityGrouping
 .text.HAL_MspInit
                0x00000000080006c4        0x4 /home/caleb/Desktop/Nucleo_blink/lib/mbed/TARGET_NUCLEO_F446RE/TOOLCHAIN_GCC_ARM/stm32f4xx_hal_msp_template.o
                0x00000000080006c4                HAL_MspInit
 .text.HAL_GPIO_Init
                0x00000000080006c8      0x22c /home/caleb/Desktop/Nucleo_blink/lib/mbed/TARGET_NUCLEO_F446RE/TOOLCHAIN_GCC_ARM/stm32f4xx_hal_gpio.o
                0x00000000080006c8                HAL_GPIO_Init
 .text.HAL_PWREx_EnableOverDrive
                0x00000000080008f4       0x98 /home/caleb/Desktop/Nucleo_blink/lib/mbed/TARGET_NUCLEO_F446RE/TOOLCHAIN_GCC_ARM/stm32f4xx_hal_pwr_ex.o
                0x00000000080008f4                HAL_PWREx_EnableOverDrive
 .text.HAL_RCC_ClockConfig
                0x000000000800098c      0x1fc /home/caleb/Desktop/Nucleo_blink/lib/mbed/TARGET_NUCLEO_F446RE/TOOLCHAIN_GCC_ARM/stm32f4xx_hal_rcc.o
                0x000000000800098c                HAL_RCC_ClockConfig
 .text.HAL_RCC_MCOConfig
                0x0000000008000b88       0xa0 /home/caleb/Desktop/Nucleo_blink/lib/mbed/TARGET_NUCLEO_F446RE/TOOLCHAIN_GCC_ARM/stm32f4xx_hal_rcc.o
                0x0000000008000b88                HAL_RCC_MCOConfig
 .text.HAL_RCC_GetHCLKFreq
                0x0000000008000c28       0x34 /home/caleb/Desktop/Nucleo_blink/lib/mbed/TARGET_NUCLEO_F446RE/TOOLCHAIN_GCC_ARM/stm32f4xx_hal_rcc.o
                0x0000000008000c28                HAL_RCC_GetHCLKFreq
 .text.HAL_RCC_GetPCLK1Freq
                0x0000000008000c5c       0x2c /home/caleb/Desktop/Nucleo_blink/lib/mbed/TARGET_NUCLEO_F446RE/TOOLCHAIN_GCC_ARM/stm32f4xx_hal_rcc.o
                0x0000000008000c5c                HAL_RCC_GetPCLK1Freq
 .text.HAL_RCC_GetPCLK2Freq
                0x0000000008000c88       0x2c /home/caleb/Desktop/Nucleo_blink/lib/mbed/TARGET_NUCLEO_F446RE/TOOLCHAIN_GCC_ARM/stm32f4xx_hal_rcc.o
                0x0000000008000c88                HAL_RCC_GetPCLK2Freq
 .text.HAL_RCC_GetClockConfig
                0x0000000008000cb4       0x44 /home/caleb/Desktop/Nucleo_blink/lib/mbed/TARGET_NUCLEO_F446RE/TOOLCHAIN_GCC_ARM/stm32f4xx_hal_rcc.o
                0x0000000008000cb4                HAL_RCC_GetClockConfig
 .text.HAL_RCCEx_PeriphCLKConfig
                0x0000000008000cf8      0x5e8 /home/caleb/Desktop/Nucleo_blink/lib/mbed/TARGET_NUCLEO_F446RE/TOOLCHAIN_GCC_ARM/stm32f4xx_hal_rcc_ex.o
                0x0000000008000cf8                HAL_RCCEx_PeriphCLKConfig
 .text.HAL_RCC_OscConfig
                0x00000000080012e0      0x3a8 /home/caleb/Desktop/Nucleo_blink/lib/mbed/TARGET_NUCLEO_F446RE/TOOLCHAIN_GCC_ARM/stm32f4xx_hal_rcc_ex.o
                0x00000000080012e0                HAL_RCC_OscConfig
 .text.HAL_RCC_GetSysClockFreq
                0x0000000008001688       0xe0 /home/caleb/Desktop/Nucleo_blink/lib/mbed/TARGET_NUCLEO_F446RE/TOOLCHAIN_GCC_ARM/stm32f4xx_hal_rcc_ex.o
                0x0000000008001688                HAL_RCC_GetSysClockFreq
 .text.HAL_TIM_OC_MspInit
                0x0000000008001768        0x4 /home/caleb/Desktop/Nucleo_blink/lib/mbed/TARGET_NUCLEO_F446RE/TOOLCHAIN_GCC_ARM/stm32f4xx_hal_tim.o
                0x0000000008001768                HAL_TIM_OC_MspInit
 .text.HAL_TIM_OC_Start
                0x000000000800176c       0x44 /home/caleb/Desktop/Nucleo_blink/lib/mbed/TARGET_NUCLEO_F446RE/TOOLCHAIN_GCC_ARM/stm32f4xx_hal_tim.o
                0x000000000800176c                HAL_TIM_OC_Start
 .text.TIM_Base_SetConfig
                0x00000000080017b0       0xe4 /home/caleb/Desktop/Nucleo_blink/lib/mbed/TARGET_NUCLEO_F446RE/TOOLCHAIN_GCC_ARM/stm32f4xx_hal_tim.o
                0x00000000080017b0                TIM_Base_SetConfig
 .text.HAL_TIM_OC_Init
                0x0000000008001894       0x38 /home/caleb/Desktop/Nucleo_blink/lib/mbed/TARGET_NUCLEO_F446RE/TOOLCHAIN_GCC_ARM/stm32f4xx_hal_tim.o
                0x0000000008001894                HAL_TIM_OC_Init
 .text.UART_SetConfig
                0x00000000080018cc      0x194 /home/caleb/Desktop/Nucleo_blink/lib/mbed/TARGET_NUCLEO_F446RE/TOOLCHAIN_GCC_ARM/stm32f4xx_hal_uart.o
 .text.HAL_UART_MspInit
                0x0000000008001a60        0x4 /home/caleb/Desktop/Nucleo_blink/lib/mbed/TARGET_NUCLEO_F446RE/TOOLCHAIN_GCC_ARM/stm32f4xx_hal_uart.o
                0x0000000008001a60                HAL_UART_MspInit
 .text.HAL_UART_Init
                0x0000000008001a64       0x5c /home/caleb/Desktop/Nucleo_blink/lib/mbed/TARGET_NUCLEO_F446RE/TOOLCHAIN_GCC_ARM/stm32f4xx_hal_uart.o
                0x0000000008001a64                HAL_UART_Init
 .text.SystemCoreClockUpdate
                0x0000000008001ac0       0x78 /home/caleb/Desktop/Nucleo_blink/lib/mbed/TARGET_NUCLEO_F446RE/TOOLCHAIN_GCC_ARM/system_stm32f4xx.o
                0x0000000008001ac0                SystemCoreClockUpdate
 .text.SetSysClock_PLL_HSE
                0x0000000008001b38       0xd4 /home/caleb/Desktop/Nucleo_blink/lib/mbed/TARGET_NUCLEO_F446RE/TOOLCHAIN_GCC_ARM/system_stm32f4xx.o
                0x0000000008001b38                SetSysClock_PLL_HSE
 .text.SetSysClock_PLL_HSI
                0x0000000008001c0c       0x9c /home/caleb/Desktop/Nucleo_blink/lib/mbed/TARGET_NUCLEO_F446RE/TOOLCHAIN_GCC_ARM/system_stm32f4xx.o
                0x0000000008001c0c                SetSysClock_PLL_HSI
 .text.SetSysClock
                0x0000000008001ca8       0x24 /home/caleb/Desktop/Nucleo_blink/lib/mbed/TARGET_NUCLEO_F446RE/TOOLCHAIN_GCC_ARM/system_stm32f4xx.o
                0x0000000008001ca8                SetSysClock
 .text.SystemInit
                0x0000000008001ccc       0x74 /home/caleb/Desktop/Nucleo_blink/lib/mbed/TARGET_NUCLEO_F446RE/TOOLCHAIN_GCC_ARM/system_stm32f4xx.o
                0x0000000008001ccc                SystemInit
 .text.serial_init
                0x0000000008001d40      0x1ec /home/caleb/Desktop/Nucleo_blink/lib/mbed/TARGET_NUCLEO_F446RE/TOOLCHAIN_GCC_ARM/libmbed.a(serial_api.o)
                0x0000000008001d40                serial_init
 .text.serial_getc
                0x0000000008001f2c       0x1c /home/caleb/Desktop/Nucleo_blink/lib/mbed/TARGET_NUCLEO_F446RE/TOOLCHAIN_GCC_ARM/libmbed.a(serial_api.o)
                0x0000000008001f2c                serial_getc
 .text.serial_putc
                0x0000000008001f48       0x1c /home/caleb/Desktop/Nucleo_blink/lib/mbed/TARGET_NUCLEO_F446RE/TOOLCHAIN_GCC_ARM/libmbed.a(serial_api.o)
                0x0000000008001f48                serial_putc
 .text.mbed_assert_internal
                0x0000000008001f64       0x18 /home/caleb/Desktop/Nucleo_blink/lib/mbed/TARGET_NUCLEO_F446RE/TOOLCHAIN_GCC_ARM/libmbed.a(assert.o)
                0x0000000008001f64                mbed_assert_internal
 .text.error    0x0000000008001f7c       0x24 /home/caleb/Desktop/Nucleo_blink/lib/mbed/TARGET_NUCLEO_F446RE/TOOLCHAIN_GCC_ARM/libmbed.a(error.o)
                0x0000000008001f7c                error
 .text.gpio_init_out
                0x0000000008001fa0       0x48 /home/caleb/Desktop/Nucleo_blink/lib/mbed/TARGET_NUCLEO_F446RE/TOOLCHAIN_GCC_ARM/libmbed.a(gpio.o)
                0x0000000008001fa0                gpio_init_out
 .text.pinmap_pinout
                0x0000000008001fe8       0x44 /home/caleb/Desktop/Nucleo_blink/lib/mbed/TARGET_NUCLEO_F446RE/TOOLCHAIN_GCC_ARM/libmbed.a(pinmap_common.o)
                0x0000000008001fe8                pinmap_pinout
 .text.pinmap_merge
                0x000000000800202c       0x24 /home/caleb/Desktop/Nucleo_blink/lib/mbed/TARGET_NUCLEO_F446RE/TOOLCHAIN_GCC_ARM/libmbed.a(pinmap_common.o)
                0x000000000800202c                pinmap_merge
 .text.pinmap_peripheral
                0x0000000008002050       0x38 /home/caleb/Desktop/Nucleo_blink/lib/mbed/TARGET_NUCLEO_F446RE/TOOLCHAIN_GCC_ARM/libmbed.a(pinmap_common.o)
                0x0000000008002050                pinmap_peripheral
 .text.us_ticker_irq_handler
                0x0000000008002088        0xc /home/caleb/Desktop/Nucleo_blink/lib/mbed/TARGET_NUCLEO_F446RE/TOOLCHAIN_GCC_ARM/libmbed.a(us_ticker_api.o)
                0x0000000008002088                us_ticker_irq_handler
 .text.wait_us  0x0000000008002094       0x18 /home/caleb/Desktop/Nucleo_blink/lib/mbed/TARGET_NUCLEO_F446RE/TOOLCHAIN_GCC_ARM/libmbed.a(wait_api.o)
                0x0000000008002094                wait_us
 .text.wait_ms  0x00000000080020ac        0xc /home/caleb/Desktop/Nucleo_blink/lib/mbed/TARGET_NUCLEO_F446RE/TOOLCHAIN_GCC_ARM/libmbed.a(wait_api.o)
                0x00000000080020ac                wait_ms
 .text.gpio_set
                0x00000000080020b8       0x30 /home/caleb/Desktop/Nucleo_blink/lib/mbed/TARGET_NUCLEO_F446RE/TOOLCHAIN_GCC_ARM/libmbed.a(gpio_api.o)
                0x00000000080020b8                gpio_set
 .text.gpio_init
                0x00000000080020e8       0x2c /home/caleb/Desktop/Nucleo_blink/lib/mbed/TARGET_NUCLEO_F446RE/TOOLCHAIN_GCC_ARM/libmbed.a(gpio_api.o)
                0x00000000080020e8                gpio_init
 .text.gpio_mode
                0x0000000008002114        0x8 /home/caleb/Desktop/Nucleo_blink/lib/mbed/TARGET_NUCLEO_F446RE/TOOLCHAIN_GCC_ARM/libmbed.a(gpio_api.o)
                0x0000000008002114                gpio_mode
 .text.gpio_dir
                0x000000000800211c       0x40 /home/caleb/Desktop/Nucleo_blink/lib/mbed/TARGET_NUCLEO_F446RE/TOOLCHAIN_GCC_ARM/libmbed.a(gpio_api.o)
                0x000000000800211c                gpio_dir
 .text.Set_GPIO_Clock
                0x000000000800215c      0x12c /home/caleb/Desktop/Nucleo_blink/lib/mbed/TARGET_NUCLEO_F446RE/TOOLCHAIN_GCC_ARM/libmbed.a(pinmap.o)
                0x000000000800215c                Set_GPIO_Clock
 .text.pin_function
                0x0000000008002288       0x5c /home/caleb/Desktop/Nucleo_blink/lib/mbed/TARGET_NUCLEO_F446RE/TOOLCHAIN_GCC_ARM/libmbed.a(pinmap.o)
                0x0000000008002288                pin_function
 .text.pin_mode
                0x00000000080022e4       0x48 /home/caleb/Desktop/Nucleo_blink/lib/mbed/TARGET_NUCLEO_F446RE/TOOLCHAIN_GCC_ARM/libmbed.a(pinmap.o)
                0x00000000080022e4                pin_mode
 .text.us_ticker_init
                0x000000000800232c       0x24 /home/caleb/Desktop/Nucleo_blink/lib/mbed/TARGET_NUCLEO_F446RE/TOOLCHAIN_GCC_ARM/libmbed.a(us_ticker.o)
                0x000000000800232c                us_ticker_init
 .text.us_ticker_read
                0x0000000008002350       0x28 /home/caleb/Desktop/Nucleo_blink/lib/mbed/TARGET_NUCLEO_F446RE/TOOLCHAIN_GCC_ARM/libmbed.a(us_ticker.o)
                0x0000000008002350                us_ticker_read
 .text.us_ticker_set_interrupt
                0x0000000008002378       0x14 /home/caleb/Desktop/Nucleo_blink/lib/mbed/TARGET_NUCLEO_F446RE/TOOLCHAIN_GCC_ARM/libmbed.a(us_ticker.o)
                0x0000000008002378                us_ticker_set_interrupt
 .text.us_ticker_disable_interrupt
                0x000000000800238c       0x14 /home/caleb/Desktop/Nucleo_blink/lib/mbed/TARGET_NUCLEO_F446RE/TOOLCHAIN_GCC_ARM/libmbed.a(us_ticker.o)
                0x000000000800238c                us_ticker_disable_interrupt
 .text.us_ticker_clear_interrupt
                0x00000000080023a0       0x10 /home/caleb/Desktop/Nucleo_blink/lib/mbed/TARGET_NUCLEO_F446RE/TOOLCHAIN_GCC_ARM/libmbed.a(us_ticker.o)
                0x00000000080023a0                us_ticker_clear_interrupt
 .text.ticker_irq_handler
                0x00000000080023b0       0x4c /home/caleb/Desktop/Nucleo_blink/lib/mbed/TARGET_NUCLEO_F446RE/TOOLCHAIN_GCC_ARM/libmbed.a(ticker_api.o)
                0x00000000080023b0                ticker_irq_handler
 .text.atexit   0x00000000080023fc        0xc /usr/lib/gcc/arm-none-eabi/5.3.0/../../../../arm-none-eabi/lib/armv7e-m/fpu/libc_nano.a(lib_a-atexit.o)
                0x00000000080023fc                atexit
 .text.__errno  0x0000000008002408        0xc /usr/lib/gcc/arm-none-eabi/5.3.0/../../../../arm-none-eabi/lib/armv7e-m/fpu/libc_nano.a(lib_a-errno.o)
                0x0000000008002408                __errno
 .text.exit     0x0000000008002414       0x28 /usr/lib/gcc/arm-none-eabi/5.3.0/../../../../arm-none-eabi/lib/armv7e-m/fpu/libc_nano.a(lib_a-exit.o)
                0x0000000008002414                exit
 .text.__sflush_r
                0x000000000800243c      0x110 /usr/lib/gcc/arm-none-eabi/5.3.0/../../../../arm-none-eabi/lib/armv7e-m/fpu/libc_nano.a(lib_a-fflush.o)
                0x000000000800243c                __sflush_r
 .text._fflush_r
                0x000000000800254c       0x54 /usr/lib/gcc/arm-none-eabi/5.3.0/../../../../arm-none-eabi/lib/armv7e-m/fpu/libc_nano.a(lib_a-fflush.o)
                0x000000000800254c                _fflush_r
 .text.fflush   0x00000000080025a0       0x24 /usr/lib/gcc/arm-none-eabi/5.3.0/../../../../arm-none-eabi/lib/armv7e-m/fpu/libc_nano.a(lib_a-fflush.o)
                0x00000000080025a0                fflush
 .text._cleanup_r
                0x00000000080025c4        0xc /usr/lib/gcc/arm-none-eabi/5.3.0/../../../../arm-none-eabi/lib/armv7e-m/fpu/libc_nano.a(lib_a-findfp.o)
                0x00000000080025c4                _cleanup_r
 .text.std.isra.0
                0x00000000080025d0       0x48 /usr/lib/gcc/arm-none-eabi/5.3.0/../../../../arm-none-eabi/lib/armv7e-m/fpu/libc_nano.a(lib_a-findfp.o)
 .text.__sfmoreglue
                0x0000000008002618       0x2c /usr/lib/gcc/arm-none-eabi/5.3.0/../../../../arm-none-eabi/lib/armv7e-m/fpu/libc_nano.a(lib_a-findfp.o)
                0x0000000008002618                __sfmoreglue
 .text.__sinit  0x0000000008002644       0x60 /usr/lib/gcc/arm-none-eabi/5.3.0/../../../../arm-none-eabi/lib/armv7e-m/fpu/libc_nano.a(lib_a-findfp.o)
                0x0000000008002644                __sinit
 .text.__sfp    0x00000000080026a4       0x78 /usr/lib/gcc/arm-none-eabi/5.3.0/../../../../arm-none-eabi/lib/armv7e-m/fpu/libc_nano.a(lib_a-findfp.o)
                0x00000000080026a4                __sfp
 .text.__libc_fini_array
                0x000000000800271c       0x28 /usr/lib/gcc/arm-none-eabi/5.3.0/../../../../arm-none-eabi/lib/armv7e-m/fpu/libc_nano.a(lib_a-fini.o)
                0x000000000800271c                __libc_fini_array
 .text._fwalk_reent
                0x0000000008002744       0x3c /usr/lib/gcc/arm-none-eabi/5.3.0/../../../../arm-none-eabi/lib/armv7e-m/fpu/libc_nano.a(lib_a-fwalk.o)
                0x0000000008002744                _fwalk_reent
 .text.__libc_init_array
                0x0000000008002780       0x4c /usr/lib/gcc/arm-none-eabi/5.3.0/../../../../arm-none-eabi/lib/armv7e-m/fpu/libc_nano.a(lib_a-init.o)
                0x0000000008002780                __libc_init_array
 .text.malloc   0x00000000080027cc       0x10 /usr/lib/gcc/arm-none-eabi/5.3.0/../../../../arm-none-eabi/lib/armv7e-m/fpu/libc_nano.a(lib_a-malloc.o)
                0x00000000080027cc                malloc
 .text.free     0x00000000080027dc       0x10 /usr/lib/gcc/arm-none-eabi/5.3.0/../../../../arm-none-eabi/lib/armv7e-m/fpu/libc_nano.a(lib_a-malloc.o)
                0x00000000080027dc                free
 *fill*         0x00000000080027ec        0x4 
 .text          0x00000000080027f0       0xa0 /usr/lib/gcc/arm-none-eabi/5.3.0/../../../../arm-none-eabi/lib/armv7e-m/fpu/libc_nano.a(lib_a-memchr.o)
                0x00000000080027f0                memchr
 .text.memcpy   0x0000000008002890       0x16 /usr/lib/gcc/arm-none-eabi/5.3.0/../../../../arm-none-eabi/lib/armv7e-m/fpu/libc_nano.a(lib_a-memcpy-stub.o)
                0x0000000008002890                memcpy
 .text.memset   0x00000000080028a6       0x10 /usr/lib/gcc/arm-none-eabi/5.3.0/../../../../arm-none-eabi/lib/armv7e-m/fpu/libc_nano.a(lib_a-memset.o)
                0x00000000080028a6                memset
 *fill*         0x00000000080028b6        0x2 
 .text._free_r  0x00000000080028b8       0x8c /usr/lib/gcc/arm-none-eabi/5.3.0/../../../../arm-none-eabi/lib/armv7e-m/fpu/libc_nano.a(lib_a-nano-freer.o)
                0x00000000080028b8                _free_r
 .text._malloc_r
                0x0000000008002944       0xa8 /usr/lib/gcc/arm-none-eabi/5.3.0/../../../../arm-none-eabi/lib/armv7e-m/fpu/libc_nano.a(lib_a-nano-mallocr.o)
                0x0000000008002944                _malloc_r
 .text.__sfputc_r
                0x00000000080029ec       0x30 /usr/lib/gcc/arm-none-eabi/5.3.0/../../../../arm-none-eabi/lib/armv7e-m/fpu/libc_nano.a(lib_a-nano-vfprintf.o)
 .text.__sfputs_r
                0x0000000008002a1c       0x24 /usr/lib/gcc/arm-none-eabi/5.3.0/../../../../arm-none-eabi/lib/armv7e-m/fpu/libc_nano.a(lib_a-nano-vfprintf.o)
                0x0000000008002a1c                __sfputs_r
 .text._vfprintf_r
                0x0000000008002a40      0x238 /usr/lib/gcc/arm-none-eabi/5.3.0/../../../../arm-none-eabi/lib/armv7e-m/fpu/libc_nano.a(lib_a-nano-vfprintf.o)
                0x0000000008002a40                _vfiprintf_r
                0x0000000008002a40                _vfprintf_r
 .text.vfprintf
                0x0000000008002c78       0x14 /usr/lib/gcc/arm-none-eabi/5.3.0/../../../../arm-none-eabi/lib/armv7e-m/fpu/libc_nano.a(lib_a-nano-vfprintf.o)
                0x0000000008002c78                vfiprintf
                0x0000000008002c78                vfprintf
 .text.__cvt    0x0000000008002c8c       0xc8 /usr/lib/gcc/arm-none-eabi/5.3.0/../../../../arm-none-eabi/lib/armv7e-m/fpu/libc_nano.a(lib_a-nano-vfprintf_float.o)
                0x0000000008002c8c                __cvt
 .text.__exponent
                0x0000000008002d54       0x60 /usr/lib/gcc/arm-none-eabi/5.3.0/../../../../arm-none-eabi/lib/armv7e-m/fpu/libc_nano.a(lib_a-nano-vfprintf_float.o)
                0x0000000008002d54                __exponent
 .text._printf_float
                0x0000000008002db4      0x47c /usr/lib/gcc/arm-none-eabi/5.3.0/../../../../arm-none-eabi/lib/armv7e-m/fpu/libc_nano.a(lib_a-nano-vfprintf_float.o)
                0x0000000008002db4                _printf_float
 .text._printf_common
                0x0000000008003230       0xec /usr/lib/gcc/arm-none-eabi/5.3.0/../../../../arm-none-eabi/lib/armv7e-m/fpu/libc_nano.a(lib_a-nano-vfprintf_i.o)
                0x0000000008003230                _printf_common
 .text._printf_i
                0x000000000800331c      0x24c /usr/lib/gcc/arm-none-eabi/5.3.0/../../../../arm-none-eabi/lib/armv7e-m/fpu/libc_nano.a(lib_a-nano-vfprintf_i.o)
                0x000000000800331c                _printf_i
 .text._scanf_float
                0x0000000008003568      0x3c0 /usr/lib/gcc/arm-none-eabi/5.3.0/../../../../arm-none-eabi/lib/armv7e-m/fpu/libc_nano.a(lib_a-nano-vfscanf_float.o)
                0x0000000008003568                _scanf_float
 .text._sbrk_r  0x0000000008003928       0x20 /usr/lib/gcc/arm-none-eabi/5.3.0/../../../../arm-none-eabi/lib/armv7e-m/fpu/libc_nano.a(lib_a-sbrkr.o)
                0x0000000008003928                _sbrk_r
 .text.nanf     0x0000000008003948        0xc /usr/lib/gcc/arm-none-eabi/5.3.0/../../../../arm-none-eabi/lib/armv7e-m/fpu/libc_nano.a(lib_a-sf_nan.o)
                0x0000000008003948                nanf
 .text.sprintf  0x0000000008003954       0x48 /usr/lib/gcc/arm-none-eabi/5.3.0/../../../../arm-none-eabi/lib/armv7e-m/fpu/libc_nano.a(lib_a-sprintf.o)
                0x0000000008003954                sprintf
                0x0000000008003954                siprintf
 .text.__sread  0x000000000800399c       0x22 /usr/lib/gcc/arm-none-eabi/5.3.0/../../../../arm-none-eabi/lib/armv7e-m/fpu/libc_nano.a(lib_a-stdio.o)
                0x000000000800399c                __sread
 .text.__swrite
                0x00000000080039be       0x38 /usr/lib/gcc/arm-none-eabi/5.3.0/../../../../arm-none-eabi/lib/armv7e-m/fpu/libc_nano.a(lib_a-stdio.o)
                0x00000000080039be                __swrite
 .text.__sseek  0x00000000080039f6       0x24 /usr/lib/gcc/arm-none-eabi/5.3.0/../../../../arm-none-eabi/lib/armv7e-m/fpu/libc_nano.a(lib_a-stdio.o)
                0x00000000080039f6                __sseek
 .text.__sclose
                0x0000000008003a1a        0x8 /usr/lib/gcc/arm-none-eabi/5.3.0/../../../../arm-none-eabi/lib/armv7e-m/fpu/libc_nano.a(lib_a-stdio.o)
                0x0000000008003a1a                __sclose
 .text          0x0000000008003a22       0x10 /usr/lib/gcc/arm-none-eabi/5.3.0/../../../../arm-none-eabi/lib/armv7e-m/fpu/libc_nano.a(lib_a-strlen.o)
                0x0000000008003a22                strlen
 .text.strncmp  0x0000000008003a32       0x2a /usr/lib/gcc/arm-none-eabi/5.3.0/../../../../arm-none-eabi/lib/armv7e-m/fpu/libc_nano.a(lib_a-strncmp.o)
                0x0000000008003a32                strncmp
 .text.sulp     0x0000000008003a5c       0x38 /usr/lib/gcc/arm-none-eabi/5.3.0/../../../../arm-none-eabi/lib/armv7e-m/fpu/libc_nano.a(lib_a-strtod.o)
 *fill*         0x0000000008003a94        0x4 
 .text._strtod_r
                0x0000000008003a98      0xc00 /usr/lib/gcc/arm-none-eabi/5.3.0/../../../../arm-none-eabi/lib/armv7e-m/fpu/libc_nano.a(lib_a-strtod.o)
                0x0000000008003a98                _strtod_r
 .text._strtol_r
                0x0000000008004698      0x10c /usr/lib/gcc/arm-none-eabi/5.3.0/../../../../arm-none-eabi/lib/armv7e-m/fpu/libc_nano.a(lib_a-strtol.o)
                0x0000000008004698                _strtol_r
 .text.__swbuf_r
                0x00000000080047a4       0xa8 /usr/lib/gcc/arm-none-eabi/5.3.0/../../../../arm-none-eabi/lib/armv7e-m/fpu/libc_nano.a(lib_a-wbuf.o)
                0x00000000080047a4                __swbuf_r
 .text._write_r
                0x000000000800484c       0x24 /usr/lib/gcc/arm-none-eabi/5.3.0/../../../../arm-none-eabi/lib/armv7e-m/fpu/libc_nano.a(lib_a-writer.o)
                0x000000000800484c                _write_r
 .text.__swsetup_r
                0x0000000008004870       0xd8 /usr/lib/gcc/arm-none-eabi/5.3.0/../../../../arm-none-eabi/lib/armv7e-m/fpu/libc_nano.a(lib_a-wsetup.o)
                0x0000000008004870                __swsetup_r
 .text.__register_exitproc
                0x0000000008004948       0xc4 /usr/lib/gcc/arm-none-eabi/5.3.0/../../../../arm-none-eabi/lib/armv7e-m/fpu/libc_nano.a(lib_a-__atexit.o)
                0x0000000008004948                __register_exitproc
 .text.__call_exitprocs
                0x0000000008004a0c       0xd4 /usr/lib/gcc/arm-none-eabi/5.3.0/../../../../arm-none-eabi/lib/armv7e-m/fpu/libc_nano.a(lib_a-__call_atexit.o)
                0x0000000008004a0c                __call_exitprocs
 .text._close_r
                0x0000000008004ae0       0x20 /usr/lib/gcc/arm-none-eabi/5.3.0/../../../../arm-none-eabi/lib/armv7e-m/fpu/libc_nano.a(lib_a-closer.o)
                0x0000000008004ae0                _close_r
 .text.quorem   0x0000000008004b00      0x11e /usr/lib/gcc/arm-none-eabi/5.3.0/../../../../arm-none-eabi/lib/armv7e-m/fpu/libc_nano.a(lib_a-dtoa.o)
 *fill*         0x0000000008004c1e        0x2 
 .text._dtoa_r  0x0000000008004c20      0xb40 /usr/lib/gcc/arm-none-eabi/5.3.0/../../../../arm-none-eabi/lib/armv7e-m/fpu/libc_nano.a(lib_a-dtoa.o)
                0x0000000008004c20                _dtoa_r
 .text.rshift   0x0000000008005760       0x6c /usr/lib/gcc/arm-none-eabi/5.3.0/../../../../arm-none-eabi/lib/armv7e-m/fpu/libc_nano.a(lib_a-gdtoa-gethex.o)
 .text.__hexdig_fun
                0x00000000080057cc       0x2a /usr/lib/gcc/arm-none-eabi/5.3.0/../../../../arm-none-eabi/lib/armv7e-m/fpu/libc_nano.a(lib_a-gdtoa-gethex.o)
                0x00000000080057cc                __hexdig_fun
 .text.__gethex
                0x00000000080057f6      0x43e /usr/lib/gcc/arm-none-eabi/5.3.0/../../../../arm-none-eabi/lib/armv7e-m/fpu/libc_nano.a(lib_a-gdtoa-gethex.o)
                0x00000000080057f6                __gethex
 .text.L_shift  0x0000000008005c34       0x24 /usr/lib/gcc/arm-none-eabi/5.3.0/../../../../arm-none-eabi/lib/armv7e-m/fpu/libc_nano.a(lib_a-gdtoa-hexnan.o)
 .text.__match  0x0000000008005c58       0x26 /usr/lib/gcc/arm-none-eabi/5.3.0/../../../../arm-none-eabi/lib/armv7e-m/fpu/libc_nano.a(lib_a-gdtoa-hexnan.o)
                0x0000000008005c58                __match
 .text.__hexnan
                0x0000000008005c7e      0x11c /usr/lib/gcc/arm-none-eabi/5.3.0/../../../../arm-none-eabi/lib/armv7e-m/fpu/libc_nano.a(lib_a-gdtoa-hexnan.o)
                0x0000000008005c7e                __hexnan
 *fill*         0x0000000008005d9a        0x2 
 .text._localeconv_r
                0x0000000008005d9c        0x8 /usr/lib/gcc/arm-none-eabi/5.3.0/../../../../arm-none-eabi/lib/armv7e-m/fpu/libc_nano.a(lib_a-locale.o)
                0x0000000008005d9c                _localeconv_r
 .text._lseek_r
                0x0000000008005da4       0x24 /usr/lib/gcc/arm-none-eabi/5.3.0/../../../../arm-none-eabi/lib/armv7e-m/fpu/libc_nano.a(lib_a-lseekr.o)
                0x0000000008005da4                _lseek_r
 .text.__swhatbuf_r
                0x0000000008005dc8       0x46 /usr/lib/gcc/arm-none-eabi/5.3.0/../../../../arm-none-eabi/lib/armv7e-m/fpu/libc_nano.a(lib_a-makebuf.o)
                0x0000000008005dc8                __swhatbuf_r
 *fill*         0x0000000008005e0e        0x2 
 .text.__smakebuf_r
                0x0000000008005e10       0x74 /usr/lib/gcc/arm-none-eabi/5.3.0/../../../../arm-none-eabi/lib/armv7e-m/fpu/libc_nano.a(lib_a-makebuf.o)
                0x0000000008005e10                __smakebuf_r
 .text.memmove  0x0000000008005e84       0x36 /usr/lib/gcc/arm-none-eabi/5.3.0/../../../../arm-none-eabi/lib/armv7e-m/fpu/libc_nano.a(lib_a-memmove.o)
                0x0000000008005e84                memmove
 .text._Balloc  0x0000000008005eba       0x6a /usr/lib/gcc/arm-none-eabi/5.3.0/../../../../arm-none-eabi/lib/armv7e-m/fpu/libc_nano.a(lib_a-mprec.o)
                0x0000000008005eba                _Balloc
 .text._Bfree   0x0000000008005f24       0x2e /usr/lib/gcc/arm-none-eabi/5.3.0/../../../../arm-none-eabi/lib/armv7e-m/fpu/libc_nano.a(lib_a-mprec.o)
                0x0000000008005f24                _Bfree
 .text.__multadd
                0x0000000008005f52       0x76 /usr/lib/gcc/arm-none-eabi/5.3.0/../../../../arm-none-eabi/lib/armv7e-m/fpu/libc_nano.a(lib_a-mprec.o)
                0x0000000008005f52                __multadd
 .text.__s2b    0x0000000008005fc8       0x7c /usr/lib/gcc/arm-none-eabi/5.3.0/../../../../arm-none-eabi/lib/armv7e-m/fpu/libc_nano.a(lib_a-mprec.o)
                0x0000000008005fc8                __s2b
 .text.__hi0bits
                0x0000000008006044       0x40 /usr/lib/gcc/arm-none-eabi/5.3.0/../../../../arm-none-eabi/lib/armv7e-m/fpu/libc_nano.a(lib_a-mprec.o)
                0x0000000008006044                __hi0bits
 .text.__lo0bits
                0x0000000008006084       0x5a /usr/lib/gcc/arm-none-eabi/5.3.0/../../../../arm-none-eabi/lib/armv7e-m/fpu/libc_nano.a(lib_a-mprec.o)
                0x0000000008006084                __lo0bits
 .text.__i2b    0x00000000080060de       0x12 /usr/lib/gcc/arm-none-eabi/5.3.0/../../../../arm-none-eabi/lib/armv7e-m/fpu/libc_nano.a(lib_a-mprec.o)
                0x00000000080060de                __i2b
 .text.__multiply
                0x00000000080060f0      0x122 /usr/lib/gcc/arm-none-eabi/5.3.0/../../../../arm-none-eabi/lib/armv7e-m/fpu/libc_nano.a(lib_a-mprec.o)
                0x00000000080060f0                __multiply
 *fill*         0x0000000008006212        0x2 
 .text.__pow5mult
                0x0000000008006214       0x9c /usr/lib/gcc/arm-none-eabi/5.3.0/../../../../arm-none-eabi/lib/armv7e-m/fpu/libc_nano.a(lib_a-mprec.o)
                0x0000000008006214                __pow5mult
 .text.__lshift
                0x00000000080062b0       0xa2 /usr/lib/gcc/arm-none-eabi/5.3.0/../../../../arm-none-eabi/lib/armv7e-m/fpu/libc_nano.a(lib_a-mprec.o)
                0x00000000080062b0                __lshift
 .text.__mcmp   0x0000000008006352       0x38 /usr/lib/gcc/arm-none-eabi/5.3.0/../../../../arm-none-eabi/lib/armv7e-m/fpu/libc_nano.a(lib_a-mprec.o)
                0x0000000008006352                __mcmp
 .text.__mdiff  0x000000000800638a       0xbe /usr/lib/gcc/arm-none-eabi/5.3.0/../../../../arm-none-eabi/lib/armv7e-m/fpu/libc_nano.a(lib_a-mprec.o)
                0x000000000800638a                __mdiff
 .text.__ulp    0x0000000008006448       0x50 /usr/lib/gcc/arm-none-eabi/5.3.0/../../../../arm-none-eabi/lib/armv7e-m/fpu/libc_nano.a(lib_a-mprec.o)
                0x0000000008006448                __ulp
 .text.__b2d    0x0000000008006498       0x9a /usr/lib/gcc/arm-none-eabi/5.3.0/../../../../arm-none-eabi/lib/armv7e-m/fpu/libc_nano.a(lib_a-mprec.o)
                0x0000000008006498                __b2d
 .text.__d2b    0x0000000008006532       0x9c /usr/lib/gcc/arm-none-eabi/5.3.0/../../../../arm-none-eabi/lib/armv7e-m/fpu/libc_nano.a(lib_a-mprec.o)
                0x0000000008006532                __d2b
 .text.__ratio  0x00000000080065ce       0x54 /usr/lib/gcc/arm-none-eabi/5.3.0/../../../../arm-none-eabi/lib/armv7e-m/fpu/libc_nano.a(lib_a-mprec.o)
                0x00000000080065ce                __ratio
 .text.__copybits
                0x0000000008006622       0x34 /usr/lib/gcc/arm-none-eabi/5.3.0/../../../../arm-none-eabi/lib/armv7e-m/fpu/libc_nano.a(lib_a-mprec.o)
                0x0000000008006622                __copybits
 .text.__any_on
                0x0000000008006656       0x44 /usr/lib/gcc/arm-none-eabi/5.3.0/../../../../arm-none-eabi/lib/armv7e-m/fpu/libc_nano.a(lib_a-mprec.o)
                0x0000000008006656                __any_on
 .text._calloc_r
                0x000000000800669a       0x1c /usr/lib/gcc/arm-none-eabi/5.3.0/../../../../arm-none-eabi/lib/armv7e-m/fpu/libc_nano.a(lib_a-nano-callocr.o)
                0x000000000800669a                _calloc_r
 .text._realloc_r
                0x00000000080066b6       0x4c /usr/lib/gcc/arm-none-eabi/5.3.0/../../../../arm-none-eabi/lib/armv7e-m/fpu/libc_nano.a(lib_a-nano-reallocr.o)
                0x00000000080066b6                _realloc_r
 .text.__ssputs_r
                0x0000000008006702       0xb2 /usr/lib/gcc/arm-none-eabi/5.3.0/../../../../arm-none-eabi/lib/armv7e-m/fpu/libc_nano.a(lib_a-nano-svfprintf.o)
                0x0000000008006702                __ssputs_r
 .text._svfprintf_r
                0x00000000080067b4      0x1e8 /usr/lib/gcc/arm-none-eabi/5.3.0/../../../../arm-none-eabi/lib/armv7e-m/fpu/libc_nano.a(lib_a-nano-svfprintf.o)
                0x00000000080067b4                _svfprintf_r
                0x00000000080067b4                _svfiprintf_r
 .text._read_r  0x000000000800699c       0x24 /usr/lib/gcc/arm-none-eabi/5.3.0/../../../../arm-none-eabi/lib/armv7e-m/fpu/libc_nano.a(lib_a-readr.o)
                0x000000000800699c                _read_r
 .text._fstat_r
                0x00000000080069c0       0x24 /usr/lib/gcc/arm-none-eabi/5.3.0/../../../../arm-none-eabi/lib/armv7e-m/fpu/libc_nano.a(lib_a-fstatr.o)
                0x00000000080069c0                _fstat_r
 .text._isatty_r
                0x00000000080069e4       0x20 /usr/lib/gcc/arm-none-eabi/5.3.0/../../../../arm-none-eabi/lib/armv7e-m/fpu/libc_nano.a(lib_a-isattyr.o)
                0x00000000080069e4                _isatty_r
 .text._malloc_usable_size_r
                0x0000000008006a04       0x14 /usr/lib/gcc/arm-none-eabi/5.3.0/../../../../arm-none-eabi/lib/armv7e-m/fpu/libc_nano.a(lib_a-nano-msizer.o)
                0x0000000008006a04                _malloc_usable_size_r
 .text          0x0000000008006a18      0x370 /usr/lib/gcc/arm-none-eabi/5.3.0/armv7e-m/fpu/libgcc.a(_arm_addsubdf3.o)
                0x0000000008006a18                __aeabi_drsub
                0x0000000008006a20                __aeabi_dsub
                0x0000000008006a20                __subdf3
                0x0000000008006a24                __adddf3
                0x0000000008006a24                __aeabi_dadd
                0x0000000008006c9c                __aeabi_ui2d
                0x0000000008006c9c                __floatunsidf
                0x0000000008006cbc                __floatsidf
                0x0000000008006cbc                __aeabi_i2d
                0x0000000008006ce0                __extendsfdf2
                0x0000000008006ce0                __aeabi_f2d
                0x0000000008006d1c                __aeabi_ul2d
                0x0000000008006d1c                __floatundidf
                0x0000000008006d2c                __floatdidf
                0x0000000008006d2c                __aeabi_l2d
 .text          0x0000000008006d88      0x424 /usr/lib/gcc/arm-none-eabi/5.3.0/armv7e-m/fpu/libgcc.a(_arm_muldivdf3.o)
                0x0000000008006d88                __aeabi_dmul
                0x0000000008006d88                __muldf3
                0x0000000008006fdc                __aeabi_ddiv
                0x0000000008006fdc                __divdf3
 .text          0x00000000080071ac      0x110 /usr/lib/gcc/arm-none-eabi/5.3.0/armv7e-m/fpu/libgcc.a(_arm_cmpdf2.o)
                0x00000000080071ac                __gtdf2
                0x00000000080071ac                __gedf2
                0x00000000080071b4                __ltdf2
                0x00000000080071b4                __ledf2
                0x00000000080071bc                __cmpdf2
                0x00000000080071bc                __eqdf2
                0x00000000080071bc                __nedf2
                0x0000000008007238                __aeabi_cdrcmple
                0x0000000008007248                __aeabi_cdcmple
                0x0000000008007248                __aeabi_cdcmpeq
                0x0000000008007258                __aeabi_dcmpeq
                0x000000000800726c                __aeabi_dcmplt
                0x0000000008007280                __aeabi_dcmple
                0x0000000008007294                __aeabi_dcmpge
                0x00000000080072a8                __aeabi_dcmpgt
 .text          0x00000000080072bc       0x2c /usr/lib/gcc/arm-none-eabi/5.3.0/armv7e-m/fpu/libgcc.a(_arm_unorddf2.o)
                0x00000000080072bc                __aeabi_dcmpun
                0x00000000080072bc                __unorddf2
 .text          0x00000000080072e8       0x50 /usr/lib/gcc/arm-none-eabi/5.3.0/armv7e-m/fpu/libgcc.a(_arm_fixdfsi.o)
                0x00000000080072e8                __fixdfsi
                0x00000000080072e8                __aeabi_d2iz
 .text          0x0000000008007338       0x40 /usr/lib/gcc/arm-none-eabi/5.3.0/armv7e-m/fpu/libgcc.a(_arm_fixunsdfsi.o)
                0x0000000008007338                __fixunsdfsi
                0x0000000008007338                __aeabi_d2uiz
 .text          0x0000000008007378       0xa0 /usr/lib/gcc/arm-none-eabi/5.3.0/armv7e-m/fpu/libgcc.a(_arm_truncdfsf2.o)
                0x0000000008007378                __aeabi_d2f
                0x0000000008007378                __truncdfsf2
 *(.init)
 .init          0x0000000008007418        0x4 /usr/lib/gcc/arm-none-eabi/5.3.0/armv7e-m/fpu/crti.o
                0x0000000008007418                _init
 .init          0x000000000800741c        0x8 /usr/lib/gcc/arm-none-eabi/5.3.0/armv7e-m/fpu/crtn.o
 *(.fini)
 .fini          0x0000000008007424        0x4 /usr/lib/gcc/arm-none-eabi/5.3.0/armv7e-m/fpu/crti.o
                0x0000000008007424                _fini
 .fini          0x0000000008007428        0x8 /usr/lib/gcc/arm-none-eabi/5.3.0/armv7e-m/fpu/crtn.o
 *crtbegin.o(.ctors)
 *crtbegin?.o(.ctors)
 *(EXCLUDE_FILE(*crtend.o *crtend?.o) .ctors)
 *(SORT(.ctors.*))
 *(.ctors)
 *crtbegin.o(.dtors)
 *crtbegin?.o(.dtors)
 *(EXCLUDE_FILE(*crtend.o *crtend?.o) .dtors)
 *(SORT(.dtors.*))
 *(.dtors)
 *(.rodata*)
 .rodata.str1.4
                0x0000000008007430       0x86 /home/caleb/Desktop/Nucleo_blink/lib/mbed/TARGET_NUCLEO_F446RE/TOOLCHAIN_GCC_ARM/board.o
 *fill*         0x00000000080074b6        0x2 
 .rodata.APBAHBPrescTable
                0x00000000080074b8       0x10 /home/caleb/Desktop/Nucleo_blink/lib/mbed/TARGET_NUCLEO_F446RE/TOOLCHAIN_GCC_ARM/stm32f4xx_hal_rcc.o
                0x00000000080074b8                APBAHBPrescTable
 .rodata.AHBPrescTable
                0x00000000080074c8       0x10 /home/caleb/Desktop/Nucleo_blink/lib/mbed/TARGET_NUCLEO_F446RE/TOOLCHAIN_GCC_ARM/system_stm32f4xx.o
                0x00000000080074c8                AHBPrescTable
 .rodata.str1.4
                0x00000000080074d8       0x9c /home/caleb/Desktop/Nucleo_blink/lib/mbed/TARGET_NUCLEO_F446RE/TOOLCHAIN_GCC_ARM/libmbed.a(serial_api.o)
 .rodata.str1.4
                0x0000000008007574       0x31 /home/caleb/Desktop/Nucleo_blink/lib/mbed/TARGET_NUCLEO_F446RE/TOOLCHAIN_GCC_ARM/libmbed.a(assert.o)
 .rodata.str1.4
                0x00000000080075a5       0x86 /home/caleb/Desktop/Nucleo_blink/lib/mbed/TARGET_NUCLEO_F446RE/TOOLCHAIN_GCC_ARM/libmbed.a(gpio.o)
 *fill*         0x00000000080075a5        0x3 
 .rodata.str1.4
                0x00000000080075a8       0x66 /home/caleb/Desktop/Nucleo_blink/lib/mbed/TARGET_NUCLEO_F446RE/TOOLCHAIN_GCC_ARM/libmbed.a(pinmap_common.o)
 *fill*         0x000000000800760e        0x2 
 .rodata.us_interface
                0x0000000008007610       0x14 /home/caleb/Desktop/Nucleo_blink/lib/mbed/TARGET_NUCLEO_F446RE/TOOLCHAIN_GCC_ARM/libmbed.a(us_ticker_api.o)
 .rodata.us_data
                0x0000000008007624        0x8 /home/caleb/Desktop/Nucleo_blink/lib/mbed/TARGET_NUCLEO_F446RE/TOOLCHAIN_GCC_ARM/libmbed.a(us_ticker_api.o)
 .rodata.PinMap_UART_RX
                0x000000000800762c       0x6c /home/caleb/Desktop/Nucleo_blink/lib/mbed/TARGET_NUCLEO_F446RE/TOOLCHAIN_GCC_ARM/libmbed.a(PeripheralPins.o)
                0x000000000800762c                PinMap_UART_RX
 .rodata.PinMap_UART_TX
                0x0000000008007698       0x6c /home/caleb/Desktop/Nucleo_blink/lib/mbed/TARGET_NUCLEO_F446RE/TOOLCHAIN_GCC_ARM/libmbed.a(PeripheralPins.o)
                0x0000000008007698                PinMap_UART_TX
 .rodata.str1.4
                0x0000000008007704       0x7a /home/caleb/Desktop/Nucleo_blink/lib/mbed/TARGET_NUCLEO_F446RE/TOOLCHAIN_GCC_ARM/libmbed.a(gpio_api.o)
                                         0x94 (size before relaxing)
 *fill*         0x000000000800777e        0x2 
 .rodata.gpio_mode
                0x0000000008007780       0x34 /home/caleb/Desktop/Nucleo_blink/lib/mbed/TARGET_NUCLEO_F446RE/TOOLCHAIN_GCC_ARM/libmbed.a(pinmap.o)
 .rodata.str1.4
                0x00000000080077b4       0x88 /home/caleb/Desktop/Nucleo_blink/lib/mbed/TARGET_NUCLEO_F446RE/TOOLCHAIN_GCC_ARM/libmbed.a(pinmap.o)
                                         0x9c (size before relaxing)
 .rodata.__sf_fake_stdin
                0x000000000800783c       0x20 /usr/lib/gcc/arm-none-eabi/5.3.0/../../../../arm-none-eabi/lib/armv7e-m/fpu/libc_nano.a(lib_a-findfp.o)
                0x000000000800783c                __sf_fake_stdin
 .rodata.__sf_fake_stdout
                0x000000000800785c       0x20 /usr/lib/gcc/arm-none-eabi/5.3.0/../../../../arm-none-eabi/lib/armv7e-m/fpu/libc_nano.a(lib_a-findfp.o)
                0x000000000800785c                __sf_fake_stdout
 .rodata.__sf_fake_stderr
                0x000000000800787c       0x20 /usr/lib/gcc/arm-none-eabi/5.3.0/../../../../arm-none-eabi/lib/armv7e-m/fpu/libc_nano.a(lib_a-findfp.o)
                0x000000000800787c                __sf_fake_stderr
 .rodata.str1.1
                0x000000000800789c        0x2 /usr/lib/gcc/arm-none-eabi/5.3.0/../../../../arm-none-eabi/lib/armv7e-m/fpu/libc_nano.a(lib_a-impure.o)
 *fill*         0x000000000800789e        0x2 
 .rodata._global_impure_ptr
                0x00000000080078a0        0x4 /usr/lib/gcc/arm-none-eabi/5.3.0/../../../../arm-none-eabi/lib/armv7e-m/fpu/libc_nano.a(lib_a-impure.o)
                0x00000000080078a0                _global_impure_ptr
 .rodata.str1.1
                0x00000000080078a4       0x11 /usr/lib/gcc/arm-none-eabi/5.3.0/../../../../arm-none-eabi/lib/armv7e-m/fpu/libc_nano.a(lib_a-nano-vfprintf.o)
 .rodata.str1.1
                0x00000000080078b5       0x12 /usr/lib/gcc/arm-none-eabi/5.3.0/../../../../arm-none-eabi/lib/armv7e-m/fpu/libc_nano.a(lib_a-nano-vfprintf_float.o)
 .rodata.str1.1
                0x00000000080078c7       0x22 /usr/lib/gcc/arm-none-eabi/5.3.0/../../../../arm-none-eabi/lib/armv7e-m/fpu/libc_nano.a(lib_a-nano-vfprintf_i.o)
 .rodata.str1.1
                0x00000000080078e9        0x5 /usr/lib/gcc/arm-none-eabi/5.3.0/../../../../arm-none-eabi/lib/armv7e-m/fpu/libc_nano.a(lib_a-nano-vfscanf_float.o)
 *fill*         0x00000000080078ee        0x2 
 .rodata.fpi.5344
                0x00000000080078f0       0x14 /usr/lib/gcc/arm-none-eabi/5.3.0/../../../../arm-none-eabi/lib/armv7e-m/fpu/libc_nano.a(lib_a-strtod.o)
 .rodata.fpinan.5380
                0x0000000008007904       0x14 /usr/lib/gcc/arm-none-eabi/5.3.0/../../../../arm-none-eabi/lib/armv7e-m/fpu/libc_nano.a(lib_a-strtod.o)
 .rodata.str1.1
                0x0000000008007918        0x5 /usr/lib/gcc/arm-none-eabi/5.3.0/../../../../arm-none-eabi/lib/armv7e-m/fpu/libc_nano.a(lib_a-strtod.o)
                                          0xc (size before relaxing)
 .rodata.tinytens
                0x0000000008007918       0x28 /usr/lib/gcc/arm-none-eabi/5.3.0/../../../../arm-none-eabi/lib/armv7e-m/fpu/libc_nano.a(lib_a-strtod.o)
 .rodata._ctype_
                0x0000000008007940      0x101 /usr/lib/gcc/arm-none-eabi/5.3.0/../../../../arm-none-eabi/lib/armv7e-m/fpu/libc_nano.a(lib_a-ctype_.o)
                0x0000000008007940                _ctype_
 .rodata.str1.1
                0x0000000008007a41        0xd /usr/lib/gcc/arm-none-eabi/5.3.0/../../../../arm-none-eabi/lib/armv7e-m/fpu/libc_nano.a(lib_a-dtoa.o)
                                          0xf (size before relaxing)
 .rodata.str1.1
                0x0000000008007a4e        0x8 /usr/lib/gcc/arm-none-eabi/5.3.0/../../../../arm-none-eabi/lib/armv7e-m/fpu/libc_nano.a(lib_a-locale.o)
                                          0xb (size before relaxing)
 *fill*         0x0000000008007a56        0x2 
 .rodata.__mprec_tens
                0x0000000008007a58       0xc8 /usr/lib/gcc/arm-none-eabi/5.3.0/../../../../arm-none-eabi/lib/armv7e-m/fpu/libc_nano.a(lib_a-mprec.o)
                0x0000000008007a58                __mprec_tens
 .rodata.__mprec_bigtens
                0x0000000008007b20       0x28 /usr/lib/gcc/arm-none-eabi/5.3.0/../../../../arm-none-eabi/lib/armv7e-m/fpu/libc_nano.a(lib_a-mprec.o)
                0x0000000008007b20                __mprec_bigtens
 .rodata.p05.5387
                0x0000000008007b48        0xc /usr/lib/gcc/arm-none-eabi/5.3.0/../../../../arm-none-eabi/lib/armv7e-m/fpu/libc_nano.a(lib_a-mprec.o)
 .rodata.str1.1
                0x0000000008007b54       0x11 /usr/lib/gcc/arm-none-eabi/5.3.0/../../../../arm-none-eabi/lib/armv7e-m/fpu/libc_nano.a(lib_a-nano-svfprintf.o)
 *(.eh_frame*)
 .eh_frame      0x0000000008007b54        0x0 /usr/lib/gcc/arm-none-eabi/5.3.0/armv7e-m/fpu/crtbegin.o
 .eh_frame      0x0000000008007b54        0x4 /usr/lib/gcc/arm-none-eabi/5.3.0/armv7e-m/fpu/crtend.o

.glue_7         0x0000000008007b58        0x0
 .glue_7        0x0000000008007b58        0x0 linker stubs

.glue_7t        0x0000000008007b58        0x0
 .glue_7t       0x0000000008007b58        0x0 linker stubs

.vfp11_veneer   0x0000000008007b58        0x0
 .vfp11_veneer  0x0000000008007b58        0x0 linker stubs

.v4_bx          0x0000000008007b58        0x0
 .v4_bx         0x0000000008007b58        0x0 linker stubs

.iplt           0x0000000008007b58        0x0
 .iplt          0x0000000008007b58        0x0 /usr/lib/gcc/arm-none-eabi/5.3.0/armv7e-m/fpu/crtbegin.o

.ARM.extab
 *(.ARM.extab* .gnu.linkonce.armextab.*)
                0x0000000008007b58                __exidx_start = .

.ARM.exidx      0x0000000008007b58        0x8
 *(.ARM.exidx* .gnu.linkonce.armexidx.*)
 .ARM.exidx     0x0000000008007b58        0x8 /usr/lib/gcc/arm-none-eabi/5.3.0/../../../../arm-none-eabi/lib/armv7e-m/fpu/crt0.o
 .ARM.exidx     0x0000000008007b60        0x0 main.o
                                          0x8 (size before relaxing)
                0x0000000008007b60                __exidx_end = .
                0x0000000008007b60                __etext = .
                0x0000000008007b60                _sidata = .

.rel.dyn        0x0000000008007b60        0x0
 .rel.iplt      0x0000000008007b60        0x0 /usr/lib/gcc/arm-none-eabi/5.3.0/armv7e-m/fpu/crtbegin.o

.data           0x00000000200001c4       0xb4 load address 0x0000000008007b60
                0x00000000200001c4                __data_start__ = .
                0x00000000200001c4                _sdata = .
 *(vtable)
 *(.data*)
 .data._ZZ5_sbrkE4heap
                0x00000000200001c4        0x4 /home/caleb/Desktop/Nucleo_blink/lib/mbed/TARGET_NUCLEO_F446RE/TOOLCHAIN_GCC_ARM/retarget.o
 .data.SystemCoreClock
                0x00000000200001c8        0x4 /home/caleb/Desktop/Nucleo_blink/lib/mbed/TARGET_NUCLEO_F446RE/TOOLCHAIN_GCC_ARM/system_stm32f4xx.o
                0x00000000200001c8                SystemCoreClock
 .data.impure_data
                0x00000000200001cc       0x60 /usr/lib/gcc/arm-none-eabi/5.3.0/../../../../arm-none-eabi/lib/armv7e-m/fpu/libc_nano.a(lib_a-impure.o)
 .data._impure_ptr
                0x000000002000022c        0x4 /usr/lib/gcc/arm-none-eabi/5.3.0/../../../../arm-none-eabi/lib/armv7e-m/fpu/libc_nano.a(lib_a-impure.o)
                0x000000002000022c                _impure_ptr
 .data.__ctype_ptr__
                0x0000000020000230        0x4 /usr/lib/gcc/arm-none-eabi/5.3.0/../../../../arm-none-eabi/lib/armv7e-m/fpu/libc_nano.a(lib_a-ctype_.o)
                0x0000000020000230                __ctype_ptr__
 .data.lconv    0x0000000020000234       0x38 /usr/lib/gcc/arm-none-eabi/5.3.0/../../../../arm-none-eabi/lib/armv7e-m/fpu/libc_nano.a(lib_a-locale.o)
                0x000000002000026c                . = ALIGN (0x4)
                0x000000002000026c                PROVIDE (__preinit_array_start, .)
 *(.preinit_array)
                0x000000002000026c                PROVIDE (__preinit_array_end, .)
                0x000000002000026c                . = ALIGN (0x4)
                0x000000002000026c                PROVIDE (__init_array_start, .)
 *(SORT(.init_array.*))
 *(.init_array)
 .init_array    0x000000002000026c        0x4 /usr/lib/gcc/arm-none-eabi/5.3.0/armv7e-m/fpu/crtbegin.o
                0x0000000020000270                PROVIDE (__init_array_end, .)
                0x0000000020000270                . = ALIGN (0x4)
                0x0000000020000270                PROVIDE (__fini_array_start, .)
 *(SORT(.fini_array.*))
 *(.fini_array)
 .fini_array    0x0000000020000270        0x4 /usr/lib/gcc/arm-none-eabi/5.3.0/armv7e-m/fpu/crtbegin.o
                0x0000000020000274                PROVIDE (__fini_array_end, .)
 *(.jcr*)
 .jcr           0x0000000020000274        0x0 /usr/lib/gcc/arm-none-eabi/5.3.0/armv7e-m/fpu/crtbegin.o
 .jcr           0x0000000020000274        0x4 /usr/lib/gcc/arm-none-eabi/5.3.0/armv7e-m/fpu/crtend.o
                0x0000000020000278                . = ALIGN (0x4)
                0x0000000020000278                __data_end__ = .
                0x0000000020000278                _edata = .

.igot.plt       0x0000000020000278        0x0 load address 0x0000000008007c14
 .igot.plt      0x0000000020000278        0x0 /usr/lib/gcc/arm-none-eabi/5.3.0/armv7e-m/fpu/crtbegin.o

.bss            0x0000000020000278      0x464 load address 0x0000000008007c14
                0x0000000020000278                . = ALIGN (0x4)
                0x0000000020000278                __bss_start__ = .
                0x0000000020000278                _sbss = .
 *(.bss*)
 .bss.completed.8363
                0x0000000020000278        0x1 /usr/lib/gcc/arm-none-eabi/5.3.0/armv7e-m/fpu/crtbegin.o
 *fill*         0x0000000020000279        0x3 
 .bss.object.8368
                0x000000002000027c       0x18 /usr/lib/gcc/arm-none-eabi/5.3.0/armv7e-m/fpu/crtbegin.o
 .bss.PreviousVal
                0x0000000020000294        0x4 /home/caleb/Desktop/Nucleo_blink/lib/mbed/TARGET_NUCLEO_F446RE/TOOLCHAIN_GCC_ARM/hal_tick.o
                0x0000000020000294                PreviousVal
 .bss._ZL11filehandles
                0x0000000020000298      0x100 /home/caleb/Desktop/Nucleo_blink/lib/mbed/TARGET_NUCLEO_F446RE/TOOLCHAIN_GCC_ARM/retarget.o
 .bss.uwTick    0x0000000020000398        0x4 /home/caleb/Desktop/Nucleo_blink/lib/mbed/TARGET_NUCLEO_F446RE/TOOLCHAIN_GCC_ARM/stm32f4xx_hal.o
 .bss.stdio_uart_inited
                0x000000002000039c        0x4 /home/caleb/Desktop/Nucleo_blink/lib/mbed/TARGET_NUCLEO_F446RE/TOOLCHAIN_GCC_ARM/libmbed.a(serial_api.o)
                0x000000002000039c                stdio_uart_inited
 .bss.UartHandle
                0x00000000200003a0      0x200 /home/caleb/Desktop/Nucleo_blink/lib/mbed/TARGET_NUCLEO_F446RE/TOOLCHAIN_GCC_ARM/libmbed.a(serial_api.o)
 .bss.events    0x00000000200005a0        0x8 /home/caleb/Desktop/Nucleo_blink/lib/mbed/TARGET_NUCLEO_F446RE/TOOLCHAIN_GCC_ARM/libmbed.a(us_ticker_api.o)
 .bss.TimMasterHandle
                0x00000000200005a8       0x3c /home/caleb/Desktop/Nucleo_blink/lib/mbed/TARGET_NUCLEO_F446RE/TOOLCHAIN_GCC_ARM/libmbed.a(us_ticker.o)
 .bss.us_ticker_inited
                0x00000000200005e4        0x4 /home/caleb/Desktop/Nucleo_blink/lib/mbed/TARGET_NUCLEO_F446RE/TOOLCHAIN_GCC_ARM/libmbed.a(us_ticker.o)
 .bss.__malloc_sbrk_start
                0x00000000200005e8        0x4 /usr/lib/gcc/arm-none-eabi/5.3.0/../../../../arm-none-eabi/lib/armv7e-m/fpu/libc_nano.a(lib_a-nano-mallocr.o)
                0x00000000200005e8                __malloc_sbrk_start
 .bss.__malloc_free_list
                0x00000000200005ec        0x4 /usr/lib/gcc/arm-none-eabi/5.3.0/../../../../arm-none-eabi/lib/armv7e-m/fpu/libc_nano.a(lib_a-nano-mallocr.o)
                0x00000000200005ec                __malloc_free_list
 .bss._global_atexit0
                0x00000000200005f0       0x8c /usr/lib/gcc/arm-none-eabi/5.3.0/../../../../arm-none-eabi/lib/armv7e-m/fpu/libc_nano.a(lib_a-__atexit.o)
 .bss._global_atexit
                0x000000002000067c        0x4 /usr/lib/gcc/arm-none-eabi/5.3.0/../../../../arm-none-eabi/lib/armv7e-m/fpu/libc_nano.a(lib_a-__call_atexit.o)
                0x000000002000067c                _global_atexit
 *(COMMON)
 COMMON         0x0000000020000680       0x3c /home/caleb/Desktop/Nucleo_blink/lib/mbed/TARGET_NUCLEO_F446RE/TOOLCHAIN_GCC_ARM/hal_tick.o
                0x0000000020000680                TimMasterHandle
 COMMON         0x00000000200006bc       0x1c /home/caleb/Desktop/Nucleo_blink/lib/mbed/TARGET_NUCLEO_F446RE/TOOLCHAIN_GCC_ARM/libmbed.a(serial_api.o)
                0x00000000200006bc                stdio_uart
 COMMON         0x00000000200006d8        0x4 /usr/lib/gcc/arm-none-eabi/5.3.0/../../../../arm-none-eabi/lib/armv7e-m/fpu/libc_nano.a(lib_a-reent.o)
                0x00000000200006d8                errno
                0x00000000200006dc                . = ALIGN (0x4)
                0x00000000200006dc                __bss_end__ = .
                0x00000000200006dc                _ebss = .

.heap           0x00000000200006dc        0x0
                0x00000000200006dc                __end__ = .
                0x00000000200006dc                end = __end__
 *(.heap*)
                0x00000000200006dc                __HeapLimit = .

.stack_dummy    0x00000000200006dc        0x0
 *(.stack*)
                0x0000000020020000                __StackTop = (ORIGIN (RAM) + LENGTH (RAM))
                0x0000000020020000                _estack = __StackTop
                0x0000000020020000                __StackLimit = (__StackTop - SIZEOF (.stack_dummy))
                0x0000000020020000                PROVIDE (__stack, __StackTop)
                0x0000000000000001                ASSERT ((__StackLimit >= __HeapLimit), region RAM overflowed with stack)
OUTPUT(debug/Nucleo_blink.elf elf32-littlearm)

.ARM.attributes
                0x0000000000000000       0x32
 .ARM.attributes
                0x0000000000000000       0x22 /usr/lib/gcc/arm-none-eabi/5.3.0/armv7e-m/fpu/crti.o
 .ARM.attributes
                0x0000000000000022       0x34 /usr/lib/gcc/arm-none-eabi/5.3.0/armv7e-m/fpu/crtbegin.o
 .ARM.attributes
                0x0000000000000056       0x20 /usr/lib/gcc/arm-none-eabi/5.3.0/../../../../arm-none-eabi/lib/armv7e-m/fpu/crt0.o
 .ARM.attributes
                0x0000000000000076       0x30 main.o
 .ARM.attributes
                0x00000000000000a6       0x37 /home/caleb/Desktop/Nucleo_blink/lib/mbed/TARGET_NUCLEO_F446RE/TOOLCHAIN_GCC_ARM/board.o
 .ARM.attributes
                0x00000000000000dd       0x37 /home/caleb/Desktop/Nucleo_blink/lib/mbed/TARGET_NUCLEO_F446RE/TOOLCHAIN_GCC_ARM/cmsis_nvic.o
 .ARM.attributes
                0x0000000000000114       0x37 /home/caleb/Desktop/Nucleo_blink/lib/mbed/TARGET_NUCLEO_F446RE/TOOLCHAIN_GCC_ARM/hal_tick.o
 .ARM.attributes
                0x000000000000014b       0x37 /home/caleb/Desktop/Nucleo_blink/lib/mbed/TARGET_NUCLEO_F446RE/TOOLCHAIN_GCC_ARM/mbed_overrides.o
 .ARM.attributes
                0x0000000000000182       0x37 /home/caleb/Desktop/Nucleo_blink/lib/mbed/TARGET_NUCLEO_F446RE/TOOLCHAIN_GCC_ARM/retarget.o
 .ARM.attributes
                0x00000000000001b9       0x21 /home/caleb/Desktop/Nucleo_blink/lib/mbed/TARGET_NUCLEO_F446RE/TOOLCHAIN_GCC_ARM/startup_stm32f446xx.o
 .ARM.attributes
                0x00000000000001da       0x37 /home/caleb/Desktop/Nucleo_blink/lib/mbed/TARGET_NUCLEO_F446RE/TOOLCHAIN_GCC_ARM/stm32f4xx_hal.o
 .ARM.attributes
                0x0000000000000211       0x37 /home/caleb/Desktop/Nucleo_blink/lib/mbed/TARGET_NUCLEO_F446RE/TOOLCHAIN_GCC_ARM/stm32f4xx_hal_cortex.o
 .ARM.attributes
                0x0000000000000248       0x37 /home/caleb/Desktop/Nucleo_blink/lib/mbed/TARGET_NUCLEO_F446RE/TOOLCHAIN_GCC_ARM/stm32f4xx_hal_msp_template.o
 .ARM.attributes
                0x000000000000027f       0x37 /home/caleb/Desktop/Nucleo_blink/lib/mbed/TARGET_NUCLEO_F446RE/TOOLCHAIN_GCC_ARM/stm32f4xx_hal_gpio.o
 .ARM.attributes
                0x00000000000002b6       0x37 /home/caleb/Desktop/Nucleo_blink/lib/mbed/TARGET_NUCLEO_F446RE/TOOLCHAIN_GCC_ARM/stm32f4xx_hal_pwr_ex.o
 .ARM.attributes
                0x00000000000002ed       0x37 /home/caleb/Desktop/Nucleo_blink/lib/mbed/TARGET_NUCLEO_F446RE/TOOLCHAIN_GCC_ARM/stm32f4xx_hal_rcc.o
 .ARM.attributes
                0x0000000000000324       0x37 /home/caleb/Desktop/Nucleo_blink/lib/mbed/TARGET_NUCLEO_F446RE/TOOLCHAIN_GCC_ARM/stm32f4xx_hal_rcc_ex.o
 .ARM.attributes
                0x000000000000035b       0x37 /home/caleb/Desktop/Nucleo_blink/lib/mbed/TARGET_NUCLEO_F446RE/TOOLCHAIN_GCC_ARM/stm32f4xx_hal_tim.o
 .ARM.attributes
                0x0000000000000392       0x37 /home/caleb/Desktop/Nucleo_blink/lib/mbed/TARGET_NUCLEO_F446RE/TOOLCHAIN_GCC_ARM/stm32f4xx_hal_uart.o
 .ARM.attributes
                0x00000000000003c9       0x37 /home/caleb/Desktop/Nucleo_blink/lib/mbed/TARGET_NUCLEO_F446RE/TOOLCHAIN_GCC_ARM/system_stm32f4xx.o
 .ARM.attributes
                0x0000000000000400       0x37 /home/caleb/Desktop/Nucleo_blink/lib/mbed/TARGET_NUCLEO_F446RE/TOOLCHAIN_GCC_ARM/libmbed.a(serial_api.o)
 .ARM.attributes
                0x0000000000000437       0x37 /home/caleb/Desktop/Nucleo_blink/lib/mbed/TARGET_NUCLEO_F446RE/TOOLCHAIN_GCC_ARM/libmbed.a(assert.o)
 .ARM.attributes
                0x000000000000046e       0x37 /home/caleb/Desktop/Nucleo_blink/lib/mbed/TARGET_NUCLEO_F446RE/TOOLCHAIN_GCC_ARM/libmbed.a(error.o)
 .ARM.attributes
                0x00000000000004a5       0x37 /home/caleb/Desktop/Nucleo_blink/lib/mbed/TARGET_NUCLEO_F446RE/TOOLCHAIN_GCC_ARM/libmbed.a(gpio.o)
 .ARM.attributes
                0x00000000000004dc       0x37 /home/caleb/Desktop/Nucleo_blink/lib/mbed/TARGET_NUCLEO_F446RE/TOOLCHAIN_GCC_ARM/libmbed.a(pinmap_common.o)
 .ARM.attributes
                0x0000000000000513       0x37 /home/caleb/Desktop/Nucleo_blink/lib/mbed/TARGET_NUCLEO_F446RE/TOOLCHAIN_GCC_ARM/libmbed.a(us_ticker_api.o)
 .ARM.attributes
                0x000000000000054a       0x37 /home/caleb/Desktop/Nucleo_blink/lib/mbed/TARGET_NUCLEO_F446RE/TOOLCHAIN_GCC_ARM/libmbed.a(wait_api.o)
 .ARM.attributes
                0x0000000000000581       0x37 /home/caleb/Desktop/Nucleo_blink/lib/mbed/TARGET_NUCLEO_F446RE/TOOLCHAIN_GCC_ARM/libmbed.a(PeripheralPins.o)
 .ARM.attributes
                0x00000000000005b8       0x37 /home/caleb/Desktop/Nucleo_blink/lib/mbed/TARGET_NUCLEO_F446RE/TOOLCHAIN_GCC_ARM/libmbed.a(gpio_api.o)
 .ARM.attributes
                0x00000000000005ef       0x37 /home/caleb/Desktop/Nucleo_blink/lib/mbed/TARGET_NUCLEO_F446RE/TOOLCHAIN_GCC_ARM/libmbed.a(pinmap.o)
 .ARM.attributes
                0x0000000000000626       0x37 /home/caleb/Desktop/Nucleo_blink/lib/mbed/TARGET_NUCLEO_F446RE/TOOLCHAIN_GCC_ARM/libmbed.a(us_ticker.o)
 .ARM.attributes
                0x000000000000065d       0x37 /home/caleb/Desktop/Nucleo_blink/lib/mbed/TARGET_NUCLEO_F446RE/TOOLCHAIN_GCC_ARM/libmbed.a(ticker_api.o)
 .ARM.attributes
                0x0000000000000694       0x34 /usr/lib/gcc/arm-none-eabi/5.3.0/../../../../arm-none-eabi/lib/armv7e-m/fpu/libc_nano.a(lib_a-atexit.o)
 .ARM.attributes
                0x00000000000006c8       0x34 /usr/lib/gcc/arm-none-eabi/5.3.0/../../../../arm-none-eabi/lib/armv7e-m/fpu/libc_nano.a(lib_a-errno.o)
 .ARM.attributes
                0x00000000000006fc       0x34 /usr/lib/gcc/arm-none-eabi/5.3.0/../../../../arm-none-eabi/lib/armv7e-m/fpu/libc_nano.a(lib_a-exit.o)
 .ARM.attributes
                0x0000000000000730       0x34 /usr/lib/gcc/arm-none-eabi/5.3.0/../../../../arm-none-eabi/lib/armv7e-m/fpu/libc_nano.a(lib_a-fflush.o)
 .ARM.attributes
                0x0000000000000764       0x34 /usr/lib/gcc/arm-none-eabi/5.3.0/../../../../arm-none-eabi/lib/armv7e-m/fpu/libc_nano.a(lib_a-findfp.o)
 .ARM.attributes
                0x0000000000000798       0x34 /usr/lib/gcc/arm-none-eabi/5.3.0/../../../../arm-none-eabi/lib/armv7e-m/fpu/libc_nano.a(lib_a-fini.o)
 .ARM.attributes
                0x00000000000007cc       0x34 /usr/lib/gcc/arm-none-eabi/5.3.0/../../../../arm-none-eabi/lib/armv7e-m/fpu/libc_nano.a(lib_a-fwalk.o)
 .ARM.attributes
                0x0000000000000800       0x34 /usr/lib/gcc/arm-none-eabi/5.3.0/../../../../arm-none-eabi/lib/armv7e-m/fpu/libc_nano.a(lib_a-impure.o)
 .ARM.attributes
                0x0000000000000834       0x34 /usr/lib/gcc/arm-none-eabi/5.3.0/../../../../arm-none-eabi/lib/armv7e-m/fpu/libc_nano.a(lib_a-init.o)
 .ARM.attributes
                0x0000000000000868       0x34 /usr/lib/gcc/arm-none-eabi/5.3.0/../../../../arm-none-eabi/lib/armv7e-m/fpu/libc_nano.a(lib_a-malloc.o)
 .ARM.attributes
                0x000000000000089c       0x20 /usr/lib/gcc/arm-none-eabi/5.3.0/../../../../arm-none-eabi/lib/armv7e-m/fpu/libc_nano.a(lib_a-memchr.o)
 .ARM.attributes
                0x00000000000008bc       0x34 /usr/lib/gcc/arm-none-eabi/5.3.0/../../../../arm-none-eabi/lib/armv7e-m/fpu/libc_nano.a(lib_a-memcpy-stub.o)
 .ARM.attributes
                0x00000000000008f0       0x34 /usr/lib/gcc/arm-none-eabi/5.3.0/../../../../arm-none-eabi/lib/armv7e-m/fpu/libc_nano.a(lib_a-memset.o)
 .ARM.attributes
                0x0000000000000924       0x34 /usr/lib/gcc/arm-none-eabi/5.3.0/../../../../arm-none-eabi/lib/armv7e-m/fpu/libc_nano.a(lib_a-nano-freer.o)
 .ARM.attributes
                0x0000000000000958       0x34 /usr/lib/gcc/arm-none-eabi/5.3.0/../../../../arm-none-eabi/lib/armv7e-m/fpu/libc_nano.a(lib_a-nano-mallocr.o)
 .ARM.attributes
                0x000000000000098c       0x34 /usr/lib/gcc/arm-none-eabi/5.3.0/../../../../arm-none-eabi/lib/armv7e-m/fpu/libc_nano.a(lib_a-nano-vfprintf.o)
 .ARM.attributes
                0x00000000000009c0       0x34 /usr/lib/gcc/arm-none-eabi/5.3.0/../../../../arm-none-eabi/lib/armv7e-m/fpu/libc_nano.a(lib_a-nano-vfprintf_float.o)
 .ARM.attributes
                0x00000000000009f4       0x34 /usr/lib/gcc/arm-none-eabi/5.3.0/../../../../arm-none-eabi/lib/armv7e-m/fpu/libc_nano.a(lib_a-nano-vfprintf_i.o)
 .ARM.attributes
                0x0000000000000a28       0x34 /usr/lib/gcc/arm-none-eabi/5.3.0/../../../../arm-none-eabi/lib/armv7e-m/fpu/libc_nano.a(lib_a-nano-vfscanf_float.o)
 .ARM.attributes
                0x0000000000000a5c       0x34 /usr/lib/gcc/arm-none-eabi/5.3.0/../../../../arm-none-eabi/lib/armv7e-m/fpu/libc_nano.a(lib_a-reent.o)
 .ARM.attributes
                0x0000000000000a90       0x34 /usr/lib/gcc/arm-none-eabi/5.3.0/../../../../arm-none-eabi/lib/armv7e-m/fpu/libc_nano.a(lib_a-sbrkr.o)
 .ARM.attributes
                0x0000000000000ac4       0x34 /usr/lib/gcc/arm-none-eabi/5.3.0/../../../../arm-none-eabi/lib/armv7e-m/fpu/libc_nano.a(lib_a-sf_nan.o)
 .ARM.attributes
                0x0000000000000af8       0x34 /usr/lib/gcc/arm-none-eabi/5.3.0/../../../../arm-none-eabi/lib/armv7e-m/fpu/libc_nano.a(lib_a-sprintf.o)
 .ARM.attributes
                0x0000000000000b2c       0x34 /usr/lib/gcc/arm-none-eabi/5.3.0/../../../../arm-none-eabi/lib/armv7e-m/fpu/libc_nano.a(lib_a-stdio.o)
 .ARM.attributes
                0x0000000000000b60       0x1b /usr/lib/gcc/arm-none-eabi/5.3.0/../../../../arm-none-eabi/lib/armv7e-m/fpu/libc_nano.a(lib_a-strlen.o)
 .ARM.attributes
                0x0000000000000b7b       0x34 /usr/lib/gcc/arm-none-eabi/5.3.0/../../../../arm-none-eabi/lib/armv7e-m/fpu/libc_nano.a(lib_a-strncmp.o)
 .ARM.attributes
                0x0000000000000baf       0x34 /usr/lib/gcc/arm-none-eabi/5.3.0/../../../../arm-none-eabi/lib/armv7e-m/fpu/libc_nano.a(lib_a-strtod.o)
 .ARM.attributes
                0x0000000000000be3       0x34 /usr/lib/gcc/arm-none-eabi/5.3.0/../../../../arm-none-eabi/lib/armv7e-m/fpu/libc_nano.a(lib_a-strtol.o)
 .ARM.attributes
                0x0000000000000c17       0x34 /usr/lib/gcc/arm-none-eabi/5.3.0/../../../../arm-none-eabi/lib/armv7e-m/fpu/libc_nano.a(lib_a-wbuf.o)
 .ARM.attributes
                0x0000000000000c4b       0x34 /usr/lib/gcc/arm-none-eabi/5.3.0/../../../../arm-none-eabi/lib/armv7e-m/fpu/libc_nano.a(lib_a-writer.o)
 .ARM.attributes
                0x0000000000000c7f       0x34 /usr/lib/gcc/arm-none-eabi/5.3.0/../../../../arm-none-eabi/lib/armv7e-m/fpu/libc_nano.a(lib_a-wsetup.o)
 .ARM.attributes
                0x0000000000000cb3       0x34 /usr/lib/gcc/arm-none-eabi/5.3.0/../../../../arm-none-eabi/lib/armv7e-m/fpu/libc_nano.a(lib_a-__atexit.o)
 .ARM.attributes
                0x0000000000000ce7       0x34 /usr/lib/gcc/arm-none-eabi/5.3.0/../../../../arm-none-eabi/lib/armv7e-m/fpu/libc_nano.a(lib_a-__call_atexit.o)
 .ARM.attributes
                0x0000000000000d1b       0x34 /usr/lib/gcc/arm-none-eabi/5.3.0/../../../../arm-none-eabi/lib/armv7e-m/fpu/libc_nano.a(lib_a-closer.o)
 .ARM.attributes
                0x0000000000000d4f       0x34 /usr/lib/gcc/arm-none-eabi/5.3.0/../../../../arm-none-eabi/lib/armv7e-m/fpu/libc_nano.a(lib_a-ctype_.o)
 .ARM.attributes
                0x0000000000000d83       0x34 /usr/lib/gcc/arm-none-eabi/5.3.0/../../../../arm-none-eabi/lib/armv7e-m/fpu/libc_nano.a(lib_a-dtoa.o)
 .ARM.attributes
                0x0000000000000db7       0x34 /usr/lib/gcc/arm-none-eabi/5.3.0/../../../../arm-none-eabi/lib/armv7e-m/fpu/libc_nano.a(lib_a-gdtoa-gethex.o)
 .ARM.attributes
                0x0000000000000deb       0x34 /usr/lib/gcc/arm-none-eabi/5.3.0/../../../../arm-none-eabi/lib/armv7e-m/fpu/libc_nano.a(lib_a-gdtoa-hexnan.o)
 .ARM.attributes
                0x0000000000000e1f       0x34 /usr/lib/gcc/arm-none-eabi/5.3.0/../../../../arm-none-eabi/lib/armv7e-m/fpu/libc_nano.a(lib_a-locale.o)
 .ARM.attributes
                0x0000000000000e53       0x34 /usr/lib/gcc/arm-none-eabi/5.3.0/../../../../arm-none-eabi/lib/armv7e-m/fpu/libc_nano.a(lib_a-lseekr.o)
 .ARM.attributes
                0x0000000000000e87       0x34 /usr/lib/gcc/arm-none-eabi/5.3.0/../../../../arm-none-eabi/lib/armv7e-m/fpu/libc_nano.a(lib_a-makebuf.o)
 .ARM.attributes
                0x0000000000000ebb       0x34 /usr/lib/gcc/arm-none-eabi/5.3.0/../../../../arm-none-eabi/lib/armv7e-m/fpu/libc_nano.a(lib_a-memmove.o)
 .ARM.attributes
                0x0000000000000eef       0x34 /usr/lib/gcc/arm-none-eabi/5.3.0/../../../../arm-none-eabi/lib/armv7e-m/fpu/libc_nano.a(lib_a-mprec.o)
 .ARM.attributes
                0x0000000000000f23       0x34 /usr/lib/gcc/arm-none-eabi/5.3.0/../../../../arm-none-eabi/lib/armv7e-m/fpu/libc_nano.a(lib_a-nano-callocr.o)
 .ARM.attributes
                0x0000000000000f57       0x34 /usr/lib/gcc/arm-none-eabi/5.3.0/../../../../arm-none-eabi/lib/armv7e-m/fpu/libc_nano.a(lib_a-nano-reallocr.o)
 .ARM.attributes
                0x0000000000000f8b       0x34 /usr/lib/gcc/arm-none-eabi/5.3.0/../../../../arm-none-eabi/lib/armv7e-m/fpu/libc_nano.a(lib_a-nano-svfprintf.o)
 .ARM.attributes
                0x0000000000000fbf       0x34 /usr/lib/gcc/arm-none-eabi/5.3.0/../../../../arm-none-eabi/lib/armv7e-m/fpu/libc_nano.a(lib_a-readr.o)
 .ARM.attributes
                0x0000000000000ff3       0x34 /usr/lib/gcc/arm-none-eabi/5.3.0/../../../../arm-none-eabi/lib/armv7e-m/fpu/libc_nano.a(lib_a-fstatr.o)
 .ARM.attributes
                0x0000000000001027       0x34 /usr/lib/gcc/arm-none-eabi/5.3.0/../../../../arm-none-eabi/lib/armv7e-m/fpu/libc_nano.a(lib_a-isattyr.o)
 .ARM.attributes
                0x000000000000105b       0x34 /usr/lib/gcc/arm-none-eabi/5.3.0/../../../../arm-none-eabi/lib/armv7e-m/fpu/libc_nano.a(lib_a-nano-msizer.o)
 .ARM.attributes
                0x000000000000108f       0x22 /usr/lib/gcc/arm-none-eabi/5.3.0/armv7e-m/fpu/libgcc.a(_arm_addsubdf3.o)
 .ARM.attributes
                0x00000000000010b1       0x22 /usr/lib/gcc/arm-none-eabi/5.3.0/armv7e-m/fpu/libgcc.a(_arm_muldivdf3.o)
 .ARM.attributes
                0x00000000000010d3       0x22 /usr/lib/gcc/arm-none-eabi/5.3.0/armv7e-m/fpu/libgcc.a(_arm_cmpdf2.o)
 .ARM.attributes
                0x00000000000010f5       0x22 /usr/lib/gcc/arm-none-eabi/5.3.0/armv7e-m/fpu/libgcc.a(_arm_unorddf2.o)
 .ARM.attributes
                0x0000000000001117       0x22 /usr/lib/gcc/arm-none-eabi/5.3.0/armv7e-m/fpu/libgcc.a(_arm_fixdfsi.o)
 .ARM.attributes
                0x0000000000001139       0x22 /usr/lib/gcc/arm-none-eabi/5.3.0/armv7e-m/fpu/libgcc.a(_arm_fixunsdfsi.o)
 .ARM.attributes
                0x000000000000115b       0x22 /usr/lib/gcc/arm-none-eabi/5.3.0/armv7e-m/fpu/libgcc.a(_arm_truncdfsf2.o)
 .ARM.attributes
                0x000000000000117d       0x34 /usr/lib/gcc/arm-none-eabi/5.3.0/armv7e-m/fpu/crtend.o
 .ARM.attributes
                0x00000000000011b1       0x22 /usr/lib/gcc/arm-none-eabi/5.3.0/armv7e-m/fpu/crtn.o

.comment        0x0000000000000000       0x8d
 .comment       0x0000000000000000       0x1d main.o
                                         0x1e (size before relaxing)
 .comment       0x000000000000001d       0x70 /home/caleb/Desktop/Nucleo_blink/lib/mbed/TARGET_NUCLEO_F446RE/TOOLCHAIN_GCC_ARM/board.o
                                         0x71 (size before relaxing)
 .comment       0x000000000000008d       0x71 /home/caleb/Desktop/Nucleo_blink/lib/mbed/TARGET_NUCLEO_F446RE/TOOLCHAIN_GCC_ARM/cmsis_nvic.o
 .comment       0x000000000000008d       0x71 /home/caleb/Desktop/Nucleo_blink/lib/mbed/TARGET_NUCLEO_F446RE/TOOLCHAIN_GCC_ARM/hal_tick.o
 .comment       0x000000000000008d       0x71 /home/caleb/Desktop/Nucleo_blink/lib/mbed/TARGET_NUCLEO_F446RE/TOOLCHAIN_GCC_ARM/mbed_overrides.o
 .comment       0x000000000000008d       0x71 /home/caleb/Desktop/Nucleo_blink/lib/mbed/TARGET_NUCLEO_F446RE/TOOLCHAIN_GCC_ARM/retarget.o
 .comment       0x000000000000008d       0x71 /home/caleb/Desktop/Nucleo_blink/lib/mbed/TARGET_NUCLEO_F446RE/TOOLCHAIN_GCC_ARM/stm32f4xx_hal.o
 .comment       0x000000000000008d       0x71 /home/caleb/Desktop/Nucleo_blink/lib/mbed/TARGET_NUCLEO_F446RE/TOOLCHAIN_GCC_ARM/stm32f4xx_hal_cortex.o
 .comment       0x000000000000008d       0x71 /home/caleb/Desktop/Nucleo_blink/lib/mbed/TARGET_NUCLEO_F446RE/TOOLCHAIN_GCC_ARM/stm32f4xx_hal_msp_template.o
 .comment       0x000000000000008d       0x71 /home/caleb/Desktop/Nucleo_blink/lib/mbed/TARGET_NUCLEO_F446RE/TOOLCHAIN_GCC_ARM/stm32f4xx_hal_gpio.o
 .comment       0x000000000000008d       0x71 /home/caleb/Desktop/Nucleo_blink/lib/mbed/TARGET_NUCLEO_F446RE/TOOLCHAIN_GCC_ARM/stm32f4xx_hal_pwr_ex.o
 .comment       0x000000000000008d       0x71 /home/caleb/Desktop/Nucleo_blink/lib/mbed/TARGET_NUCLEO_F446RE/TOOLCHAIN_GCC_ARM/stm32f4xx_hal_rcc.o
 .comment       0x000000000000008d       0x71 /home/caleb/Desktop/Nucleo_blink/lib/mbed/TARGET_NUCLEO_F446RE/TOOLCHAIN_GCC_ARM/stm32f4xx_hal_rcc_ex.o
 .comment       0x000000000000008d       0x71 /home/caleb/Desktop/Nucleo_blink/lib/mbed/TARGET_NUCLEO_F446RE/TOOLCHAIN_GCC_ARM/stm32f4xx_hal_tim.o
 .comment       0x000000000000008d       0x71 /home/caleb/Desktop/Nucleo_blink/lib/mbed/TARGET_NUCLEO_F446RE/TOOLCHAIN_GCC_ARM/stm32f4xx_hal_uart.o
 .comment       0x000000000000008d       0x71 /home/caleb/Desktop/Nucleo_blink/lib/mbed/TARGET_NUCLEO_F446RE/TOOLCHAIN_GCC_ARM/system_stm32f4xx.o
 .comment       0x000000000000008d       0x71 /home/caleb/Desktop/Nucleo_blink/lib/mbed/TARGET_NUCLEO_F446RE/TOOLCHAIN_GCC_ARM/libmbed.a(serial_api.o)
 .comment       0x000000000000008d       0x71 /home/caleb/Desktop/Nucleo_blink/lib/mbed/TARGET_NUCLEO_F446RE/TOOLCHAIN_GCC_ARM/libmbed.a(assert.o)
 .comment       0x000000000000008d       0x71 /home/caleb/Desktop/Nucleo_blink/lib/mbed/TARGET_NUCLEO_F446RE/TOOLCHAIN_GCC_ARM/libmbed.a(error.o)
 .comment       0x000000000000008d       0x71 /home/caleb/Desktop/Nucleo_blink/lib/mbed/TARGET_NUCLEO_F446RE/TOOLCHAIN_GCC_ARM/libmbed.a(gpio.o)
 .comment       0x000000000000008d       0x71 /home/caleb/Desktop/Nucleo_blink/lib/mbed/TARGET_NUCLEO_F446RE/TOOLCHAIN_GCC_ARM/libmbed.a(pinmap_common.o)
 .comment       0x000000000000008d       0x71 /home/caleb/Desktop/Nucleo_blink/lib/mbed/TARGET_NUCLEO_F446RE/TOOLCHAIN_GCC_ARM/libmbed.a(us_ticker_api.o)
 .comment       0x000000000000008d       0x71 /home/caleb/Desktop/Nucleo_blink/lib/mbed/TARGET_NUCLEO_F446RE/TOOLCHAIN_GCC_ARM/libmbed.a(wait_api.o)
 .comment       0x000000000000008d       0x71 /home/caleb/Desktop/Nucleo_blink/lib/mbed/TARGET_NUCLEO_F446RE/TOOLCHAIN_GCC_ARM/libmbed.a(PeripheralPins.o)
 .comment       0x000000000000008d       0x71 /home/caleb/Desktop/Nucleo_blink/lib/mbed/TARGET_NUCLEO_F446RE/TOOLCHAIN_GCC_ARM/libmbed.a(gpio_api.o)
 .comment       0x000000000000008d       0x71 /home/caleb/Desktop/Nucleo_blink/lib/mbed/TARGET_NUCLEO_F446RE/TOOLCHAIN_GCC_ARM/libmbed.a(pinmap.o)
 .comment       0x000000000000008d       0x71 /home/caleb/Desktop/Nucleo_blink/lib/mbed/TARGET_NUCLEO_F446RE/TOOLCHAIN_GCC_ARM/libmbed.a(us_ticker.o)
 .comment       0x000000000000008d       0x71 /home/caleb/Desktop/Nucleo_blink/lib/mbed/TARGET_NUCLEO_F446RE/TOOLCHAIN_GCC_ARM/libmbed.a(ticker_api.o)

.debug_frame    0x0000000000000000      0xf80
 .debug_frame   0x0000000000000000       0x20 /usr/lib/gcc/arm-none-eabi/5.3.0/../../../../arm-none-eabi/lib/armv7e-m/fpu/libc_nano.a(lib_a-atexit.o)
 .debug_frame   0x0000000000000020       0x20 /usr/lib/gcc/arm-none-eabi/5.3.0/../../../../arm-none-eabi/lib/armv7e-m/fpu/libc_nano.a(lib_a-errno.o)
 .debug_frame   0x0000000000000040       0x28 /usr/lib/gcc/arm-none-eabi/5.3.0/../../../../arm-none-eabi/lib/armv7e-m/fpu/libc_nano.a(lib_a-exit.o)
 .debug_frame   0x0000000000000068       0x68 /usr/lib/gcc/arm-none-eabi/5.3.0/../../../../arm-none-eabi/lib/armv7e-m/fpu/libc_nano.a(lib_a-fflush.o)
 .debug_frame   0x00000000000000d0      0x11c /usr/lib/gcc/arm-none-eabi/5.3.0/../../../../arm-none-eabi/lib/armv7e-m/fpu/libc_nano.a(lib_a-findfp.o)
 .debug_frame   0x00000000000001ec       0x34 /usr/lib/gcc/arm-none-eabi/5.3.0/../../../../arm-none-eabi/lib/armv7e-m/fpu/libc_nano.a(lib_a-fini.o)
 .debug_frame   0x0000000000000220       0x54 /usr/lib/gcc/arm-none-eabi/5.3.0/../../../../arm-none-eabi/lib/armv7e-m/fpu/libc_nano.a(lib_a-fwalk.o)
 .debug_frame   0x0000000000000274       0x2c /usr/lib/gcc/arm-none-eabi/5.3.0/../../../../arm-none-eabi/lib/armv7e-m/fpu/libc_nano.a(lib_a-init.o)
 .debug_frame   0x00000000000002a0       0x30 /usr/lib/gcc/arm-none-eabi/5.3.0/../../../../arm-none-eabi/lib/armv7e-m/fpu/libc_nano.a(lib_a-malloc.o)
 .debug_frame   0x00000000000002d0       0x28 /usr/lib/gcc/arm-none-eabi/5.3.0/../../../../arm-none-eabi/lib/armv7e-m/fpu/libc_nano.a(lib_a-memcpy-stub.o)
 .debug_frame   0x00000000000002f8       0x20 /usr/lib/gcc/arm-none-eabi/5.3.0/../../../../arm-none-eabi/lib/armv7e-m/fpu/libc_nano.a(lib_a-memset.o)