Archive member included to satisfy reference by file (symbol)

./mbed/TARGET_NUCLEO_F446RE/TOOLCHAIN_GCC_ARM/libmbed.a(assert.o)
                              obj/main.o (mbed_assert_internal)
./mbed/TARGET_NUCLEO_F446RE/TOOLCHAIN_GCC_ARM/libmbed.a(error.o)
                              ./mbed/TARGET_NUCLEO_F446RE/TOOLCHAIN_GCC_ARM/libmbed.a(assert.o) (error)
./mbed/TARGET_NUCLEO_F446RE/TOOLCHAIN_GCC_ARM/libmbed.a(gpio.o)
                              obj/main.o (gpio_init_out)
./mbed/TARGET_NUCLEO_F446RE/TOOLCHAIN_GCC_ARM/libmbed.a(wait_api.o)
                              obj/main.o (wait)
./mbed/TARGET_NUCLEO_F446RE/TOOLCHAIN_GCC_ARM/libmbed.a(gpio_api.o)
                              ./mbed/TARGET_NUCLEO_F446RE/TOOLCHAIN_GCC_ARM/libmbed.a(gpio.o) (gpio_init)
./mbed/TARGET_NUCLEO_F446RE/TOOLCHAIN_GCC_ARM/libmbed.a(pinmap.o)
                              ./mbed/TARGET_NUCLEO_F446RE/TOOLCHAIN_GCC_ARM/libmbed.a(gpio_api.o) (Set_GPIO_Clock)
./mbed/TARGET_NUCLEO_F446RE/TOOLCHAIN_GCC_ARM/libmbed.a(us_ticker.o)
                              ./mbed/TARGET_NUCLEO_F446RE/TOOLCHAIN_GCC_ARM/libmbed.a(wait_api.o) (us_ticker_read)
/usr/lib/gcc/arm-none-eabi/5.3.0/../../../../arm-none-eabi/lib/armv7e-m/fpu/libc_nano.a(lib_a-atexit.o)
                              /usr/lib/gcc/arm-none-eabi/5.3.0/../../../../arm-none-eabi/lib/armv7e-m/fpu/crt0.o (atexit)
/usr/lib/gcc/arm-none-eabi/5.3.0/../../../../arm-none-eabi/lib/armv7e-m/fpu/libc_nano.a(lib_a-exit.o)
                              /usr/lib/gcc/arm-none-eabi/5.3.0/../../../../arm-none-eabi/lib/armv7e-m/fpu/crt0.o (exit)
/usr/lib/gcc/arm-none-eabi/5.3.0/../../../../arm-none-eabi/lib/armv7e-m/fpu/libc_nano.a(lib_a-fini.o)
                              /usr/lib/gcc/arm-none-eabi/5.3.0/../../../../arm-none-eabi/lib/armv7e-m/fpu/crt0.o (__libc_fini_array)
/usr/lib/gcc/arm-none-eabi/5.3.0/../../../../arm-none-eabi/lib/armv7e-m/fpu/libc_nano.a(lib_a-impure.o)
                              /usr/lib/gcc/arm-none-eabi/5.3.0/../../../../arm-none-eabi/lib/armv7e-m/fpu/libc_nano.a(lib_a-exit.o) (_global_impure_ptr)
/usr/lib/gcc/arm-none-eabi/5.3.0/../../../../arm-none-eabi/lib/armv7e-m/fpu/libc_nano.a(lib_a-init.o)
                              /usr/lib/gcc/arm-none-eabi/5.3.0/../../../../arm-none-eabi/lib/armv7e-m/fpu/crt0.o (__libc_init_array)
/usr/lib/gcc/arm-none-eabi/5.3.0/../../../../arm-none-eabi/lib/armv7e-m/fpu/libc_nano.a(lib_a-memset.o)
                              /usr/lib/gcc/arm-none-eabi/5.3.0/../../../../arm-none-eabi/lib/armv7e-m/fpu/crt0.o (memset)
/usr/lib/gcc/arm-none-eabi/5.3.0/../../../../arm-none-eabi/lib/armv7e-m/fpu/libc_nano.a(lib_a-nano-vfprintf.o)
                              ./mbed/TARGET_NUCLEO_F446RE/TOOLCHAIN_GCC_ARM/libmbed.a(error.o) (vfprintf)
/usr/lib/gcc/arm-none-eabi/5.3.0/../../../../arm-none-eabi/lib/armv7e-m/fpu/libc_nano.a(lib_a-nano-vfprintf_float.o)
                              /usr/lib/gcc/arm-none-eabi/5.3.0/../../../../arm-none-eabi/lib/armv7e-m/fpu/libc_nano.a(lib_a-nano-vfprintf.o) (_printf_float)
/usr/lib/gcc/arm-none-eabi/5.3.0/../../../../arm-none-eabi/lib/armv7e-m/fpu/libc_nano.a(lib_a-nano-vfprintf_i.o)
                              /usr/lib/gcc/arm-none-eabi/5.3.0/../../../../arm-none-eabi/lib/armv7e-m/fpu/libc_nano.a(lib_a-nano-vfprintf_float.o) (_printf_common)
/usr/lib/gcc/arm-none-eabi/5.3.0/../../../../arm-none-eabi/lib/armv7e-m/fpu/libc_nano.a(lib_a-nano-vfscanf_float.o)
                              (_scanf_float)
/usr/lib/gcc/arm-none-eabi/5.3.0/../../../../arm-none-eabi/lib/armv7e-m/fpu/libc_nano.a(lib_a-s_fpclassify.o)
                              /usr/lib/gcc/arm-none-eabi/5.3.0/../../../../arm-none-eabi/lib/armv7e-m/fpu/libc_nano.a(lib_a-nano-vfprintf_float.o) (__fpclassifyd)
/usr/lib/gcc/arm-none-eabi/5.3.0/../../../../arm-none-eabi/lib/armv7e-m/fpu/libc_nano.a(lib_a-sf_nan.o)
                              /usr/lib/gcc/arm-none-eabi/5.3.0/../../../../arm-none-eabi/lib/armv7e-m/fpu/libc_nano.a(lib_a-nano-vfscanf_float.o) (nanf)
/usr/lib/gcc/arm-none-eabi/5.3.0/../../../../arm-none-eabi/lib/armv7e-m/fpu/libc_nano.a(lib_a-sprintf.o)
                              /usr/lib/gcc/arm-none-eabi/5.3.0/../../../../arm-none-eabi/lib/armv7e-m/fpu/libc_nano.a(lib_a-nano-vfscanf_float.o) (sprintf)
/usr/lib/gcc/arm-none-eabi/5.3.0/../../../../arm-none-eabi/lib/armv7e-m/fpu/libc_nano.a(lib_a-strlen.o)
                              /usr/lib/gcc/arm-none-eabi/5.3.0/../../../../arm-none-eabi/lib/armv7e-m/fpu/libc_nano.a(lib_a-nano-vfprintf_float.o) (strlen)
/usr/lib/gcc/arm-none-eabi/5.3.0/../../../../arm-none-eabi/lib/armv7e-m/fpu/libc_nano.a(lib_a-strtod.o)
                              /usr/lib/gcc/arm-none-eabi/5.3.0/../../../../arm-none-eabi/lib/armv7e-m/fpu/libc_nano.a(lib_a-nano-vfscanf_float.o) (_strtod_r)
/usr/lib/gcc/arm-none-eabi/5.3.0/../../../../arm-none-eabi/lib/armv7e-m/fpu/libc_nano.a(lib_a-strtol.o)
[...]
Memory Configuration

Name             Origin             Length             Attributes
FLASH            0x0000000008000000 0x0000000000080000 xr
RAM              0x00000000200001c4 0x000000000001fe3c xrw
*default*        0x0000000000000000 0xffffffffffffffff

Linker script and memory map

LOAD /usr/lib/gcc/arm-none-eabi/5.3.0/armv7e-m/fpu/crti.o
LOAD /usr/lib/gcc/arm-none-eabi/5.3.0/armv7e-m/fpu/crtbegin.o
LOAD /usr/lib/gcc/arm-none-eabi/5.3.0/../../../../arm-none-eabi/lib/armv7e-m/fpu/crt0.o
LOAD obj/main.o
LOAD ./mbed/TARGET_NUCLEO_F446RE/TOOLCHAIN_GCC_ARM/libmbed.a
LOAD /usr/lib/gcc/arm-none-eabi/5.3.0/../../../../arm-none-eabi/lib/armv7e-m/fpu/libstdc++_nano.a
LOAD /usr/lib/gcc/arm-none-eabi/5.3.0/../../../../arm-none-eabi/lib/armv7e-m/fpu/libsupc++_nano.a
LOAD /usr/lib/gcc/arm-none-eabi/5.3.0/../../../../arm-none-eabi/lib/armv7e-m/fpu/libm.a
LOAD /usr/lib/gcc/arm-none-eabi/5.3.0/../../../../arm-none-eabi/lib/armv7e-m/fpu/libc_nano.a
LOAD /usr/lib/gcc/arm-none-eabi/5.3.0/armv7e-m/fpu/libgcc.a
LOAD /usr/lib/gcc/arm-none-eabi/5.3.0/../../../../arm-none-eabi/lib/armv7e-m/fpu/libnosys.a
LOAD ./mbed/TARGET_NUCLEO_F446RE/TOOLCHAIN_GCC_ARM/libmbed.a
LOAD /usr/lib/gcc/arm-none-eabi/5.3.0/../../../../arm-none-eabi/lib/armv7e-m/fpu/libstdc++_nano.a
LOAD /usr/lib/gcc/arm-none-eabi/5.3.0/../../../../arm-none-eabi/lib/armv7e-m/fpu/libsupc++_nano.a
LOAD /usr/lib/gcc/arm-none-eabi/5.3.0/../../../../arm-none-eabi/lib/armv7e-m/fpu/libm.a
LOAD /usr/lib/gcc/arm-none-eabi/5.3.0/../../../../arm-none-eabi/lib/armv7e-m/fpu/libc_nano.a
LOAD /usr/lib/gcc/arm-none-eabi/5.3.0/armv7e-m/fpu/libgcc.a
LOAD /usr/lib/gcc/arm-none-eabi/5.3.0/../../../../arm-none-eabi/lib/armv7e-m/fpu/libnosys.a
START GROUP
LOAD /usr/lib/gcc/arm-none-eabi/5.3.0/armv7e-m/fpu/libgcc.a
LOAD /usr/lib/gcc/arm-none-eabi/5.3.0/../../../../arm-none-eabi/lib/armv7e-m/fpu/libc_nano.a
END GROUP
START GROUP
LOAD /usr/lib/gcc/arm-none-eabi/5.3.0/armv7e-m/fpu/libgcc.a
LOAD /usr/lib/gcc/arm-none-eabi/5.3.0/../../../../arm-none-eabi/lib/armv7e-m/fpu/libc_nano.a
END GROUP
LOAD /usr/lib/gcc/arm-none-eabi/5.3.0/armv7e-m/fpu/crtend.o
LOAD /usr/lib/gcc/arm-none-eabi/5.3.0/armv7e-m/fpu/crtn.o

.text           0x0000000008000000     0x57f8
 *(.isr_vector)
 *(.text*)
 .text.__do_global_dtors_aux
                0x0000000008000000       0x28 /usr/lib/gcc/arm-none-eabi/5.3.0/armv7e-m/fpu/crtbegin.o
 .text.frame_dummy
                0x0000000008000028       0x34 /usr/lib/gcc/arm-none-eabi/5.3.0/armv7e-m/fpu/crtbegin.o
 .text._ZN4mbed10DigitalOutC2E7PinName
                0x000000000800005c       0x34 obj/main.o
                0x000000000800005c                mbed::DigitalOut::DigitalOut(PinName)
                0x000000000800005c                mbed::DigitalOut::DigitalOut(PinName)
 .text._Z41__static_initialization_and_destruction_0ii
                0x0000000008000090       0x2c obj/main.o
 .text._GLOBAL__sub_I_myled
                0x00000000080000bc       0x10 obj/main.o
 .text.mbed_assert_internal
                0x00000000080000cc       0x18 ./mbed/TARGET_NUCLEO_F446RE/TOOLCHAIN_GCC_ARM/libmbed.a(assert.o)
                0x00000000080000cc                mbed_assert_internal
 .text.error    0x00000000080000e4       0x24 ./mbed/TARGET_NUCLEO_F446RE/TOOLCHAIN_GCC_ARM/libmbed.a(error.o)
                0x00000000080000e4                error
 .text.gpio_init_out
                0x0000000008000108       0x48 ./mbed/TARGET_NUCLEO_F446RE/TOOLCHAIN_GCC_ARM/libmbed.a(gpio.o)
                0x0000000008000108                gpio_init_out
 .text.gpio_set
                0x0000000008000150       0x30 ./mbed/TARGET_NUCLEO_F446RE/TOOLCHAIN_GCC_ARM/libmbed.a(gpio_api.o)
                0x0000000008000150                gpio_set
 .text.gpio_init
                0x0000000008000180       0x2c ./mbed/TARGET_NUCLEO_F446RE/TOOLCHAIN_GCC_ARM/libmbed.a(gpio_api.o)
                0x0000000008000180                gpio_init
 .text.gpio_mode
                0x00000000080001ac        0x8 ./mbed/TARGET_NUCLEO_F446RE/TOOLCHAIN_GCC_ARM/libmbed.a(gpio_api.o)
                0x00000000080001ac                gpio_mode
 .text.gpio_dir
                0x00000000080001b4       0x40 ./mbed/TARGET_NUCLEO_F446RE/TOOLCHAIN_GCC_ARM/libmbed.a(gpio_api.o)
                0x00000000080001b4                gpio_dir
 .text.Set_GPIO_Clock
                0x00000000080001f4      0x12c ./mbed/TARGET_NUCLEO_F446RE/TOOLCHAIN_GCC_ARM/libmbed.a(pinmap.o)
                0x00000000080001f4                Set_GPIO_Clock
 .text.pin_function
                0x0000000008000320       0x5c ./mbed/TARGET_NUCLEO_F446RE/TOOLCHAIN_GCC_ARM/libmbed.a(pinmap.o)
                0x0000000008000320                pin_function
 .text.pin_mode
                0x000000000800037c       0x48 ./mbed/TARGET_NUCLEO_F446RE/TOOLCHAIN_GCC_ARM/libmbed.a(pinmap.o)
                0x000000000800037c                pin_mode
 .text.exit     0x00000000080003c4       0x28 /usr/lib/gcc/arm-none-eabi/5.3.0/../../../../arm-none-eabi/lib/armv7e-m/fpu/libc_nano.a(lib_a-exit.o)
                0x00000000080003c4                exit
 .text.memset   0x00000000080003ec       0x10 /usr/lib/gcc/arm-none-eabi/5.3.0/../../../../arm-none-eabi/lib/armv7e-m/fpu/libc_nano.a(lib_a-memset.o)
                0x00000000080003ec                memset
 .text.__sfputc_r
                0x00000000080003fc       0x30 /usr/lib/gcc/arm-none-eabi/5.3.0/../../../../arm-none-eabi/lib/armv7e-m/fpu/libc_nano.a(lib_a-nano-vfprintf.o)
 .text.__sfputs_r
                0x000000000800042c       0x24 /usr/lib/gcc/arm-none-eabi/5.3.0/../../../../arm-none-eabi/lib/armv7e-m/fpu/libc_nano.a(lib_a-nano-vfprintf.o)
                0x000000000800042c                __sfputs_r
 .text._vfprintf_r
                0x0000000008000450      0x238 /usr/lib/gcc/arm-none-eabi/5.3.0/../../../../arm-none-eabi/lib/armv7e-m/fpu/libc_nano.a(lib_a-nano-vfprintf.o)
                0x0000000008000450                _vfiprintf_r
                0x0000000008000450                _vfprintf_r
 .text.vfprintf
                0x0000000008000688       0x14 /usr/lib/gcc/arm-none-eabi/5.3.0/../../../../arm-none-eabi/lib/armv7e-m/fpu/libc_nano.a(lib_a-nano-vfprintf.o)
                0x0000000008000688                vfiprintf
                0x0000000008000688                vfprintf
 .text.__cvt    0x000000000800069c       0xc8 /usr/lib/gcc/arm-none-eabi/5.3.0/../../../../arm-none-eabi/lib/armv7e-m/fpu/libc_nano.a(lib_a-nano-vfprintf_float.o)
                0x000000000800069c                __cvt
 .text.__exponent
                0x0000000008000764       0x60 /usr/lib/gcc/arm-none-eabi/5.3.0/../../../../arm-none-eabi/lib/armv7e-m/fpu/libc_nano.a(lib_a-nano-vfprintf_float.o)
                0x0000000008000764                __exponent
 .text._printf_float
                0x00000000080007c4      0x454 /usr/lib/gcc/arm-none-eabi/5.3.0/../../../../arm-none-eabi/lib/armv7e-m/fpu/libc_nano.a(lib_a-nano-vfprintf_float.o)
                0x00000000080007c4                _printf_float
 .text._printf_common
                0x0000000008000c18       0xec /usr/lib/gcc/arm-none-eabi/5.3.0/../../../../arm-none-eabi/lib/armv7e-m/fpu/libc_nano.a(lib_a-nano-vfprintf_i.o)
                0x0000000008000c18                _printf_common
 .text._printf_i
                0x0000000008000d04      0x24c /usr/lib/gcc/arm-none-eabi/5.3.0/../../../../arm-none-eabi/lib/armv7e-m/fpu/libc_nano.a(lib_a-nano-vfprintf_i.o)
                0x0000000008000d04                _printf_i
 .text._scanf_float
                0x0000000008000f50      0x3b8 /usr/lib/gcc/arm-none-eabi/5.3.0/../../../../arm-none-eabi/lib/armv7e-m/fpu/libc_nano.a(lib_a-nano-vfscanf_float.o)
                0x0000000008000f50                _scanf_float
 .text.__fpclassifyd
                0x0000000008001308       0x58 /usr/lib/gcc/arm-none-eabi/5.3.0/../../../../arm-none-eabi/lib/armv7e-m/fpu/libc_nano.a(lib_a-s_fpclassify.o)
                0x0000000008001308                __fpclassifyd
 .text.nanf     0x0000000008001360        0xc /usr/lib/gcc/arm-none-eabi/5.3.0/../../../../arm-none-eabi/lib/armv7e-m/fpu/libc_nano.a(lib_a-sf_nan.o)
                0x0000000008001360                nanf
 .text.sprintf  0x000000000800136c       0x48 /usr/lib/gcc/arm-none-eabi/5.3.0/../../../../arm-none-eabi/lib/armv7e-m/fpu/libc_nano.a(lib_a-sprintf.o)
                0x000000000800136c                sprintf
                0x000000000800136c                siprintf
 .text          0x00000000080013b4       0x10 /usr/lib/gcc/arm-none-eabi/5.3.0/../../../../arm-none-eabi/lib/armv7e-m/fpu/libc_nano.a(lib_a-strlen.o)
                0x00000000080013b4                strlen
 .text.sulp     0x00000000080013c4       0x38 /usr/lib/gcc/arm-none-eabi/5.3.0/../../../../arm-none-eabi/lib/armv7e-m/fpu/libc_nano.a(lib_a-strtod.o)
 *fill*         0x00000000080013fc        0x4 
 .text._strtod_r
                0x0000000008001400      0xc00 /usr/lib/gcc/arm-none-eabi/5.3.0/../../../../arm-none-eabi/lib/armv7e-m/fpu/libc_nano.a(lib_a-strtod.o)
                0x0000000008001400                _strtod_r
 .text._strtol_r
                0x0000000008002000      0x10c /usr/lib/gcc/arm-none-eabi/5.3.0/../../../../arm-none-eabi/lib/armv7e-m/fpu/libc_nano.a(lib_a-strtol.o)
                0x0000000008002000                _strtol_r
 .text.__swbuf_r
                0x000000000800210c       0xa8 /usr/lib/gcc/arm-none-eabi/5.3.0/../../../../arm-none-eabi/lib/armv7e-m/fpu/libc_nano.a(lib_a-wbuf.o)
                0x000000000800210c                __swbuf_r
 .text.__swsetup_r
                0x00000000080021b4       0xd8 /usr/lib/gcc/arm-none-eabi/5.3.0/../../../../arm-none-eabi/lib/armv7e-m/fpu/libc_nano.a(lib_a-wsetup.o)
                0x00000000080021b4                __swsetup_r
 .text.__call_exitprocs
                0x000000000800228c       0xd4 /usr/lib/gcc/arm-none-eabi/5.3.0/../../../../arm-none-eabi/lib/armv7e-m/fpu/libc_nano.a(lib_a-__call_atexit.o)
                0x000000000800228c                __call_exitprocs
 .text.quorem   0x0000000008002360      0x11e /usr/lib/gcc/arm-none-eabi/5.3.0/../../../../arm-none-eabi/lib/armv7e-m/fpu/libc_nano.a(lib_a-dtoa.o)
 *fill*         0x000000000800247e        0x2 
 .text._dtoa_r  0x0000000008002480      0xb40 /usr/lib/gcc/arm-none-eabi/5.3.0/../../../../arm-none-eabi/lib/armv7e-m/fpu/libc_nano.a(lib_a-dtoa.o)
                0x0000000008002480                _dtoa_r
 .text.__sflush_r
                0x0000000008002fc0      0x110 /usr/lib/gcc/arm-none-eabi/5.3.0/../../../../arm-none-eabi/lib/armv7e-m/fpu/libc_nano.a(lib_a-fflush.o)
                0x0000000008002fc0                __sflush_r
 .text._fflush_r
                0x00000000080030d0       0x54 /usr/lib/gcc/arm-none-eabi/5.3.0/../../../../arm-none-eabi/lib/armv7e-m/fpu/libc_nano.a(lib_a-fflush.o)
                0x00000000080030d0                _fflush_r
 .text._cleanup_r
                0x0000000008003124        0xc /usr/lib/gcc/arm-none-eabi/5.3.0/../../../../arm-none-eabi/lib/armv7e-m/fpu/libc_nano.a(lib_a-findfp.o)
                0x0000000008003124                _cleanup_r
 .text.std.isra.0
                0x0000000008003130       0x48 /usr/lib/gcc/arm-none-eabi/5.3.0/../../../../arm-none-eabi/lib/armv7e-m/fpu/libc_nano.a(lib_a-findfp.o)
 .text.__sfmoreglue
                0x0000000008003178       0x2c /usr/lib/gcc/arm-none-eabi/5.3.0/../../../../arm-none-eabi/lib/armv7e-m/fpu/libc_nano.a(lib_a-findfp.o)
                0x0000000008003178                __sfmoreglue
 .text.__sinit  0x00000000080031a4       0x60 /usr/lib/gcc/arm-none-eabi/5.3.0/../../../../arm-none-eabi/lib/armv7e-m/fpu/libc_nano.a(lib_a-findfp.o)
                0x00000000080031a4                __sinit
 .text.__sfp    0x0000000008003204       0x78 /usr/lib/gcc/arm-none-eabi/5.3.0/../../../../arm-none-eabi/lib/armv7e-m/fpu/libc_nano.a(lib_a-findfp.o)
                0x0000000008003204                __sfp
 .text._fwalk_reent
                0x000000000800327c       0x3c /usr/lib/gcc/arm-none-eabi/5.3.0/../../../../arm-none-eabi/lib/armv7e-m/fpu/libc_nano.a(lib_a-fwalk.o)
                0x000000000800327c                _fwalk_reent
 .text.rshift   0x00000000080032b8       0x6c /usr/lib/gcc/arm-none-eabi/5.3.0/../../../../arm-none-eabi/lib/armv7e-m/fpu/libc_nano.a(lib_a-gdtoa-gethex.o)
 .text.__hexdig_fun
                0x0000000008003324       0x2a /usr/lib/gcc/arm-none-eabi/5.3.0/../../../../arm-none-eabi/lib/armv7e-m/fpu/libc_nano.a(lib_a-gdtoa-gethex.o)
                0x0000000008003324                __hexdig_fun
 .text.__gethex
                0x000000000800334e      0x43e /usr/lib/gcc/arm-none-eabi/5.3.0/../../../../arm-none-eabi/lib/armv7e-m/fpu/libc_nano.a(lib_a-gdtoa-gethex.o)
                0x000000000800334e                __gethex
 .text.L_shift  0x000000000800378c       0x24 /usr/lib/gcc/arm-none-eabi/5.3.0/../../../../arm-none-eabi/lib/armv7e-m/fpu/libc_nano.a(lib_a-gdtoa-hexnan.o)
 .text.__match  0x00000000080037b0       0x26 /usr/lib/gcc/arm-none-eabi/5.3.0/../../../../arm-none-eabi/lib/armv7e-m/fpu/libc_nano.a(lib_a-gdtoa-hexnan.o)
                0x00000000080037b0                __match
 .text.__hexnan
                0x00000000080037d6      0x11c /usr/lib/gcc/arm-none-eabi/5.3.0/../../../../arm-none-eabi/lib/armv7e-m/fpu/libc_nano.a(lib_a-gdtoa-hexnan.o)
                0x00000000080037d6                __hexnan
 *fill*         0x00000000080038f2        0x2 
 .text._localeconv_r
                0x00000000080038f4        0x8 /usr/lib/gcc/arm-none-eabi/5.3.0/../../../../arm-none-eabi/lib/armv7e-m/fpu/libc_nano.a(lib_a-locale.o)
                0x00000000080038f4                _localeconv_r
 .text.__smakebuf_r
                0x00000000080038fc       0x9c /usr/lib/gcc/arm-none-eabi/5.3.0/../../../../arm-none-eabi/lib/armv7e-m/fpu/libc_nano.a(lib_a-makebuf.o)
                0x00000000080038fc                __smakebuf_r
 .text.malloc   0x0000000008003998       0x10 /usr/lib/gcc/arm-none-eabi/5.3.0/../../../../arm-none-eabi/lib/armv7e-m/fpu/libc_nano.a(lib_a-malloc.o)
                0x0000000008003998                malloc
 .text.free     0x00000000080039a8       0x10 /usr/lib/gcc/arm-none-eabi/5.3.0/../../../../arm-none-eabi/lib/armv7e-m/fpu/libc_nano.a(lib_a-malloc.o)
                0x00000000080039a8                free
 *fill*         0x00000000080039b8        0x8 
 .text          0x00000000080039c0       0xa0 /usr/lib/gcc/arm-none-eabi/5.3.0/../../../../arm-none-eabi/lib/armv7e-m/fpu/libc_nano.a(lib_a-memchr.o)
                0x00000000080039c0                memchr
 .text.memcpy   0x0000000008003a60       0x16 /usr/lib/gcc/arm-none-eabi/5.3.0/../../../../arm-none-eabi/lib/armv7e-m/fpu/libc_nano.a(lib_a-memcpy-stub.o)
                0x0000000008003a60                memcpy
 .text.memmove  0x0000000008003a76       0x36 /usr/lib/gcc/arm-none-eabi/5.3.0/../../../../arm-none-eabi/lib/armv7e-m/fpu/libc_nano.a(lib_a-memmove.o)
                0x0000000008003a76                memmove
 .text._Balloc  0x0000000008003aac       0x6a /usr/lib/gcc/arm-none-eabi/5.3.0/../../../../arm-none-eabi/lib/armv7e-m/fpu/libc_nano.a(lib_a-mprec.o)
                0x0000000008003aac                _Balloc
 .text._Bfree   0x0000000008003b16       0x2e /usr/lib/gcc/arm-none-eabi/5.3.0/../../../../arm-none-eabi/lib/armv7e-m/fpu/libc_nano.a(lib_a-mprec.o)
                0x0000000008003b16                _Bfree
 .text.__multadd
                0x0000000008003b44       0x76 /usr/lib/gcc/arm-none-eabi/5.3.0/../../../../arm-none-eabi/lib/armv7e-m/fpu/libc_nano.a(lib_a-mprec.o)
                0x0000000008003b44                __multadd
 .text.__s2b    0x0000000008003bba       0x7c /usr/lib/gcc/arm-none-eabi/5.3.0/../../../../arm-none-eabi/lib/armv7e-m/fpu/libc_nano.a(lib_a-mprec.o)
                0x0000000008003bba                __s2b
 .text.__hi0bits
                0x0000000008003c36       0x40 /usr/lib/gcc/arm-none-eabi/5.3.0/../../../../arm-none-eabi/lib/armv7e-m/fpu/libc_nano.a(lib_a-mprec.o)
                0x0000000008003c36                __hi0bits
 .text.__lo0bits
                0x0000000008003c76       0x5a /usr/lib/gcc/arm-none-eabi/5.3.0/../../../../arm-none-eabi/lib/armv7e-m/fpu/libc_nano.a(lib_a-mprec.o)
                0x0000000008003c76                __lo0bits
 .text.__i2b    0x0000000008003cd0       0x12 /usr/lib/gcc/arm-none-eabi/5.3.0/../../../../arm-none-eabi/lib/armv7e-m/fpu/libc_nano.a(lib_a-mprec.o)
                0x0000000008003cd0                __i2b
 .text.__multiply
                0x0000000008003ce2      0x122 /usr/lib/gcc/arm-none-eabi/5.3.0/../../../../arm-none-eabi/lib/armv7e-m/fpu/libc_nano.a(lib_a-mprec.o)
                0x0000000008003ce2                __multiply
 .text.__pow5mult
                0x0000000008003e04       0x9c /usr/lib/gcc/arm-none-eabi/5.3.0/../../../../arm-none-eabi/lib/armv7e-m/fpu/libc_nano.a(lib_a-mprec.o)
                0x0000000008003e04                __pow5mult
 .text.__lshift
                0x0000000008003ea0       0xa2 /usr/lib/gcc/arm-none-eabi/5.3.0/../../../../arm-none-eabi/lib/armv7e-m/fpu/libc_nano.a(lib_a-mprec.o)
                0x0000000008003ea0                __lshift
 .text.__mcmp   0x0000000008003f42       0x38 /usr/lib/gcc/arm-none-eabi/5.3.0/../../../../arm-none-eabi/lib/armv7e-m/fpu/libc_nano.a(lib_a-mprec.o)
                0x0000000008003f42                __mcmp
 .text.__mdiff  0x0000000008003f7a       0xbe /usr/lib/gcc/arm-none-eabi/5.3.0/../../../../arm-none-eabi/lib/armv7e-m/fpu/libc_nano.a(lib_a-mprec.o)
                0x0000000008003f7a                __mdiff
 .text.__ulp    0x0000000008004038       0x50 /usr/lib/gcc/arm-none-eabi/5.3.0/../../../../arm-none-eabi/lib/armv7e-m/fpu/libc_nano.a(lib_a-mprec.o)
                0x0000000008004038                __ulp
 .text.__b2d    0x0000000008004088       0x9a /usr/lib/gcc/arm-none-eabi/5.3.0/../../../../arm-none-eabi/lib/armv7e-m/fpu/libc_nano.a(lib_a-mprec.o)
                0x0000000008004088                __b2d
 .text.__d2b    0x0000000008004122       0x9c /usr/lib/gcc/arm-none-eabi/5.3.0/../../../../arm-none-eabi/lib/armv7e-m/fpu/libc_nano.a(lib_a-mprec.o)
                0x0000000008004122                __d2b
 .text.__ratio  0x00000000080041be       0x54 /usr/lib/gcc/arm-none-eabi/5.3.0/../../../../arm-none-eabi/lib/armv7e-m/fpu/libc_nano.a(lib_a-mprec.o)
                0x00000000080041be                __ratio
 .text.__copybits
                0x0000000008004212       0x34 /usr/lib/gcc/arm-none-eabi/5.3.0/../../../../arm-none-eabi/lib/armv7e-m/fpu/libc_nano.a(lib_a-mprec.o)
                0x0000000008004212                __copybits
 .text.__any_on
                0x0000000008004246       0x44 /usr/lib/gcc/arm-none-eabi/5.3.0/../../../../arm-none-eabi/lib/armv7e-m/fpu/libc_nano.a(lib_a-mprec.o)
                0x0000000008004246                __any_on
 .text._calloc_r
                0x000000000800428a       0x1c /usr/lib/gcc/arm-none-eabi/5.3.0/../../../../arm-none-eabi/lib/armv7e-m/fpu/libc_nano.a(lib_a-nano-callocr.o)
                0x000000000800428a                _calloc_r
 *fill*         0x00000000080042a6        0x2 
 .text._free_r  0x00000000080042a8       0x8c /usr/lib/gcc/arm-none-eabi/5.3.0/../../../../arm-none-eabi/lib/armv7e-m/fpu/libc_nano.a(lib_a-nano-freer.o)
                0x00000000080042a8                _free_r
 .text._malloc_r
                0x0000000008004334       0xa8 /usr/lib/gcc/arm-none-eabi/5.3.0/../../../../arm-none-eabi/lib/armv7e-m/fpu/libc_nano.a(lib_a-nano-mallocr.o)
                0x0000000008004334                _malloc_r
 .text._realloc_r
                0x00000000080043dc       0x4c /usr/lib/gcc/arm-none-eabi/5.3.0/../../../../arm-none-eabi/lib/armv7e-m/fpu/libc_nano.a(lib_a-nano-reallocr.o)
                0x00000000080043dc                _realloc_r
 .text.__ssputs_r
                0x0000000008004428       0xb2 /usr/lib/gcc/arm-none-eabi/5.3.0/../../../../arm-none-eabi/lib/armv7e-m/fpu/libc_nano.a(lib_a-nano-svfprintf.o)
                0x0000000008004428                __ssputs_r
 *fill*         0x00000000080044da        0x2 
 .text._svfprintf_r
                0x00000000080044dc      0x1e8 /usr/lib/gcc/arm-none-eabi/5.3.0/../../../../arm-none-eabi/lib/armv7e-m/fpu/libc_nano.a(lib_a-nano-svfprintf.o)
                0x00000000080044dc                _svfprintf_r
                0x00000000080044dc                _svfiprintf_r
 .text._sbrk_r  0x00000000080046c4       0x20 /usr/lib/gcc/arm-none-eabi/5.3.0/../../../../arm-none-eabi/lib/armv7e-m/fpu/libc_nano.a(lib_a-sbrkr.o)
                0x00000000080046c4                _sbrk_r
 .text.__sread  0x00000000080046e4       0x22 /usr/lib/gcc/arm-none-eabi/5.3.0/../../../../arm-none-eabi/lib/armv7e-m/fpu/libc_nano.a(lib_a-stdio.o)
                0x00000000080046e4                __sread
 .text.__swrite
                0x0000000008004706       0x38 /usr/lib/gcc/arm-none-eabi/5.3.0/../../../../arm-none-eabi/lib/armv7e-m/fpu/libc_nano.a(lib_a-stdio.o)
                0x0000000008004706                __swrite
 .text.__sseek  0x000000000800473e       0x24 /usr/lib/gcc/arm-none-eabi/5.3.0/../../../../arm-none-eabi/lib/armv7e-m/fpu/libc_nano.a(lib_a-stdio.o)
                0x000000000800473e                __sseek
 .text.__sclose
                0x0000000008004762        0x8 /usr/lib/gcc/arm-none-eabi/5.3.0/../../../../arm-none-eabi/lib/armv7e-m/fpu/libc_nano.a(lib_a-stdio.o)
                0x0000000008004762                __sclose
 .text.strncmp  0x000000000800476a       0x2a /usr/lib/gcc/arm-none-eabi/5.3.0/../../../../arm-none-eabi/lib/armv7e-m/fpu/libc_nano.a(lib_a-strncmp.o)
                0x000000000800476a                strncmp
 .text._write_r
                0x0000000008004794       0x24 /usr/lib/gcc/arm-none-eabi/5.3.0/../../../../arm-none-eabi/lib/armv7e-m/fpu/libc_nano.a(lib_a-writer.o)
                0x0000000008004794                _write_r
 .text._close_r
                0x00000000080047b8       0x20 /usr/lib/gcc/arm-none-eabi/5.3.0/../../../../arm-none-eabi/lib/armv7e-m/fpu/libc_nano.a(lib_a-closer.o)
                0x00000000080047b8                _close_r
 .text._fstat_r
                0x00000000080047d8       0x24 /usr/lib/gcc/arm-none-eabi/5.3.0/../../../../arm-none-eabi/lib/armv7e-m/fpu/libc_nano.a(lib_a-fstatr.o)
                0x00000000080047d8                _fstat_r
 .text._isatty_r
                0x00000000080047fc       0x20 /usr/lib/gcc/arm-none-eabi/5.3.0/../../../../arm-none-eabi/lib/armv7e-m/fpu/libc_nano.a(lib_a-isattyr.o)
                0x00000000080047fc                _isatty_r
 .text._lseek_r
                0x000000000800481c       0x24 /usr/lib/gcc/arm-none-eabi/5.3.0/../../../../arm-none-eabi/lib/armv7e-m/fpu/libc_nano.a(lib_a-lseekr.o)
                0x000000000800481c                _lseek_r
 .text._malloc_usable_size_r
                0x0000000008004840       0x14 /usr/lib/gcc/arm-none-eabi/5.3.0/../../../../arm-none-eabi/lib/armv7e-m/fpu/libc_nano.a(lib_a-nano-msizer.o)
                0x0000000008004840                _malloc_usable_size_r
 .text._read_r  0x0000000008004854       0x24 /usr/lib/gcc/arm-none-eabi/5.3.0/../../../../arm-none-eabi/lib/armv7e-m/fpu/libc_nano.a(lib_a-readr.o)
                0x0000000008004854                _read_r
 .text          0x0000000008004878      0x370 /usr/lib/gcc/arm-none-eabi/5.3.0/armv7e-m/fpu/libgcc.a(_arm_addsubdf3.o)
                0x0000000008004878                __aeabi_drsub
                0x0000000008004880                __aeabi_dsub
                0x0000000008004880                __subdf3
                0x0000000008004884                __adddf3
                0x0000000008004884                __aeabi_dadd
                0x0000000008004afc                __aeabi_ui2d
                0x0000000008004afc                __floatunsidf
                0x0000000008004b1c                __floatsidf
                0x0000000008004b1c                __aeabi_i2d
                0x0000000008004b40                __extendsfdf2
                0x0000000008004b40                __aeabi_f2d
                0x0000000008004b7c                __aeabi_ul2d
                0x0000000008004b7c                __floatundidf
                0x0000000008004b8c                __floatdidf
                0x0000000008004b8c                __aeabi_l2d
 .text          0x0000000008004be8      0x424 /usr/lib/gcc/arm-none-eabi/5.3.0/armv7e-m/fpu/libgcc.a(_arm_muldivdf3.o)
                0x0000000008004be8                __aeabi_dmul
                0x0000000008004be8                __muldf3
                0x0000000008004e3c                __aeabi_ddiv
                0x0000000008004e3c                __divdf3
 .text          0x000000000800500c      0x110 /usr/lib/gcc/arm-none-eabi/5.3.0/armv7e-m/fpu/libgcc.a(_arm_cmpdf2.o)
                0x000000000800500c                __gtdf2
                0x000000000800500c                __gedf2
                0x0000000008005014                __ltdf2
                0x0000000008005014                __ledf2
                0x000000000800501c                __cmpdf2
                0x000000000800501c                __eqdf2
                0x000000000800501c                __nedf2
                0x0000000008005098                __aeabi_cdrcmple
                0x00000000080050a8                __aeabi_cdcmple
                0x00000000080050a8                __aeabi_cdcmpeq
                0x00000000080050b8                __aeabi_dcmpeq
                0x00000000080050cc                __aeabi_dcmplt
                0x00000000080050e0                __aeabi_dcmple
                0x00000000080050f4                __aeabi_dcmpge
                0x0000000008005108                __aeabi_dcmpgt
 .text          0x000000000800511c       0x50 /usr/lib/gcc/arm-none-eabi/5.3.0/armv7e-m/fpu/libgcc.a(_arm_fixdfsi.o)
                0x000000000800511c                __fixdfsi
                0x000000000800511c                __aeabi_d2iz
 .text          0x000000000800516c       0x40 /usr/lib/gcc/arm-none-eabi/5.3.0/armv7e-m/fpu/libgcc.a(_arm_fixunsdfsi.o)
                0x000000000800516c                __fixunsdfsi
                0x000000000800516c                __aeabi_d2uiz
 .text          0x00000000080051ac       0xa0 /usr/lib/gcc/arm-none-eabi/5.3.0/armv7e-m/fpu/libgcc.a(_arm_truncdfsf2.o)
                0x00000000080051ac                __aeabi_d2f
                0x00000000080051ac                __truncdfsf2
 .text._close   0x000000000800524c       0x10 /usr/lib/gcc/arm-none-eabi/5.3.0/../../../../arm-none-eabi/lib/armv7e-m/fpu/libnosys.a(close.o)
                0x000000000800524c                _close
 .text._fstat   0x000000000800525c       0x10 /usr/lib/gcc/arm-none-eabi/5.3.0/../../../../arm-none-eabi/lib/armv7e-m/fpu/libnosys.a(fstat.o)
                0x000000000800525c                _fstat
 .text._isatty  0x000000000800526c       0x10 /usr/lib/gcc/arm-none-eabi/5.3.0/../../../../arm-none-eabi/lib/armv7e-m/fpu/libnosys.a(isatty.o)
                0x000000000800526c                _isatty
 .text._lseek   0x000000000800527c       0x10 /usr/lib/gcc/arm-none-eabi/5.3.0/../../../../arm-none-eabi/lib/armv7e-m/fpu/libnosys.a(lseek.o)
                0x000000000800527c                _lseek
 .text._read    0x000000000800528c       0x10 /usr/lib/gcc/arm-none-eabi/5.3.0/../../../../arm-none-eabi/lib/armv7e-m/fpu/libnosys.a(read.o)
                0x000000000800528c                _read
 .text._sbrk    0x000000000800529c       0x1c /usr/lib/gcc/arm-none-eabi/5.3.0/../../../../arm-none-eabi/lib/armv7e-m/fpu/libnosys.a(sbrk.o)
                0x000000000800529c                _sbrk
 .text._write   0x00000000080052b8       0x10 /usr/lib/gcc/arm-none-eabi/5.3.0/../../../../arm-none-eabi/lib/armv7e-m/fpu/libnosys.a(write.o)
                0x00000000080052b8                _write
 .text._exit    0x00000000080052c8        0x4 /usr/lib/gcc/arm-none-eabi/5.3.0/../../../../arm-none-eabi/lib/armv7e-m/fpu/libnosys.a(_exit.o)
                0x00000000080052c8                _exit
 *(.init)
 .init          0x00000000080052cc        0x4 /usr/lib/gcc/arm-none-eabi/5.3.0/armv7e-m/fpu/crti.o
                0x00000000080052cc                _init
 .init          0x00000000080052d0        0x8 /usr/lib/gcc/arm-none-eabi/5.3.0/armv7e-m/fpu/crtn.o
 *(.fini)
 .fini          0x00000000080052d8        0x4 /usr/lib/gcc/arm-none-eabi/5.3.0/armv7e-m/fpu/crti.o
                0x00000000080052d8                _fini
 .fini          0x00000000080052dc        0x8 /usr/lib/gcc/arm-none-eabi/5.3.0/armv7e-m/fpu/crtn.o
 *crtbegin.o(.ctors)
 *crtbegin?.o(.ctors)
 *(EXCLUDE_FILE(*crtend.o *crtend?.o) .ctors)
 *(SORT(.ctors.*))
 *(.ctors)
 *crtbegin.o(.dtors)
 *crtbegin?.o(.dtors)
 *(EXCLUDE_FILE(*crtend.o *crtend?.o) .dtors)
 *(SORT(.dtors.*))
 *(.dtors)
 *(.rodata*)
 .rodata.str1.4
                0x00000000080052e4       0x31 ./mbed/TARGET_NUCLEO_F446RE/TOOLCHAIN_GCC_ARM/libmbed.a(assert.o)
 *fill*         0x0000000008005315        0x3 
 .rodata.str1.4
                0x0000000008005318       0x86 ./mbed/TARGET_NUCLEO_F446RE/TOOLCHAIN_GCC_ARM/libmbed.a(gpio.o)
 *fill*         0x000000000800539e        0x2 
 .rodata.str1.4
                0x00000000080053a0       0x7a ./mbed/TARGET_NUCLEO_F446RE/TOOLCHAIN_GCC_ARM/libmbed.a(gpio_api.o)
                                         0x94 (size before relaxing)
 *fill*         0x000000000800541a        0x2 
 .rodata.gpio_mode
                0x000000000800541c       0x34 ./mbed/TARGET_NUCLEO_F446RE/TOOLCHAIN_GCC_ARM/libmbed.a(pinmap.o)
 .rodata.str1.4
                0x0000000008005450       0x88 ./mbed/TARGET_NUCLEO_F446RE/TOOLCHAIN_GCC_ARM/libmbed.a(pinmap.o)
                                         0x9c (size before relaxing)
 .rodata.str1.1
                0x00000000080054d8        0x2 /usr/lib/gcc/arm-none-eabi/5.3.0/../../../../arm-none-eabi/lib/armv7e-m/fpu/libc_nano.a(lib_a-impure.o)
 *fill*         0x00000000080054da        0x2 
 .rodata._global_impure_ptr
                0x00000000080054dc        0x4 /usr/lib/gcc/arm-none-eabi/5.3.0/../../../../arm-none-eabi/lib/armv7e-m/fpu/libc_nano.a(lib_a-impure.o)
                0x00000000080054dc                _global_impure_ptr
 .rodata.str1.1
                0x00000000080054e0       0x11 /usr/lib/gcc/arm-none-eabi/5.3.0/../../../../arm-none-eabi/lib/armv7e-m/fpu/libc_nano.a(lib_a-nano-vfprintf.o)
 .rodata.str1.1
                0x00000000080054f1       0x12 /usr/lib/gcc/arm-none-eabi/5.3.0/../../../../arm-none-eabi/lib/armv7e-m/fpu/libc_nano.a(lib_a-nano-vfprintf_float.o)
 .rodata.str1.1
                0x0000000008005503       0x22 /usr/lib/gcc/arm-none-eabi/5.3.0/../../../../arm-none-eabi/lib/armv7e-m/fpu/libc_nano.a(lib_a-nano-vfprintf_i.o)
 .rodata.str1.1
                0x0000000008005525        0x5 /usr/lib/gcc/arm-none-eabi/5.3.0/../../../../arm-none-eabi/lib/armv7e-m/fpu/libc_nano.a(lib_a-nano-vfscanf_float.o)
 *fill*         0x000000000800552a        0x2 
 .rodata.fpi.5345
                0x000000000800552c       0x14 /usr/lib/gcc/arm-none-eabi/5.3.0/../../../../arm-none-eabi/lib/armv7e-m/fpu/libc_nano.a(lib_a-strtod.o)
 .rodata.str1.1
                0x0000000008005540        0x5 /usr/lib/gcc/arm-none-eabi/5.3.0/../../../../arm-none-eabi/lib/armv7e-m/fpu/libc_nano.a(lib_a-strtod.o)
                                          0xc (size before relaxing)
 .rodata.fpinan.5381
                0x0000000008005540       0x14 /usr/lib/gcc/arm-none-eabi/5.3.0/../../../../arm-none-eabi/lib/armv7e-m/fpu/libc_nano.a(lib_a-strtod.o)
 *fill*         0x0000000008005554        0x4 
 .rodata.tinytens
                0x0000000008005558       0x28 /usr/lib/gcc/arm-none-eabi/5.3.0/../../../../arm-none-eabi/lib/armv7e-m/fpu/libc_nano.a(lib_a-strtod.o)
 .rodata._ctype_
                0x0000000008005580      0x101 /usr/lib/gcc/arm-none-eabi/5.3.0/../../../../arm-none-eabi/lib/armv7e-m/fpu/libc_nano.a(lib_a-ctype_.o)
                0x0000000008005580                _ctype_
 .rodata.str1.1
                0x0000000008005681        0xd /usr/lib/gcc/arm-none-eabi/5.3.0/../../../../arm-none-eabi/lib/armv7e-m/fpu/libc_nano.a(lib_a-dtoa.o)
                                          0xf (size before relaxing)
 *fill*         0x000000000800568e        0x2 
 .rodata.__sf_fake_stdin
                0x0000000008005690       0x20 /usr/lib/gcc/arm-none-eabi/5.3.0/../../../../arm-none-eabi/lib/armv7e-m/fpu/libc_nano.a(lib_a-findfp.o)
                0x0000000008005690                __sf_fake_stdin
 .rodata.__sf_fake_stdout
                0x00000000080056b0       0x20 /usr/lib/gcc/arm-none-eabi/5.3.0/../../../../arm-none-eabi/lib/armv7e-m/fpu/libc_nano.a(lib_a-findfp.o)
                0x00000000080056b0                __sf_fake_stdout
 .rodata.__sf_fake_stderr
                0x00000000080056d0       0x20 /usr/lib/gcc/arm-none-eabi/5.3.0/../../../../arm-none-eabi/lib/armv7e-m/fpu/libc_nano.a(lib_a-findfp.o)
                0x00000000080056d0                __sf_fake_stderr
 .rodata.str1.1
                0x00000000080056f0        0x8 /usr/lib/gcc/arm-none-eabi/5.3.0/../../../../arm-none-eabi/lib/armv7e-m/fpu/libc_nano.a(lib_a-locale.o)
                                          0xb (size before relaxing)
 .rodata.__mprec_tens
                0x00000000080056f8       0xc8 /usr/lib/gcc/arm-none-eabi/5.3.0/../../../../arm-none-eabi/lib/armv7e-m/fpu/libc_nano.a(lib_a-mprec.o)
                0x00000000080056f8                __mprec_tens
 .rodata.__mprec_bigtens
                0x00000000080057c0       0x28 /usr/lib/gcc/arm-none-eabi/5.3.0/../../../../arm-none-eabi/lib/armv7e-m/fpu/libc_nano.a(lib_a-mprec.o)
                0x00000000080057c0                __mprec_bigtens
 .rodata.p05.5389
                0x00000000080057e8        0xc /usr/lib/gcc/arm-none-eabi/5.3.0/../../../../arm-none-eabi/lib/armv7e-m/fpu/libc_nano.a(lib_a-mprec.o)
 .rodata.str1.1
                0x00000000080057f4       0x11 /usr/lib/gcc/arm-none-eabi/5.3.0/../../../../arm-none-eabi/lib/armv7e-m/fpu/libc_nano.a(lib_a-nano-svfprintf.o)
 *(.eh_frame*)
 .eh_frame      0x00000000080057f4        0x0 /usr/lib/gcc/arm-none-eabi/5.3.0/armv7e-m/fpu/crtbegin.o
 .eh_frame      0x00000000080057f4        0x4 /usr/lib/gcc/arm-none-eabi/5.3.0/armv7e-m/fpu/crtend.o

.glue_7         0x00000000080057f8        0x0
 .glue_7        0x00000000080057f8        0x0 linker stubs

.glue_7t        0x00000000080057f8        0x0
 .glue_7t       0x00000000080057f8        0x0 linker stubs

.vfp11_veneer   0x00000000080057f8        0x0
 .vfp11_veneer  0x00000000080057f8        0x0 linker stubs

.v4_bx          0x00000000080057f8        0x0
 .v4_bx         0x00000000080057f8        0x0 linker stubs

.iplt           0x00000000080057f8        0x0
 .iplt          0x00000000080057f8        0x0 /usr/lib/gcc/arm-none-eabi/5.3.0/armv7e-m/fpu/crtbegin.o

.rel.dyn        0x00000000080057f8        0x0
 .rel.iplt      0x00000000080057f8        0x0 /usr/lib/gcc/arm-none-eabi/5.3.0/armv7e-m/fpu/crtbegin.o

.ARM.extab
 *(.ARM.extab* .gnu.linkonce.armextab.*)
                0x00000000080057f8                __exidx_start = .

.ARM.exidx
 *(.ARM.exidx* .gnu.linkonce.armexidx.*)
                0x00000000080057f8                __exidx_end = .
                0x00000000080057f8                __etext = .
                0x00000000080057f8                _sidata = .

.data           0x00000000200001c4       0xb0 load address 0x00000000080057f8
                0x00000000200001c4                __data_start__ = .
                0x00000000200001c4                _sdata = .
 *(vtable)
 *(.data*)
 .data.impure_data
                0x00000000200001c4       0x60 /usr/lib/gcc/arm-none-eabi/5.3.0/../../../../arm-none-eabi/lib/armv7e-m/fpu/libc_nano.a(lib_a-impure.o)
 .data._impure_ptr
                0x0000000020000224        0x4 /usr/lib/gcc/arm-none-eabi/5.3.0/../../../../arm-none-eabi/lib/armv7e-m/fpu/libc_nano.a(lib_a-impure.o)
                0x0000000020000224                _impure_ptr
 .data.__ctype_ptr__
                0x0000000020000228        0x4 /usr/lib/gcc/arm-none-eabi/5.3.0/../../../../arm-none-eabi/lib/armv7e-m/fpu/libc_nano.a(lib_a-ctype_.o)
                0x0000000020000228                __ctype_ptr__
 .data.lconv    0x000000002000022c       0x38 /usr/lib/gcc/arm-none-eabi/5.3.0/../../../../arm-none-eabi/lib/armv7e-m/fpu/libc_nano.a(lib_a-locale.o)
                0x0000000020000264                . = ALIGN (0x4)
                0x0000000020000264                PROVIDE (__preinit_array_start, .)
 *(.preinit_array)
                0x0000000020000264                PROVIDE (__preinit_array_end, .)
                0x0000000020000264                . = ALIGN (0x4)
                0x0000000020000264                PROVIDE (__init_array_start, .)
 *(SORT(.init_array.*))
 *(.init_array)
 .init_array    0x0000000020000264        0x4 /usr/lib/gcc/arm-none-eabi/5.3.0/armv7e-m/fpu/crtbegin.o
 .init_array    0x0000000020000268        0x4 obj/main.o
                0x000000002000026c                PROVIDE (__init_array_end, .)
                0x000000002000026c                . = ALIGN (0x4)
                0x000000002000026c                PROVIDE (__fini_array_start, .)
 *(SORT(.fini_array.*))
 *(.fini_array)
 .fini_array    0x000000002000026c        0x4 /usr/lib/gcc/arm-none-eabi/5.3.0/armv7e-m/fpu/crtbegin.o
                0x0000000020000270                PROVIDE (__fini_array_end, .)
 *(.jcr*)
 .jcr           0x0000000020000270        0x0 /usr/lib/gcc/arm-none-eabi/5.3.0/armv7e-m/fpu/crtbegin.o
 .jcr           0x0000000020000270        0x4 /usr/lib/gcc/arm-none-eabi/5.3.0/armv7e-m/fpu/crtend.o
                0x0000000020000274                . = ALIGN (0x4)
                0x0000000020000274                __data_end__ = .
                0x0000000020000274                _edata = .

.igot.plt       0x0000000020000274        0x0 load address 0x00000000080058a8
 .igot.plt      0x0000000020000274        0x0 /usr/lib/gcc/arm-none-eabi/5.3.0/armv7e-m/fpu/crtbegin.o

.bss            0x0000000020000274       0x40 load address 0x00000000080058a8
                0x0000000020000274                . = ALIGN (0x4)
                0x0000000020000274                __bss_start__ = .
                0x0000000020000274                _sbss = .
 *(.bss*)
 .bss.completed.8363
                0x0000000020000274        0x1 /usr/lib/gcc/arm-none-eabi/5.3.0/armv7e-m/fpu/crtbegin.o
 *fill*         0x0000000020000275        0x3 
 .bss.object.8368
                0x0000000020000278       0x18 /usr/lib/gcc/arm-none-eabi/5.3.0/armv7e-m/fpu/crtbegin.o
 .bss.myled     0x0000000020000290       0x10 obj/main.o
                0x0000000020000290                myled
 .bss._global_atexit
                0x00000000200002a0        0x4 /usr/lib/gcc/arm-none-eabi/5.3.0/../../../../arm-none-eabi/lib/armv7e-m/fpu/libc_nano.a(lib_a-__call_atexit.o)
                0x00000000200002a0                _global_atexit
 .bss.__malloc_sbrk_start
                0x00000000200002a4        0x4 /usr/lib/gcc/arm-none-eabi/5.3.0/../../../../arm-none-eabi/lib/armv7e-m/fpu/libc_nano.a(lib_a-nano-mallocr.o)
                0x00000000200002a4                __malloc_sbrk_start
 .bss.__malloc_free_list
                0x00000000200002a8        0x4 /usr/lib/gcc/arm-none-eabi/5.3.0/../../../../arm-none-eabi/lib/armv7e-m/fpu/libc_nano.a(lib_a-nano-mallocr.o)
                0x00000000200002a8                __malloc_free_list
 .bss.heap_end.4169
                0x00000000200002ac        0x4 /usr/lib/gcc/arm-none-eabi/5.3.0/../../../../arm-none-eabi/lib/armv7e-m/fpu/libnosys.a(sbrk.o)
 *(COMMON)
 COMMON         0x00000000200002b0        0x4 /usr/lib/gcc/arm-none-eabi/5.3.0/../../../../arm-none-eabi/lib/armv7e-m/fpu/libc_nano.a(lib_a-reent.o)
                0x00000000200002b0                errno
                0x00000000200002b4                . = ALIGN (0x4)
                0x00000000200002b4                __bss_end__ = .
                0x00000000200002b4                _ebss = .

.heap           0x00000000200002b4        0x0
                0x00000000200002b4                __end__ = .
                0x00000000200002b4                end = __end__
 *(.heap*)
                0x00000000200002b4                __HeapLimit = .

.stack_dummy    0x00000000200002b4        0x0
 *(.stack*)
                0x0000000020020000                __StackTop = (ORIGIN (RAM) + 0x1fe3c)
                0x0000000020020000                _estack = __StackTop
                0x0000000020020000                __StackLimit = (__StackTop - SIZEOF (.stack_dummy))
                0x0000000020020000                PROVIDE (__stack, __StackTop)
                0x0000000000000001                ASSERT ((__StackLimit >= __HeapLimit), region RAM overflowed with stack)
OUTPUT(debug/Nucleo_blink.elf elf32-littlearm)

.ARM.attributes
                0x0000000000000000       0x30
 .ARM.attributes
                0x0000000000000000       0x22 /usr/lib/gcc/arm-none-eabi/5.3.0/armv7e-m/fpu/crti.o
 .ARM.attributes
                0x0000000000000022       0x34 /usr/lib/gcc/arm-none-eabi/5.3.0/armv7e-m/fpu/crtbegin.o
 .ARM.attributes
                0x0000000000000056       0x39 obj/main.o
 .ARM.attributes
                0x000000000000008f       0x37 ./mbed/TARGET_NUCLEO_F446RE/TOOLCHAIN_GCC_ARM/libmbed.a(assert.o)
 .ARM.attributes
                0x00000000000000c6       0x37 ./mbed/TARGET_NUCLEO_F446RE/TOOLCHAIN_GCC_ARM/libmbed.a(error.o)
 .ARM.attributes
                0x00000000000000fd       0x37 ./mbed/TARGET_NUCLEO_F446RE/TOOLCHAIN_GCC_ARM/libmbed.a(gpio.o)
 .ARM.attributes
                0x0000000000000134       0x37 ./mbed/TARGET_NUCLEO_F446RE/TOOLCHAIN_GCC_ARM/libmbed.a(gpio_api.o)
 .ARM.attributes
                0x000000000000016b       0x37 ./mbed/TARGET_NUCLEO_F446RE/TOOLCHAIN_GCC_ARM/libmbed.a(pinmap.o)
 .ARM.attributes
                0x00000000000001a2       0x34 /usr/lib/gcc/arm-none-eabi/5.3.0/../../../../arm-none-eabi/lib/armv7e-m/fpu/libc_nano.a(lib_a-exit.o)
 .ARM.attributes
                0x00000000000001d6       0x34 /usr/lib/gcc/arm-none-eabi/5.3.0/../../../../arm-none-eabi/lib/armv7e-m/fpu/libc_nano.a(lib_a-impure.o)
 .ARM.attributes
                0x000000000000020a       0x34 /usr/lib/gcc/arm-none-eabi/5.3.0/../../../../arm-none-eabi/lib/armv7e-m/fpu/libc_nano.a(lib_a-memset.o)
 .ARM.attributes
                0x000000000000023e       0x34 /usr/lib/gcc/arm-none-eabi/5.3.0/../../../../arm-none-eabi/lib/armv7e-m/fpu/libc_nano.a(lib_a-nano-vfprintf.o)
 .ARM.attributes
                0x0000000000000272       0x34 /usr/lib/gcc/arm-none-eabi/5.3.0/../../../../arm-none-eabi/lib/armv7e-m/fpu/libc_nano.a(lib_a-nano-vfprintf_float.o)
 .ARM.attributes
                0x00000000000002a6       0x34 /usr/lib/gcc/arm-none-eabi/5.3.0/../../../../arm-none-eabi/lib/armv7e-m/fpu/libc_nano.a(lib_a-nano-vfprintf_i.o)
 .ARM.attributes
                0x00000000000002da       0x34 /usr/lib/gcc/arm-none-eabi/5.3.0/../../../../arm-none-eabi/lib/armv7e-m/fpu/libc_nano.a(lib_a-nano-vfscanf_float.o)
 .ARM.attributes
                0x000000000000030e       0x34 /usr/lib/gcc/arm-none-eabi/5.3.0/../../../../arm-none-eabi/lib/armv7e-m/fpu/libc_nano.a(lib_a-s_fpclassify.o)
 .ARM.attributes
                0x0000000000000342       0x34 /usr/lib/gcc/arm-none-eabi/5.3.0/../../../../arm-none-eabi/lib/armv7e-m/fpu/libc_nano.a(lib_a-sf_nan.o)
 .ARM.attributes
                0x0000000000000376       0x34 /usr/lib/gcc/arm-none-eabi/5.3.0/../../../../arm-none-eabi/lib/armv7e-m/fpu/libc_nano.a(lib_a-sprintf.o)
 .ARM.attributes
                0x00000000000003aa       0x1b /usr/lib/gcc/arm-none-eabi/5.3.0/../../../../arm-none-eabi/lib/armv7e-m/fpu/libc_nano.a(lib_a-strlen.o)
 .ARM.attributes
                0x00000000000003c5       0x34 /usr/lib/gcc/arm-none-eabi/5.3.0/../../../../arm-none-eabi/lib/armv7e-m/fpu/libc_nano.a(lib_a-strtod.o)
 .ARM.attributes
                0x00000000000003f9       0x34 /usr/lib/gcc/arm-none-eabi/5.3.0/../../../../arm-none-eabi/lib/armv7e-m/fpu/libc_nano.a(lib_a-strtol.o)
 .ARM.attributes
                0x000000000000042d       0x34 /usr/lib/gcc/arm-none-eabi/5.3.0/../../../../arm-none-eabi/lib/armv7e-m/fpu/libc_nano.a(lib_a-wbuf.o)
 .ARM.attributes
                0x0000000000000461       0x34 /usr/lib/gcc/arm-none-eabi/5.3.0/../../../../arm-none-eabi/lib/armv7e-m/fpu/libc_nano.a(lib_a-wsetup.o)
 .ARM.attributes
                0x0000000000000495       0x34 /usr/lib/gcc/arm-none-eabi/5.3.0/../../../../arm-none-eabi/lib/armv7e-m/fpu/libc_nano.a(lib_a-__call_atexit.o)
 .ARM.attributes
                0x00000000000004c9       0x34 /usr/lib/gcc/arm-none-eabi/5.3.0/../../../../arm-none-eabi/lib/armv7e-m/fpu/libc_nano.a(lib_a-ctype_.o)
 .ARM.attributes
                0x00000000000004fd       0x34 /usr/lib/gcc/arm-none-eabi/5.3.0/../../../../arm-none-eabi/lib/armv7e-m/fpu/libc_nano.a(lib_a-dtoa.o)
 .ARM.attributes
                0x0000000000000531       0x34 /usr/lib/gcc/arm-none-eabi/5.3.0/../../../../arm-none-eabi/lib/armv7e-m/fpu/libc_nano.a(lib_a-fflush.o)
 .ARM.attributes
                0x0000000000000565       0x34 /usr/lib/gcc/arm-none-eabi/5.3.0/../../../../arm-none-eabi/lib/armv7e-m/fpu/libc_nano.a(lib_a-findfp.o)
 .ARM.attributes
                0x0000000000000599       0x34 /usr/lib/gcc/arm-none-eabi/5.3.0/../../../../arm-none-eabi/lib/armv7e-m/fpu/libc_nano.a(lib_a-fwalk.o)
 .ARM.attributes
                0x00000000000005cd       0x34 /usr/lib/gcc/arm-none-eabi/5.3.0/../../../../arm-none-eabi/lib/armv7e-m/fpu/libc_nano.a(lib_a-gdtoa-gethex.o)
 .ARM.attributes
                0x0000000000000601       0x34 /usr/lib/gcc/arm-none-eabi/5.3.0/../../../../arm-none-eabi/lib/armv7e-m/fpu/libc_nano.a(lib_a-gdtoa-hexnan.o)
 .ARM.attributes
                0x0000000000000635       0x34 /usr/lib/gcc/arm-none-eabi/5.3.0/../../../../arm-none-eabi/lib/armv7e-m/fpu/libc_nano.a(lib_a-locale.o)
 .ARM.attributes
                0x0000000000000669       0x34 /usr/lib/gcc/arm-none-eabi/5.3.0/../../../../arm-none-eabi/lib/armv7e-m/fpu/libc_nano.a(lib_a-makebuf.o)
 .ARM.attributes
                0x000000000000069d       0x34 /usr/lib/gcc/arm-none-eabi/5.3.0/../../../../arm-none-eabi/lib/armv7e-m/fpu/libc_nano.a(lib_a-malloc.o)
 .ARM.attributes
                0x00000000000006d1       0x20 /usr/lib/gcc/arm-none-eabi/5.3.0/../../../../arm-none-eabi/lib/armv7e-m/fpu/libc_nano.a(lib_a-memchr.o)
 .ARM.attributes
                0x00000000000006f1       0x34 /usr/lib/gcc/arm-none-eabi/5.3.0/../../../../arm-none-eabi/lib/armv7e-m/fpu/libc_nano.a(lib_a-memcpy-stub.o)
 .ARM.attributes
                0x0000000000000725       0x34 /usr/lib/gcc/arm-none-eabi/5.3.0/../../../../arm-none-eabi/lib/armv7e-m/fpu/libc_nano.a(lib_a-memmove.o)
 .ARM.attributes
                0x0000000000000759       0x34 /usr/lib/gcc/arm-none-eabi/5.3.0/../../../../arm-none-eabi/lib/armv7e-m/fpu/libc_nano.a(lib_a-mprec.o)
 .ARM.attributes
                0x000000000000078d       0x34 /usr/lib/gcc/arm-none-eabi/5.3.0/../../../../arm-none-eabi/lib/armv7e-m/fpu/libc_nano.a(lib_a-nano-callocr.o)
 .ARM.attributes
                0x00000000000007c1       0x34 /usr/lib/gcc/arm-none-eabi/5.3.0/../../../../arm-none-eabi/lib/armv7e-m/fpu/libc_nano.a(lib_a-nano-freer.o)
 .ARM.attributes
                0x00000000000007f5       0x34 /usr/lib/gcc/arm-none-eabi/5.3.0/../../../../arm-none-eabi/lib/armv7e-m/fpu/libc_nano.a(lib_a-nano-mallocr.o)
 .ARM.attributes
                0x0000000000000829       0x34 /usr/lib/gcc/arm-none-eabi/5.3.0/../../../../arm-none-eabi/lib/armv7e-m/fpu/libc_nano.a(lib_a-nano-reallocr.o)
 .ARM.attributes
                0x000000000000085d       0x34 /usr/lib/gcc/arm-none-eabi/5.3.0/../../../../arm-none-eabi/lib/armv7e-m/fpu/libc_nano.a(lib_a-nano-svfprintf.o)
 .ARM.attributes
                0x0000000000000891       0x34 /usr/lib/gcc/arm-none-eabi/5.3.0/../../../../arm-none-eabi/lib/armv7e-m/fpu/libc_nano.a(lib_a-sbrkr.o)
 .ARM.attributes
                0x00000000000008c5       0x34 /usr/lib/gcc/arm-none-eabi/5.3.0/../../../../arm-none-eabi/lib/armv7e-m/fpu/libc_nano.a(lib_a-stdio.o)
 .ARM.attributes
                0x00000000000008f9       0x34 /usr/lib/gcc/arm-none-eabi/5.3.0/../../../../arm-none-eabi/lib/armv7e-m/fpu/libc_nano.a(lib_a-strncmp.o)
 .ARM.attributes
                0x000000000000092d       0x34 /usr/lib/gcc/arm-none-eabi/5.3.0/../../../../arm-none-eabi/lib/armv7e-m/fpu/libc_nano.a(lib_a-writer.o)
 .ARM.attributes
                0x0000000000000961       0x34 /usr/lib/gcc/arm-none-eabi/5.3.0/../../../../arm-none-eabi/lib/armv7e-m/fpu/libc_nano.a(lib_a-closer.o)
 .ARM.attributes
                0x0000000000000995       0x34 /usr/lib/gcc/arm-none-eabi/5.3.0/../../../../arm-none-eabi/lib/armv7e-m/fpu/libc_nano.a(lib_a-fstatr.o)
 .ARM.attributes
                0x00000000000009c9       0x34 /usr/lib/gcc/arm-none-eabi/5.3.0/../../../../arm-none-eabi/lib/armv7e-m/fpu/libc_nano.a(lib_a-isattyr.o)
 .ARM.attributes
                0x00000000000009fd       0x34 /usr/lib/gcc/arm-none-eabi/5.3.0/../../../../arm-none-eabi/lib/armv7e-m/fpu/libc_nano.a(lib_a-lseekr.o)
 .ARM.attributes
                0x0000000000000a31       0x34 /usr/lib/gcc/arm-none-eabi/5.3.0/../../../../arm-none-eabi/lib/armv7e-m/fpu/libc_nano.a(lib_a-nano-msizer.o)
 .ARM.attributes
                0x0000000000000a65       0x34 /usr/lib/gcc/arm-none-eabi/5.3.0/../../../../arm-none-eabi/lib/armv7e-m/fpu/libc_nano.a(lib_a-readr.o)
 .ARM.attributes
                0x0000000000000a99       0x34 /usr/lib/gcc/arm-none-eabi/5.3.0/../../../../arm-none-eabi/lib/armv7e-m/fpu/libc_nano.a(lib_a-reent.o)
 .ARM.attributes
                0x0000000000000acd       0x22 /usr/lib/gcc/arm-none-eabi/5.3.0/armv7e-m/fpu/libgcc.a(_arm_addsubdf3.o)
 .ARM.attributes
                0x0000000000000aef       0x22 /usr/lib/gcc/arm-none-eabi/5.3.0/armv7e-m/fpu/libgcc.a(_arm_muldivdf3.o)
 .ARM.attributes
                0x0000000000000b11       0x22 /usr/lib/gcc/arm-none-eabi/5.3.0/armv7e-m/fpu/libgcc.a(_arm_cmpdf2.o)
 .ARM.attributes
                0x0000000000000b33       0x22 /usr/lib/gcc/arm-none-eabi/5.3.0/armv7e-m/fpu/libgcc.a(_arm_fixdfsi.o)
 .ARM.attributes
                0x0000000000000b55       0x22 /usr/lib/gcc/arm-none-eabi/5.3.0/armv7e-m/fpu/libgcc.a(_arm_fixunsdfsi.o)
 .ARM.attributes
                0x0000000000000b77       0x22 /usr/lib/gcc/arm-none-eabi/5.3.0/armv7e-m/fpu/libgcc.a(_arm_truncdfsf2.o)
 .ARM.attributes
                0x0000000000000b99       0x34 /usr/lib/gcc/arm-none-eabi/5.3.0/../../../../arm-none-eabi/lib/armv7e-m/fpu/libnosys.a(close.o)
 .ARM.attributes
                0x0000000000000bcd       0x34 /usr/lib/gcc/arm-none-eabi/5.3.0/../../../../arm-none-eabi/lib/armv7e-m/fpu/libnosys.a(fstat.o)
 .ARM.attributes
                0x0000000000000c01       0x34 /usr/lib/gcc/arm-none-eabi/5.3.0/../../../../arm-none-eabi/lib/armv7e-m/fpu/libnosys.a(isatty.o)
 .ARM.attributes
                0x0000000000000c35       0x34 /usr/lib/gcc/arm-none-eabi/5.3.0/../../../../arm-none-eabi/lib/armv7e-m/fpu/libnosys.a(lseek.o)
 .ARM.attributes
                0x0000000000000c69       0x34 /usr/lib/gcc/arm-none-eabi/5.3.0/../../../../arm-none-eabi/lib/armv7e-m/fpu/libnosys.a(read.o)
 .ARM.attributes
                0x0000000000000c9d       0x34 /usr/lib/gcc/arm-none-eabi/5.3.0/../../../../arm-none-eabi/lib/armv7e-m/fpu/libnosys.a(sbrk.o)
 .ARM.attributes
                0x0000000000000cd1       0x34 /usr/lib/gcc/arm-none-eabi/5.3.0/../../../../arm-none-eabi/lib/armv7e-m/fpu/libnosys.a(write.o)
 .ARM.attributes
                0x0000000000000d05       0x34 /usr/lib/gcc/arm-none-eabi/5.3.0/../../../../arm-none-eabi/lib/armv7e-m/fpu/libnosys.a(_exit.o)
 .ARM.attributes
                0x0000000000000d39       0x34 /usr/lib/gcc/arm-none-eabi/5.3.0/armv7e-m/fpu/crtend.o
 .ARM.attributes
                0x0000000000000d6d       0x22 /usr/lib/gcc/arm-none-eabi/5.3.0/armv7e-m/fpu/crtn.o

.comment        0x0000000000000000       0x8d
 .comment       0x0000000000000000       0x1d obj/main.o
                                         0x1e (size before relaxing)
 .comment       0x000000000000001d       0x70 ./mbed/TARGET_NUCLEO_F446RE/TOOLCHAIN_GCC_ARM/libmbed.a(assert.o)
                                         0x71 (size before relaxing)
 .comment       0x000000000000008d       0x71 ./mbed/TARGET_NUCLEO_F446RE/TOOLCHAIN_GCC_ARM/libmbed.a(error.o)
 .comment       0x000000000000008d       0x71 ./mbed/TARGET_NUCLEO_F446RE/TOOLCHAIN_GCC_ARM/libmbed.a(gpio.o)
 .comment       0x000000000000008d       0x71 ./mbed/TARGET_NUCLEO_F446RE/TOOLCHAIN_GCC_ARM/libmbed.a(gpio_api.o)
 .comment       0x000000000000008d       0x71 ./mbed/TARGET_NUCLEO_F446RE/TOOLCHAIN_GCC_ARM/libmbed.a(pinmap.o)

.debug_info     0x0000000000000000     0x154e
 .debug_info    0x0000000000000000     0x154e obj/main.o

.debug_abbrev   0x0000000000000000      0x398
 .debug_abbrev  0x0000000000000000      0x398 obj/main.o

.debug_aranges  0x0000000000000000       0x50
 .debug_aranges
                0x0000000000000000       0x50 obj/main.o

.debug_ranges   0x0000000000000000       0x40
 .debug_ranges  0x0000000000000000       0x40 obj/main.o

.debug_line     0x0000000000000000      0x38a
 .debug_line    0x0000000000000000      0x38a obj/main.o

.debug_str      0x0000000000000000      0xa2a
 .debug_str     0x0000000000000000      0xa2a obj/main.o
                                        0xb00 (size before relaxing)

.debug_frame    0x0000000000000000     0x1080
 .debug_frame   0x0000000000000000       0xcc obj/main.o
 .debug_frame   0x00000000000000cc       0x28 /usr/lib/gcc/arm-none-eabi/5.3.0/../../../../arm-none-eabi/lib/armv7e-m/fpu/libc_nano.a(lib_a-exit.o)
 .debug_frame   0x00000000000000f4       0x20 /usr/lib/gcc/arm-none-eabi/5.3.0/../../../../arm-none-eabi/lib/armv7e-m/fpu/libc_nano.a(lib_a-memset.o)
 .debug_frame   0x0000000000000114       0xac /usr/lib/gcc/arm-none-eabi/5.3.0/../../../../arm-none-eabi/lib/armv7e-m/fpu/libc_nano.a(lib_a-nano-vfprintf.o)
 .debug_frame   0x00000000000001c0       0x88 /usr/lib/gcc/arm-none-eabi/5.3.0/../../../../arm-none-eabi/lib/armv7e-m/fpu/libc_nano.a(lib_a-nano-vfprintf_float.o)
 .debug_frame   0x0000000000000248       0x60 /usr/lib/gcc/arm-none-eabi/5.3.0/../../../../arm-none-eabi/lib/armv7e-m/fpu/libc_nano.a(lib_a-nano-vfprintf_i.o)
 .debug_frame   0x00000000000002a8       0x40 /usr/lib/gcc/arm-none-eabi/5.3.0/../../../../arm-none-eabi/lib/armv7e-m/fpu/libc_nano.a(lib_a-nano-vfscanf_float.o)
 .debug_frame   0x00000000000002e8       0x28 /usr/lib/gcc/arm-none-eabi/5.3.0/../../../../arm-none-eabi/lib/armv7e-m/fpu/libc_nano.a(lib_a-s_fpclassify.o)
 .debug_frame   0x0000000000000310       0x20 /usr/lib/gcc/arm-none-eabi/5.3.0/../../../../arm-none-eabi/lib/armv7e-m/fpu/libc_nano.a(lib_a-sf_nan.o)
 .debug_frame   0x0000000000000330       0x70 /usr/lib/gcc/arm-none-eabi/5.3.0/../../../../arm-none-eabi/lib/armv7e-m/fpu/libc_nano.a(lib_a-sprintf.o)
 .debug_frame   0x00000000000003a0       0x94 /usr/lib/gcc/arm-none-eabi/5.3.0/../../../../arm-none-eabi/lib/armv7e-m/fpu/libc_nano.a(lib_a-strtod.o)
 .debug_frame   0x0000000000000434       0x44 /usr/lib/gcc/arm-none-eabi/5.3.0/../../../../arm-none-eabi/lib/armv7e-m/fpu/libc_nano.a(lib_a-strtol.o)
 .debug_frame   0x0000000000000478       0x40 /usr/lib/gcc/arm-none-eabi/5.3.0/../../../../arm-none-eabi/lib/armv7e-m/fpu/libc_nano.a(lib_a-wbuf.o)
 .debug_frame   0x00000000000004b8       0x2c /usr/lib/gcc/arm-none-eabi/5.3.0/../../../../arm-none-eabi/lib/armv7e-m/fpu/libc_nano.a(lib_a-wsetup.o)
 .debug_frame   0x00000000000004e4       0x3c /usr/lib/gcc/arm-none-eabi/5.3.0/../../../../arm-none-eabi/lib/armv7e-m/fpu/libc_nano.a(lib_a-__call_atexit.o)
 .debug_frame   0x0000000000000520       0x6c /usr/lib/gcc/arm-none-eabi/5.3.0/../../../../arm-none-eabi/lib/armv7e-m/fpu/libc_nano.a(lib_a-dtoa.o)
 .debug_frame   0x000000000000058c       0x68 /usr/lib/gcc/arm-none-eabi/5.3.0/../../../../arm-none-eabi/lib/armv7e-m/fpu/libc_nano.a(lib_a-fflush.o)
 .debug_frame   0x00000000000005f4      0x11c /usr/lib/gcc/arm-none-eabi/5.3.0/../../../../arm-none-eabi/lib/armv7e-m/fpu/libc_nano.a(lib_a-findfp.o)
 .debug_frame   0x0000000000000710       0x54 /usr/lib/gcc/arm-none-eabi/5.3.0/../../../../arm-none-eabi/lib/armv7e-m/fpu/libc_nano.a(lib_a-fwalk.o)
 .debug_frame   0x0000000000000764       0x70 /usr/lib/gcc/arm-none-eabi/5.3.0/../../../../arm-none-eabi/lib/armv7e-m/fpu/libc_nano.a(lib_a-gdtoa-gethex.o)
 .debug_frame   0x00000000000007d4       0x74 /usr/lib/gcc/arm-none-eabi/5.3.0/../../../../arm-none-eabi/lib/armv7e-m/fpu/libc_nano.a(lib_a-gdtoa-hexnan.o)
 .debug_frame   0x0000000000000848       0x98 /usr/lib/gcc/arm-none-eabi/5.3.0/../../../../arm-none-eabi/lib/armv7e-m/fpu/libc_nano.a(lib_a-locale.o)
 .debug_frame   0x00000000000008e0       0x34 /usr/lib/gcc/arm-none-eabi/5.3.0/../../../../arm-none-eabi/lib/armv7e-m/fpu/libc_nano.a(lib_a-makebuf.o)
 .debug_frame   0x0000000000000914       0x30 /usr/lib/gcc/arm-none-eabi/5.3.0/../../../../arm-none-eabi/lib/armv7e-m/fpu/libc_nano.a(lib_a-malloc.o)
 .debug_frame   0x0000000000000944       0x28 /usr/lib/gcc/arm-none-eabi/5.3.0/../../../../arm-none-eabi/lib/armv7e-m/fpu/libc_nano.a(lib_a-memcpy-stub.o)
 .debug_frame   0x000000000000096c       0x28 /usr/lib/gcc/arm-none-eabi/5.3.0/../../../../arm-none-eabi/lib/armv7e-m/fpu/libc_nano.a(lib_a-memmove.o)
 .debug_frame   0x0000000000000994      0x238 /usr/lib/gcc/arm-none-eabi/5.3.0/../../../../arm-none-eabi/lib/armv7e-m/fpu/libc_nano.a(lib_a-mprec.o)
 .debug_frame   0x0000000000000bcc       0x2c /usr/lib/gcc/arm-none-eabi/5.3.0/../../../../arm-none-eabi/lib/armv7e-m/fpu/libc_nano.a(lib_a-nano-callocr.o)
 .debug_frame   0x0000000000000bf8       0x2c /usr/lib/gcc/arm-none-eabi/5.3.0/../../../../arm-none-eabi/lib/armv7e-m/fpu/libc_nano.a(lib_a-nano-freer.o)
 .debug_frame   0x0000000000000c24       0x2c /usr/lib/gcc/arm-none-eabi/5.3.0/../../../../arm-none-eabi/lib/armv7e-m/fpu/libc_nano.a(lib_a-nano-mallocr.o)
 .debug_frame   0x0000000000000c50       0x3c /usr/lib/gcc/arm-none-eabi/5.3.0/../../../../arm-none-eabi/lib/armv7e-m/fpu/libc_nano.a(lib_a-nano-reallocr.o)
 .debug_frame   0x0000000000000c8c       0x90 /usr/lib/gcc/arm-none-eabi/5.3.0/../../../../arm-none-eabi/lib/armv7e-m/fpu/libc_nano.a(lib_a-nano-svfprintf.o)
 .debug_frame   0x0000000000000d1c       0x2c /usr/lib/gcc/arm-none-eabi/5.3.0/../../../../arm-none-eabi/lib/armv7e-m/fpu/libc_nano.a(lib_a-sbrkr.o)
 .debug_frame   0x0000000000000d48       0x88 /usr/lib/gcc/arm-none-eabi/5.3.0/../../../../arm-none-eabi/lib/armv7e-m/fpu/libc_nano.a(lib_a-stdio.o)
 .debug_frame   0x0000000000000dd0       0x2c /usr/lib/gcc/arm-none-eabi/5.3.0/../../../../arm-none-eabi/lib/armv7e-m/fpu/libc_nano.a(lib_a-strncmp.o)
 .debug_frame   0x0000000000000dfc       0x2c /usr/lib/gcc/arm-none-eabi/5.3.0/../../../../arm-none-eabi/lib/armv7e-m/fpu/libc_nano.a(lib_a-writer.o)
 .debug_frame   0x0000000000000e28       0x2c /usr/lib/gcc/arm-none-eabi/5.3.0/../../../../arm-none-eabi/lib/armv7e-m/fpu/libc_nano.a(lib_a-closer.o)
 .debug_frame   0x0000000000000e54       0x2c /usr/lib/gcc/arm-none-eabi/5.3.0/../../../../arm-none-eabi/lib/armv7e-m/fpu/libc_nano.a(lib_a-fstatr.o)
 .debug_frame   0x0000000000000e80       0x2c /usr/lib/gcc/arm-none-eabi/5.3.0/../../../../arm-none-eabi/lib/armv7e-m/fpu/libc_nano.a(lib_a-isattyr.o)
 .debug_frame   0x0000000000000eac       0x2c /usr/lib/gcc/arm-none-eabi/5.3.0/../../../../arm-none-eabi/lib/armv7e-m/fpu/libc_nano.a(lib_a-lseekr.o)
 .debug_frame   0x0000000000000ed8       0x20 /usr/lib/gcc/arm-none-eabi/5.3.0/../../../../arm-none-eabi/lib/armv7e-m/fpu/libc_nano.a(lib_a-nano-msizer.o)
 .debug_frame   0x0000000000000ef8       0x2c /usr/lib/gcc/arm-none-eabi/5.3.0/../../../../arm-none-eabi/lib/armv7e-m/fpu/libc_nano.a(lib_a-readr.o)
 .debug_frame   0x0000000000000f24       0x5c /usr/lib/gcc/arm-none-eabi/5.3.0/../../../../arm-none-eabi/lib/armv7e-m/fpu/libc_nano.a(lib_a-reent.o)
 .debug_frame   0x0000000000000f80       0x20 /usr/lib/gcc/arm-none-eabi/5.3.0/../../../../arm-none-eabi/lib/armv7e-m/fpu/libnosys.a(close.o)
 .debug_frame   0x0000000000000fa0       0x20 /usr/lib/gcc/arm-none-eabi/5.3.0/../../../../arm-none-eabi/lib/armv7e-m/fpu/libnosys.a(fstat.o)
 .debug_frame   0x0000000000000fc0       0x20 /usr/lib/gcc/arm-none-eabi/5.3.0/../../../../arm-none-eabi/lib/armv7e-m/fpu/libnosys.a(isatty.o)
 .debug_frame   0x0000000000000fe0       0x20 /usr/lib/gcc/arm-none-eabi/5.3.0/../../../../arm-none-eabi/lib/armv7e-m/fpu/libnosys.a(lseek.o)
 .debug_frame   0x0000000000001000       0x20 /usr/lib/gcc/arm-none-eabi/5.3.0/../../../../arm-none-eabi/lib/armv7e-m/fpu/libnosys.a(read.o)
 .debug_frame   0x0000000000001020       0x20 /usr/lib/gcc/arm-none-eabi/5.3.0/../../../../arm-none-eabi/lib/armv7e-m/fpu/libnosys.a(sbrk.o)
 .debug_frame   0x0000000000001040       0x20 /usr/lib/gcc/arm-none-eabi/5.3.0/../../../../arm-none-eabi/lib/armv7e-m/fpu/libnosys.a(write.o)
 .debug_frame   0x0000000000001060       0x20 /usr/lib/gcc/arm-none-eabi/5.3.0/../../../../arm-none-eabi/lib/armv7e-m/fpu/libnosys.a(_exit.o)

.stab           0x0000000000000000       0x9c
 .stab          0x0000000000000000       0x24 /usr/lib/gcc/arm-none-eabi/5.3.0/../../../../arm-none-eabi/lib/armv7e-m/fpu/libnosys.a(close.o)
 .stab          0x0000000000000024       0x18 /usr/lib/gcc/arm-none-eabi/5.3.0/../../../../arm-none-eabi/lib/armv7e-m/fpu/libnosys.a(fstat.o)
                                         0x24 (size before relaxing)
 .stab          0x000000000000003c       0x18 /usr/lib/gcc/arm-none-eabi/5.3.0/../../../../arm-none-eabi/lib/armv7e-m/fpu/libnosys.a(isatty.o)
                                         0x24 (size before relaxing)
 .stab          0x0000000000000054       0x18 /usr/lib/gcc/arm-none-eabi/5.3.0/../../../../arm-none-eabi/lib/armv7e-m/fpu/libnosys.a(lseek.o)
                                         0x24 (size before relaxing)
 .stab          0x000000000000006c       0x18 /usr/lib/gcc/arm-none-eabi/5.3.0/../../../../arm-none-eabi/lib/armv7e-m/fpu/libnosys.a(read.o)
                                         0x24 (size before relaxing)
 .stab          0x0000000000000084       0x18 /usr/lib/gcc/arm-none-eabi/5.3.0/../../../../arm-none-eabi/lib/armv7e-m/fpu/libnosys.a(write.o)
                                         0x24 (size before relaxing)

.stabstr        0x0000000000000000      0x14d
 .stabstr       0x0000000000000000      0x14d /usr/lib/gcc/arm-none-eabi/5.3.0/../../../../arm-none-eabi/lib/armv7e-m/fpu/libnosys.a(close.o)

Cross Reference Table

Symbol                                            File
HAL_GPIO_Init                                     ./mbed/TARGET_NUCLEO_F446RE/TOOLCHAIN_GCC_ARM/libmbed.a(pinmap.o)
HAL_InitTick                                      ./mbed/TARGET_NUCLEO_F446RE/TOOLCHAIN_GCC_ARM/libmbed.a(us_ticker.o)
Set_GPIO_Clock                                    ./mbed/TARGET_NUCLEO_F446RE/TOOLCHAIN_GCC_ARM/libmbed.a(pinmap.o)
                                                  ./mbed/TARGET_NUCLEO_F446RE/TOOLCHAIN_GCC_ARM/libmbed.a(gpio_api.o)
_Balloc                                           /usr/lib/gcc/arm-none-eabi/5.3.0/../../../../arm-none-eabi/lib/armv7e-m/fpu/libc_nano.a(lib_a-mprec.o)
                                                  /usr/lib/gcc/arm-none-eabi/5.3.0/../../../../arm-none-eabi/lib/armv7e-m/fpu/libc_nano.a(lib_a-gdtoa-gethex.o)
                                                  /usr/lib/gcc/arm-none-eabi/5.3.0/../../../../arm-none-eabi/lib/armv7e-m/fpu/libc_nano.a(lib_a-dtoa.o)
                                                  /usr/lib/gcc/arm-none-eabi/5.3.0/../../../../arm-none-eabi/lib/armv7e-m/fpu/libc_nano.a(lib_a-strtod.o)
_Bfree                                            /usr/lib/gcc/arm-none-eabi/5.3.0/../../../../arm-none-eabi/lib/armv7e-m/fpu/libc_nano.a(lib_a-mprec.o)
                                                  /usr/lib/gcc/arm-none-eabi/5.3.0/../../../../arm-none-eabi/lib/armv7e-m/fpu/libc_nano.a(lib_a-gdtoa-gethex.o)
                                                  /usr/lib/gcc/arm-none-eabi/5.3.0/../../../../arm-none-eabi/lib/armv7e-m/fpu/libc_nano.a(lib_a-dtoa.o)
                                                  /usr/lib/gcc/arm-none-eabi/5.3.0/../../../../arm-none-eabi/lib/armv7e-m/fpu/libc_nano.a(lib_a-strtod.o)
_Jv_RegisterClasses                               /usr/lib/gcc/arm-none-eabi/5.3.0/armv7e-m/fpu/crtbegin.o
_PathLocale                                       /usr/lib/gcc/arm-none-eabi/5.3.0/../../../../arm-none-eabi/lib/armv7e-m/fpu/libc_nano.a(lib_a-locale.o)
__adddf3                                          /usr/lib/gcc/arm-none-eabi/5.3.0/armv7e-m/fpu/libgcc.a(_arm_addsubdf3.o)
__aeabi_cdcmpeq                                   /usr/lib/gcc/arm-none-eabi/5.3.0/armv7e-m/fpu/libgcc.a(_arm_cmpdf2.o)
__aeabi_cdcmple                                   /usr/lib/gcc/arm-none-eabi/5.3.0/armv7e-m/fpu/libgcc.a(_arm_cmpdf2.o)
__aeabi_cdrcmple                                  /usr/lib/gcc/arm-none-eabi/5.3.0/armv7e-m/fpu/libgcc.a(_arm_cmpdf2.o)
__aeabi_d2f                                       /usr/lib/gcc/arm-none-eabi/5.3.0/armv7e-m/fpu/libgcc.a(_arm_truncdfsf2.o)
                                                  /usr/lib/gcc/arm-none-eabi/5.3.0/../../../../arm-none-eabi/lib/armv7e-m/fpu/libc_nano.a(lib_a-strtod.o)
                                                  /usr/lib/gcc/arm-none-eabi/5.3.0/../../../../arm-none-eabi/lib/armv7e-m/fpu/libc_nano.a(lib_a-nano-vfscanf_float.o)
__aeabi_d2iz                                      /usr/lib/gcc/arm-none-eabi/5.3.0/armv7e-m/fpu/libgcc.a(_arm_fixdfsi.o)
                                                  /usr/lib/gcc/arm-none-eabi/5.3.0/../../../../arm-none-eabi/lib/armv7e-m/fpu/libc_nano.a(lib_a-dtoa.o)
                                                  /usr/lib/gcc/arm-none-eabi/5.3.0/../../../../arm-none-eabi/lib/armv7e-m/fpu/libc_nano.a(lib_a-strtod.o)
__aeabi_d2uiz                                     /usr/lib/gcc/arm-none-eabi/5.3.0/armv7e-m/fpu/libgcc.a(_arm_fixunsdfsi.o)
                                                  /usr/lib/gcc/arm-none-eabi/5.3.0/../../../../arm-none-eabi/lib/armv7e-m/fpu/libc_nano.a(lib_a-strtod.o)
__aeabi_dadd                                      /usr/lib/gcc/arm-none-eabi/5.3.0/armv7e-m/fpu/libgcc.a(_arm_addsubdf3.o)
                                                  /usr/lib/gcc/arm-none-eabi/5.3.0/../../../../arm-none-eabi/lib/armv7e-m/fpu/libc_nano.a(lib_a-dtoa.o)
                                                  /usr/lib/gcc/arm-none-eabi/5.3.0/../../../../arm-none-eabi/lib/armv7e-m/fpu/libc_nano.a(lib_a-strtod.o)
__aeabi_dcmpeq                                    /usr/lib/gcc/arm-none-eabi/5.3.0/armv7e-m/fpu/libgcc.a(_arm_cmpdf2.o)
                                                  /usr/lib/gcc/arm-none-eabi/5.3.0/../../../../arm-none-eabi/lib/armv7e-m/fpu/libc_nano.a(lib_a-dtoa.o)
                                                  /usr/lib/gcc/arm-none-eabi/5.3.0/../../../../arm-none-eabi/lib/armv7e-m/fpu/libc_nano.a(lib_a-strtod.o)
                                                  /usr/lib/gcc/arm-none-eabi/5.3.0/../../../../arm-none-eabi/lib/armv7e-m/fpu/libc_nano.a(lib_a-nano-vfprintf_float.o)
__aeabi_dcmpge                                    /usr/lib/gcc/arm-none-eabi/5.3.0/armv7e-m/fpu/libgcc.a(_arm_cmpdf2.o)
                                                  /usr/lib/gcc/arm-none-eabi/5.3.0/../../../../arm-none-eabi/lib/armv7e-m/fpu/libc_nano.a(lib_a-dtoa.o)
__aeabi_dcmpgt                                    /usr/lib/gcc/arm-none-eabi/5.3.0/armv7e-m/fpu/libgcc.a(_arm_cmpdf2.o)
                                                  /usr/lib/gcc/arm-none-eabi/5.3.0/../../../../arm-none-eabi/lib/armv7e-m/fpu/libc_nano.a(lib_a-dtoa.o)
                                                  /usr/lib/gcc/arm-none-eabi/5.3.0/../../../../arm-none-eabi/lib/armv7e-m/fpu/libc_nano.a(lib_a-strtod.o)
__aeabi_dcmple                                    /usr/lib/gcc/arm-none-eabi/5.3.0/armv7e-m/fpu/libgcc.a(_arm_cmpdf2.o)
                                                  /usr/lib/gcc/arm-none-eabi/5.3.0/../../../../arm-none-eabi/lib/armv7e-m/fpu/libc_nano.a(lib_a-strtod.o)
__aeabi_dcmplt                                    /usr/lib/gcc/arm-none-eabi/5.3.0/armv7e-m/fpu/libgcc.a(_arm_cmpdf2.o)
                                                  /usr/lib/gcc/arm-none-eabi/5.3.0/../../../../arm-none-eabi/lib/armv7e-m/fpu/libc_nano.a(lib_a-dtoa.o)
                                                  /usr/lib/gcc/arm-none-eabi/5.3.0/../../../../arm-none-eabi/lib/armv7e-m/fpu/libc_nano.a(lib_a-strtod.o)
                                                  /usr/lib/gcc/arm-none-eabi/5.3.0/../../../../arm-none-eabi/lib/armv7e-m/fpu/libc_nano.a(lib_a-nano-vfprintf_float.o)
__aeabi_ddiv                                      /usr/lib/gcc/arm-none-eabi/5.3.0/armv7e-m/fpu/libgcc.a(_arm_muldivdf3.o)
                                                  /usr/lib/gcc/arm-none-eabi/5.3.0/../../../../arm-none-eabi/lib/armv7e-m/fpu/libc_nano.a(lib_a-mprec.o)
                                                  /usr/lib/gcc/arm-none-eabi/5.3.0/../../../../arm-none-eabi/lib/armv7e-m/fpu/libc_nano.a(lib_a-dtoa.o)
                                                  /usr/lib/gcc/arm-none-eabi/5.3.0/../../../../arm-none-eabi/lib/armv7e-m/fpu/libc_nano.a(lib_a-strtod.o)
__aeabi_dmul                                      /usr/lib/gcc/arm-none-eabi/5.3.0/armv7e-m/fpu/libgcc.a(_arm_muldivdf3.o)
                                                  /usr/lib/gcc/arm-none-eabi/5.3.0/../../../../arm-none-eabi/lib/armv7e-m/fpu/libc_nano.a(lib_a-mprec.o)
                                                  /usr/lib/gcc/arm-none-eabi/5.3.0/../../../../arm-none-eabi/lib/armv7e-m/fpu/libc_nano.a(lib_a-dtoa.o)
                                                  /usr/lib/gcc/arm-none-eabi/5.3.0/../../../../arm-none-eabi/lib/armv7e-m/fpu/libc_nano.a(lib_a-strtod.o)
__aeabi_drsub                                     /usr/lib/gcc/arm-none-eabi/5.3.0/armv7e-m/fpu/libgcc.a(_arm_addsubdf3.o)
__aeabi_dsub                                      /usr/lib/gcc/arm-none-eabi/5.3.0/armv7e-m/fpu/libgcc.a(_arm_addsubdf3.o)
                                                  /usr/lib/gcc/arm-none-eabi/5.3.0/../../../../arm-none-eabi/lib/armv7e-m/fpu/libc_nano.a(lib_a-dtoa.o)
                                                  /usr/lib/gcc/arm-none-eabi/5.3.0/../../../../arm-none-eabi/lib/armv7e-m/fpu/libc_nano.a(lib_a-strtod.o)
__aeabi_f2d                                       /usr/lib/gcc/arm-none-eabi/5.3.0/armv7e-m/fpu/libgcc.a(_arm_addsubdf3.o)
__aeabi_i2d                                       /usr/lib/gcc/arm-none-eabi/5.3.0/armv7e-m/fpu/libgcc.a(_arm_addsubdf3.o)
                                                  /usr/lib/gcc/arm-none-eabi/5.3.0/../../../../arm-none-eabi/lib/armv7e-m/fpu/libc_nano.a(lib_a-dtoa.o)
                                                  /usr/lib/gcc/arm-none-eabi/5.3.0/../../../../arm-none-eabi/lib/armv7e-m/fpu/libc_nano.a(lib_a-strtod.o)
__aeabi_l2d                                       /usr/lib/gcc/arm-none-eabi/5.3.0/armv7e-m/fpu/libgcc.a(_arm_addsubdf3.o)
__aeabi_ui2d                                      /usr/lib/gcc/arm-none-eabi/5.3.0/armv7e-m/fpu/libgcc.a(_arm_addsubdf3.o)
                                                  /usr/lib/gcc/arm-none-eabi/5.3.0/../../../../arm-none-eabi/lib/armv7e-m/fpu/libc_nano.a(lib_a-dtoa.o)
                                                  /usr/lib/gcc/arm-none-eabi/5.3.0/../../../../arm-none-eabi/lib/armv7e-m/fpu/libc_nano.a(lib_a-strtod.o)
__aeabi_ul2d                                      /usr/lib/gcc/arm-none-eabi/5.3.0/armv7e-m/fpu/libgcc.a(_arm_addsubdf3.o)
__any_on                                          /usr/lib/gcc/arm-none-eabi/5.3.0/../../../../arm-none-eabi/lib/armv7e-m/fpu/libc_nano.a(lib_a-mprec.o)
                                                  /usr/lib/gcc/arm-none-eabi/5.3.0/../../../../arm-none-eabi/lib/armv7e-m/fpu/libc_nano.a(lib_a-gdtoa-gethex.o)
__atexit_dummy                                    /usr/lib/gcc/arm-none-eabi/5.3.0/../../../../arm-none-eabi/lib/armv7e-m/fpu/libc_nano.a(lib_a-__atexit.o)
__b2d                                             /usr/lib/gcc/arm-none-eabi/5.3.0/../../../../arm-none-eabi/lib/armv7e-m/fpu/libc_nano.a(lib_a-mprec.o)
__bss_end__                                       /usr/lib/gcc/arm-none-eabi/5.3.0/../../../../arm-none-eabi/lib/armv7e-m/fpu/crt0.o
__bss_start__                                     /usr/lib/gcc/arm-none-eabi/5.3.0/../../../../arm-none-eabi/lib/armv7e-m/fpu/crt0.o
__call_exitprocs                                  /usr/lib/gcc/arm-none-eabi/5.3.0/../../../../arm-none-eabi/lib/armv7e-m/fpu/libc_nano.a(lib_a-__call_atexit.o)
                                                  /usr/lib/gcc/arm-none-eabi/5.3.0/../../../../arm-none-eabi/lib/armv7e-m/fpu/libc_nano.a(lib_a-__atexit.o)
                                                  /usr/lib/gcc/arm-none-eabi/5.3.0/../../../../arm-none-eabi/lib/armv7e-m/fpu/libc_nano.a(lib_a-exit.o)
__cmpdf2                                          /usr/lib/gcc/arm-none-eabi/5.3.0/armv7e-m/fpu/libgcc.a(_arm_cmpdf2.o)
__copybits                                        /usr/lib/gcc/arm-none-eabi/5.3.0/../../../../arm-none-eabi/lib/armv7e-m/fpu/libc_nano.a(lib_a-mprec.o)
                                                  /usr/lib/gcc/arm-none-eabi/5.3.0/../../../../arm-none-eabi/lib/armv7e-m/fpu/libc_nano.a(lib_a-strtod.o)
__ctype_ptr__                                     /usr/lib/gcc/arm-none-eabi/5.3.0/../../../../arm-none-eabi/lib/armv7e-m/fpu/libc_nano.a(lib_a-ctype_.o)
                                                  /usr/lib/gcc/arm-none-eabi/5.3.0/../../../../arm-none-eabi/lib/armv7e-m/fpu/libc_nano.a(lib_a-strtol.o)
__cvt                                             /usr/lib/gcc/arm-none-eabi/5.3.0/../../../../arm-none-eabi/lib/armv7e-m/fpu/libc_nano.a(lib_a-nano-vfprintf_float.o)
__d2b                                             /usr/lib/gcc/arm-none-eabi/5.3.0/../../../../arm-none-eabi/lib/armv7e-m/fpu/libc_nano.a(lib_a-mprec.o)
                                                  /usr/lib/gcc/arm-none-eabi/5.3.0/../../../../arm-none-eabi/lib/armv7e-m/fpu/libc_nano.a(lib_a-dtoa.o)
                                                  /usr/lib/gcc/arm-none-eabi/5.3.0/../../../../arm-none-eabi/lib/armv7e-m/fpu/libc_nano.a(lib_a-strtod.o)
__deregister_frame_info                           /usr/lib/gcc/arm-none-eabi/5.3.0/armv7e-m/fpu/crtbegin.o
__divdf3                                          /usr/lib/gcc/arm-none-eabi/5.3.0/armv7e-m/fpu/libgcc.a(_arm_muldivdf3.o)
__dso_handle                                      /usr/lib/gcc/arm-none-eabi/5.3.0/armv7e-m/fpu/crtbegin.o
__eqdf2                                           /usr/lib/gcc/arm-none-eabi/5.3.0/armv7e-m/fpu/libgcc.a(_arm_cmpdf2.o)
__exponent                                        /usr/lib/gcc/arm-none-eabi/5.3.0/../../../../arm-none-eabi/lib/armv7e-m/fpu/libc_nano.a(lib_a-nano-vfprintf_float.o)
__extendsfdf2                                     /usr/lib/gcc/arm-none-eabi/5.3.0/armv7e-m/fpu/libgcc.a(_arm_addsubdf3.o)
__fini_array_end                                  /usr/lib/gcc/arm-none-eabi/5.3.0/../../../../arm-none-eabi/lib/armv7e-m/fpu/libc_nano.a(lib_a-fini.o)
__fini_array_start                                /usr/lib/gcc/arm-none-eabi/5.3.0/../../../../arm-none-eabi/lib/armv7e-m/fpu/libc_nano.a(lib_a-fini.o)
__fixdfsi                                         /usr/lib/gcc/arm-none-eabi/5.3.0/armv7e-m/fpu/libgcc.a(_arm_fixdfsi.o)
__fixunsdfsi                                      /usr/lib/gcc/arm-none-eabi/5.3.0/armv7e-m/fpu/libgcc.a(_arm_fixunsdfsi.o)
__floatdidf                                       /usr/lib/gcc/arm-none-eabi/5.3.0/armv7e-m/fpu/libgcc.a(_arm_addsubdf3.o)
__floatsidf                                       /usr/lib/gcc/arm-none-eabi/5.3.0/armv7e-m/fpu/libgcc.a(_arm_addsubdf3.o)
__floatundidf                                     /usr/lib/gcc/arm-none-eabi/5.3.0/armv7e-m/fpu/libgcc.a(_arm_addsubdf3.o)
__floatunsidf                                     /usr/lib/gcc/arm-none-eabi/5.3.0/armv7e-m/fpu/libgcc.a(_arm_addsubdf3.o)
__fp_lock_all                                     /usr/lib/gcc/arm-none-eabi/5.3.0/../../../../arm-none-eabi/lib/armv7e-m/fpu/libc_nano.a(lib_a-findfp.o)
__fp_unlock_all                                   /usr/lib/gcc/arm-none-eabi/5.3.0/../../../../arm-none-eabi/lib/armv7e-m/fpu/libc_nano.a(lib_a-findfp.o)
__fpclassifyd                                     /usr/lib/gcc/arm-none-eabi/5.3.0/../../../../arm-none-eabi/lib/armv7e-m/fpu/libc_nano.a(lib_a-s_fpclassify.o)
                                                  /usr/lib/gcc/arm-none-eabi/5.3.0/../../../../arm-none-eabi/lib/armv7e-m/fpu/libc_nano.a(lib_a-strtod.o)
                                                  /usr/lib/gcc/arm-none-eabi/5.3.0/../../../../arm-none-eabi/lib/armv7e-m/fpu/libc_nano.a(lib_a-nano-vfscanf_float.o)
                                                  /usr/lib/gcc/arm-none-eabi/5.3.0/../../../../arm-none-eabi/lib/armv7e-m/fpu/libc_nano.a(lib_a-nano-vfprintf_float.o)
__gedf2                                           /usr/lib/gcc/arm-none-eabi/5.3.0/armv7e-m/fpu/libgcc.a(_arm_cmpdf2.o)
__gethex                                          /usr/lib/gcc/arm-none-eabi/5.3.0/../../../../arm-none-eabi/lib/armv7e-m/fpu/libc_nano.a(lib_a-gdtoa-gethex.o)
                                                  /usr/lib/gcc/arm-none-eabi/5.3.0/../../../../arm-none-eabi/lib/armv7e-m/fpu/libc_nano.a(lib_a-strtod.o)
__gtdf2                                           /usr/lib/gcc/arm-none-eabi/5.3.0/armv7e-m/fpu/libgcc.a(_arm_cmpdf2.o)
__hexdig_fun                                      /usr/lib/gcc/arm-none-eabi/5.3.0/../../../../arm-none-eabi/lib/armv7e-m/fpu/libc_nano.a(lib_a-gdtoa-gethex.o)
                                                  /usr/lib/gcc/arm-none-eabi/5.3.0/../../../../arm-none-eabi/lib/armv7e-m/fpu/libc_nano.a(lib_a-gdtoa-hexnan.o)
__hexnan                                          /usr/lib/gcc/arm-none-eabi/5.3.0/../../../../arm-none-eabi/lib/armv7e-m/fpu/libc_nano.a(lib_a-gdtoa-hexnan.o)
                                                  /usr/lib/gcc/arm-none-eabi/5.3.0/../../../../arm-none-eabi/lib/armv7e-m/fpu/libc_nano.a(lib_a-strtod.o)
__hi0bits                                         /usr/lib/gcc/arm-none-eabi/5.3.0/../../../../arm-none-eabi/lib/armv7e-m/fpu/libc_nano.a(lib_a-mprec.o)
                                                  /usr/lib/gcc/arm-none-eabi/5.3.0/../../../../arm-none-eabi/lib/armv7e-m/fpu/libc_nano.a(lib_a-gdtoa-gethex.o)
                                                  /usr/lib/gcc/arm-none-eabi/5.3.0/../../../../arm-none-eabi/lib/armv7e-m/fpu/libc_nano.a(lib_a-dtoa.o)
__i2b                                             /usr/lib/gcc/arm-none-eabi/5.3.0/../../../../arm-none-eabi/lib/armv7e-m/fpu/libc_nano.a(lib_a-mprec.o)
                                                  /usr/lib/gcc/arm-none-eabi/5.3.0/../../../../arm-none-eabi/lib/armv7e-m/fpu/libc_nano.a(lib_a-dtoa.o)
                                                  /usr/lib/gcc/arm-none-eabi/5.3.0/../../../../arm-none-eabi/lib/armv7e-m/fpu/libc_nano.a(lib_a-strtod.o)
__init_array_end                                  /usr/lib/gcc/arm-none-eabi/5.3.0/../../../../arm-none-eabi/lib/armv7e-m/fpu/libc_nano.a(lib_a-init.o)
__init_array_start                                /usr/lib/gcc/arm-none-eabi/5.3.0/../../../../arm-none-eabi/lib/armv7e-m/fpu/libc_nano.a(lib_a-init.o)
__ledf2                                           /usr/lib/gcc/arm-none-eabi/5.3.0/armv7e-m/fpu/libgcc.a(_arm_cmpdf2.o)
__libc_fini_array                                 /usr/lib/gcc/arm-none-eabi/5.3.0/../../../../arm-none-eabi/lib/armv7e-m/fpu/libc_nano.a(lib_a-fini.o)
                                                  /usr/lib/gcc/arm-none-eabi/5.3.0/../../../../arm-none-eabi/lib/armv7e-m/fpu/crt0.o
__libc_init_array                                 /usr/lib/gcc/arm-none-eabi/5.3.0/../../../../arm-none-eabi/lib/armv7e-m/fpu/libc_nano.a(lib_a-init.o)
                                                  /usr/lib/gcc/arm-none-eabi/5.3.0/../../../../arm-none-eabi/lib/armv7e-m/fpu/crt0.o
__lo0bits                                         /usr/lib/gcc/arm-none-eabi/5.3.0/../../../../arm-none-eabi/lib/armv7e-m/fpu/libc_nano.a(lib_a-mprec.o)
__locale_charset                                  /usr/lib/gcc/arm-none-eabi/5.3.0/../../../../arm-none-eabi/lib/armv7e-m/fpu/libc_nano.a(lib_a-locale.o)
__locale_cjk_lang                                 /usr/lib/gcc/arm-none-eabi/5.3.0/../../../../arm-none-eabi/lib/armv7e-m/fpu/libc_nano.a(lib_a-locale.o)
__locale_mb_cur_max                               /usr/lib/gcc/arm-none-eabi/5.3.0/../../../../arm-none-eabi/lib/armv7e-m/fpu/libc_nano.a(lib_a-locale.o)
__locale_msgcharset                               /usr/lib/gcc/arm-none-eabi/5.3.0/../../../../arm-none-eabi/lib/armv7e-m/fpu/libc_nano.a(lib_a-locale.o)
__lshift                                          /usr/lib/gcc/arm-none-eabi/5.3.0/../../../../arm-none-eabi/lib/armv7e-m/fpu/libc_nano.a(lib_a-mprec.o)
                                                  /usr/lib/gcc/arm-none-eabi/5.3.0/../../../../arm-none-eabi/lib/armv7e-m/fpu/libc_nano.a(lib_a-gdtoa-gethex.o)
                                                  /usr/lib/gcc/arm-none-eabi/5.3.0/../../../../arm-none-eabi/lib/armv7e-m/fpu/libc_nano.a(lib_a-dtoa.o)
                                                  /usr/lib/gcc/arm-none-eabi/5.3.0/../../../../arm-none-eabi/lib/armv7e-m/fpu/libc_nano.a(lib_a-strtod.o)
__ltdf2                                           /usr/lib/gcc/arm-none-eabi/5.3.0/armv7e-m/fpu/libgcc.a(_arm_cmpdf2.o)
__malloc_free_list                                /usr/lib/gcc/arm-none-eabi/5.3.0/../../../../arm-none-eabi/lib/armv7e-m/fpu/libc_nano.a(lib_a-nano-mallocr.o)
                                                  /usr/lib/gcc/arm-none-eabi/5.3.0/../../../../arm-none-eabi/lib/armv7e-m/fpu/libc_nano.a(lib_a-nano-freer.o)
__malloc_sbrk_start                               /usr/lib/gcc/arm-none-eabi/5.3.0/../../../../arm-none-eabi/lib/armv7e-m/fpu/libc_nano.a(lib_a-nano-mallocr.o)
__match                                           /usr/lib/gcc/arm-none-eabi/5.3.0/../../../../arm-none-eabi/lib/armv7e-m/fpu/libc_nano.a(lib_a-gdtoa-hexnan.o)
                                                  /usr/lib/gcc/arm-none-eabi/5.3.0/../../../../arm-none-eabi/lib/armv7e-m/fpu/libc_nano.a(lib_a-strtod.o)
__mb_cur_max                                      /usr/lib/gcc/arm-none-eabi/5.3.0/../../../../arm-none-eabi/lib/armv7e-m/fpu/libc_nano.a(lib_a-locale.o)
__mcmp                                            /usr/lib/gcc/arm-none-eabi/5.3.0/../../../../arm-none-eabi/lib/armv7e-m/fpu/libc_nano.a(lib_a-mprec.o)
                                                  /usr/lib/gcc/arm-none-eabi/5.3.0/../../../../arm-none-eabi/lib/armv7e-m/fpu/libc_nano.a(lib_a-dtoa.o)
                                                  /usr/lib/gcc/arm-none-eabi/5.3.0/../../../../arm-none-eabi/lib/armv7e-m/fpu/libc_nano.a(lib_a-strtod.o)
__mdiff                                           /usr/lib/gcc/arm-none-eabi/5.3.0/../../../../arm-none-eabi/lib/armv7e-m/fpu/libc_nano.a(lib_a-mprec.o)
                                                  /usr/lib/gcc/arm-none-eabi/5.3.0/../../../../arm-none-eabi/lib/armv7e-m/fpu/libc_nano.a(lib_a-dtoa.o)
                                                  /usr/lib/gcc/arm-none-eabi/5.3.0/../../../../arm-none-eabi/lib/armv7e-m/fpu/libc_nano.a(lib_a-strtod.o)
__mlocale_changed                                 /usr/lib/gcc/arm-none-eabi/5.3.0/../../../../arm-none-eabi/lib/armv7e-m/fpu/libc_nano.a(lib_a-locale.o)
__mprec_bigtens                                   /usr/lib/gcc/arm-none-eabi/5.3.0/../../../../arm-none-eabi/lib/armv7e-m/fpu/libc_nano.a(lib_a-mprec.o)
                                                  /usr/lib/gcc/arm-none-eabi/5.3.0/../../../../arm-none-eabi/lib/armv7e-m/fpu/libc_nano.a(lib_a-dtoa.o)
                                                  /usr/lib/gcc/arm-none-eabi/5.3.0/../../../../arm-none-eabi/lib/armv7e-m/fpu/libc_nano.a(lib_a-strtod.o)
__mprec_tens                                      /usr/lib/gcc/arm-none-eabi/5.3.0/../../../../arm-none-eabi/lib/armv7e-m/fpu/libc_nano.a(lib_a-mprec.o)
                                                  /usr/lib/gcc/arm-none-eabi/5.3.0/../../../../arm-none-eabi/lib/armv7e-m/fpu/libc_nano.a(lib_a-dtoa.o)
                                                  /usr/lib/gcc/arm-none-eabi/5.3.0/../../../../arm-none-eabi/lib/armv7e-m/fpu/libc_nano.a(lib_a-strtod.o)
__mprec_tinytens                                  /usr/lib/gcc/arm-none-eabi/5.3.0/../../../../arm-none-eabi/lib/armv7e-m/fpu/libc_nano.a(lib_a-mprec.o)
__muldf3                                          /usr/lib/gcc/arm-none-eabi/5.3.0/armv7e-m/fpu/libgcc.a(_arm_muldivdf3.o)
__multadd                                         /usr/lib/gcc/arm-none-eabi/5.3.0/../../../../arm-none-eabi/lib/armv7e-m/fpu/libc_nano.a(lib_a-mprec.o)
                                                  /usr/lib/gcc/arm-none-eabi/5.3.0/../../../../arm-none-eabi/lib/armv7e-m/fpu/libc_nano.a(lib_a-dtoa.o)
__multiply                                        /usr/lib/gcc/arm-none-eabi/5.3.0/../../../../arm-none-eabi/lib/armv7e-m/fpu/libc_nano.a(lib_a-mprec.o)
                                                  /usr/lib/gcc/arm-none-eabi/5.3.0/../../../../arm-none-eabi/lib/armv7e-m/fpu/libc_nano.a(lib_a-dtoa.o)
                                                  /usr/lib/gcc/arm-none-eabi/5.3.0/../../../../arm-none-eabi/lib/armv7e-m/fpu/libc_nano.a(lib_a-strtod.o)
__nedf2                                           /usr/lib/gcc/arm-none-eabi/5.3.0/armv7e-m/fpu/libgcc.a(_arm_cmpdf2.o)
__nlocale_changed                                 /usr/lib/gcc/arm-none-eabi/5.3.0/../../../../arm-none-eabi/lib/armv7e-m/fpu/libc_nano.a(lib_a-locale.o)
__on_exit_args                                    /usr/lib/gcc/arm-none-eabi/5.3.0/../../../../arm-none-eabi/lib/armv7e-m/fpu/libc_nano.a(lib_a-__atexit.o)
__pow5mult                                        /usr/lib/gcc/arm-none-eabi/5.3.0/../../../../arm-none-eabi/lib/armv7e-m/fpu/libc_nano.a(lib_a-mprec.o)
                                                  /usr/lib/gcc/arm-none-eabi/5.3.0/../../../../arm-none-eabi/lib/armv7e-m/fpu/libc_nano.a(lib_a-dtoa.o)
                                                  /usr/lib/gcc/arm-none-eabi/5.3.0/../../../../arm-none-eabi/lib/armv7e-m/fpu/libc_nano.a(lib_a-strtod.o)
__preinit_array_end                               /usr/lib/gcc/arm-none-eabi/5.3.0/../../../../arm-none-eabi/lib/armv7e-m/fpu/libc_nano.a(lib_a-init.o)
__preinit_array_start                             /usr/lib/gcc/arm-none-eabi/5.3.0/../../../../arm-none-eabi/lib/armv7e-m/fpu/libc_nano.a(lib_a-init.o)
__ratio                                           /usr/lib/gcc/arm-none-eabi/5.3.0/../../../../arm-none-eabi/lib/armv7e-m/fpu/libc_nano.a(lib_a-mprec.o)
                                                  /usr/lib/gcc/arm-none-eabi/5.3.0/../../../../arm-none-eabi/lib/armv7e-m/fpu/libc_nano.a(lib_a-strtod.o)
__register_exitproc                               /usr/lib/gcc/arm-none-eabi/5.3.0/../../../../arm-none-eabi/lib/armv7e-m/fpu/libc_nano.a(lib_a-__atexit.o)
                                                  /usr/lib/gcc/arm-none-eabi/5.3.0/../../../../arm-none-eabi/lib/armv7e-m/fpu/libc_nano.a(lib_a-atexit.o)
__register_frame_info                             /usr/lib/gcc/arm-none-eabi/5.3.0/armv7e-m/fpu/crtbegin.o
__s2b                                             /usr/lib/gcc/arm-none-eabi/5.3.0/../../../../arm-none-eabi/lib/armv7e-m/fpu/libc_nano.a(lib_a-mprec.o)
                                                  /usr/lib/gcc/arm-none-eabi/5.3.0/../../../../arm-none-eabi/lib/armv7e-m/fpu/libc_nano.a(lib_a-strtod.o)
__sclose                                          /usr/lib/gcc/arm-none-eabi/5.3.0/../../../../arm-none-eabi/lib/armv7e-m/fpu/libc_nano.a(lib_a-stdio.o)
                                                  /usr/lib/gcc/arm-none-eabi/5.3.0/../../../../arm-none-eabi/lib/armv7e-m/fpu/libc_nano.a(lib_a-findfp.o)
__seofread                                        /usr/lib/gcc/arm-none-eabi/5.3.0/../../../../arm-none-eabi/lib/armv7e-m/fpu/libc_nano.a(lib_a-stdio.o)
__sf_fake_stderr                                  /usr/lib/gcc/arm-none-eabi/5.3.0/../../../../arm-none-eabi/lib/armv7e-m/fpu/libc_nano.a(lib_a-findfp.o)
                                                  /usr/lib/gcc/arm-none-eabi/5.3.0/../../../../arm-none-eabi/lib/armv7e-m/fpu/libc_nano.a(lib_a-fflush.o)
                                                  /usr/lib/gcc/arm-none-eabi/5.3.0/../../../../arm-none-eabi/lib/armv7e-m/fpu/libc_nano.a(lib_a-wsetup.o)
                                                  /usr/lib/gcc/arm-none-eabi/5.3.0/../../../../arm-none-eabi/lib/armv7e-m/fpu/libc_nano.a(lib_a-wbuf.o)
                                                  /usr/lib/gcc/arm-none-eabi/5.3.0/../../../../arm-none-eabi/lib/armv7e-m/fpu/libc_nano.a(lib_a-nano-vfprintf.o)
                                                  /usr/lib/gcc/arm-none-eabi/5.3.0/../../../../arm-none-eabi/lib/armv7e-m/fpu/libc_nano.a(lib_a-impure.o)
__sf_fake_stdin                                   /usr/lib/gcc/arm-none-eabi/5.3.0/../../../../arm-none-eabi/lib/armv7e-m/fpu/libc_nano.a(lib_a-findfp.o)
                                                  /usr/lib/gcc/arm-none-eabi/5.3.0/../../../../arm-none-eabi/lib/armv7e-m/fpu/libc_nano.a(lib_a-fflush.o)
                                                  /usr/lib/gcc/arm-none-eabi/5.3.0/../../../../arm-none-eabi/lib/armv7e-m/fpu/libc_nano.a(lib_a-wsetup.o)
                                                  /usr/lib/gcc/arm-none-eabi/5.3.0/../../../../arm-none-eabi/lib/armv7e-m/fpu/libc_nano.a(lib_a-wbuf.o)
                                                  /usr/lib/gcc/arm-none-eabi/5.3.0/../../../../arm-none-eabi/lib/armv7e-m/fpu/libc_nano.a(lib_a-nano-vfprintf.o)
                                                  /usr/lib/gcc/arm-none-eabi/5.3.0/../../../../arm-none-eabi/lib/armv7e-m/fpu/libc_nano.a(lib_a-impure.o)
__sf_fake_stdout                                  /usr/lib/gcc/arm-none-eabi/5.3.0/../../../../arm-none-eabi/lib/armv7e-m/fpu/libc_nano.a(lib_a-findfp.o)
                                                  /usr/lib/gcc/arm-none-eabi/5.3.0/../../../../arm-none-eabi/lib/armv7e-m/fpu/libc_nano.a(lib_a-fflush.o)
                                                  /usr/lib/gcc/arm-none-eabi/5.3.0/../../../../arm-none-eabi/lib/armv7e-m/fpu/libc_nano.a(lib_a-wsetup.o)
                                                  /usr/lib/gcc/arm-none-eabi/5.3.0/../../../../arm-none-eabi/lib/armv7e-m/fpu/libc_nano.a(lib_a-wbuf.o)
                                                  /usr/lib/gcc/arm-none-eabi/5.3.0/../../../../arm-none-eabi/lib/armv7e-m/fpu/libc_nano.a(lib_a-nano-vfprintf.o)
                                                  /usr/lib/gcc/arm-none-eabi/5.3.0/../../../../arm-none-eabi/lib/armv7e-m/fpu/libc_nano.a(lib_a-impure.o)
__sflush_r                                        /usr/lib/gcc/arm-none-eabi/5.3.0/../../../../arm-none-eabi/lib/armv7e-m/fpu/libc_nano.a(lib_a-fflush.o)
__sfmoreglue                                      /usr/lib/gcc/arm-none-eabi/5.3.0/../../../../arm-none-eabi/lib/armv7e-m/fpu/libc_nano.a(lib_a-findfp.o)
__sfp                                             /usr/lib/gcc/arm-none-eabi/5.3.0/../../../../arm-none-eabi/lib/armv7e-m/fpu/libc_nano.a(lib_a-findfp.o)
__sfp_lock_acquire                                /usr/lib/gcc/arm-none-eabi/5.3.0/../../../../arm-none-eabi/lib/armv7e-m/fpu/libc_nano.a(lib_a-findfp.o)
__sfp_lock_release                                /usr/lib/gcc/arm-none-eabi/5.3.0/../../../../arm-none-eabi/lib/armv7e-m/fpu/libc_nano.a(lib_a-findfp.o)
__sfputs_r                                        /usr/lib/gcc/arm-none-eabi/5.3.0/../../../../arm-none-eabi/lib/armv7e-m/fpu/libc_nano.a(lib_a-nano-vfprintf.o)
__sfvwrite_r                                      /usr/lib/gcc/arm-none-eabi/5.3.0/../../../../arm-none-eabi/lib/armv7e-m/fpu/libc_nano.a(lib_a-fvwrite.o)
                                                  /usr/lib/gcc/arm-none-eabi/5.3.0/../../../../arm-none-eabi/lib/armv7e-m/fpu/libc_nano.a(lib_a-nano-vfprintf.o)
__sinit                                           /usr/lib/gcc/arm-none-eabi/5.3.0/../../../../arm-none-eabi/lib/armv7e-m/fpu/libc_nano.a(lib_a-findfp.o)
                                                  /usr/lib/gcc/arm-none-eabi/5.3.0/../../../../arm-none-eabi/lib/armv7e-m/fpu/libc_nano.a(lib_a-fflush.o)
                                                  /usr/lib/gcc/arm-none-eabi/5.3.0/../../../../arm-none-eabi/lib/armv7e-m/fpu/libc_nano.a(lib_a-wsetup.o)
                                                  /usr/lib/gcc/arm-none-eabi/5.3.0/../../../../arm-none-eabi/lib/armv7e-m/fpu/libc_nano.a(lib_a-wbuf.o)
                                                  /usr/lib/gcc/arm-none-eabi/5.3.0/../../../../arm-none-eabi/lib/armv7e-m/fpu/libc_nano.a(lib_a-nano-vfprintf.o)
__sinit_lock_acquire                              /usr/lib/gcc/arm-none-eabi/5.3.0/../../../../arm-none-eabi/lib/armv7e-m/fpu/libc_nano.a(lib_a-findfp.o)
__sinit_lock_release                              /usr/lib/gcc/arm-none-eabi/5.3.0/../../../../arm-none-eabi/lib/armv7e-m/fpu/libc_nano.a(lib_a-findfp.o)
__smakebuf_r                                      /usr/lib/gcc/arm-none-eabi/5.3.0/../../../../arm-none-eabi/lib/armv7e-m/fpu/libc_nano.a(lib_a-makebuf.o)
                                                  /usr/lib/gcc/arm-none-eabi/5.3.0/../../../../arm-none-eabi/lib/armv7e-m/fpu/libc_nano.a(lib_a-wsetup.o)
__sprint_r                                        /usr/lib/gcc/arm-none-eabi/5.3.0/../../../../arm-none-eabi/lib/armv7e-m/fpu/libc_nano.a(lib_a-nano-vfprintf.o)
__sread                                           /usr/lib/gcc/arm-none-eabi/5.3.0/../../../../arm-none-eabi/lib/armv7e-m/fpu/libc_nano.a(lib_a-stdio.o)
                                                  /usr/lib/gcc/arm-none-eabi/5.3.0/../../../../arm-none-eabi/lib/armv7e-m/fpu/libc_nano.a(lib_a-findfp.o)
__sseek                                           /usr/lib/gcc/arm-none-eabi/5.3.0/../../../../arm-none-eabi/lib/armv7e-m/fpu/libc_nano.a(lib_a-stdio.o)
                                                  /usr/lib/gcc/arm-none-eabi/5.3.0/../../../../arm-none-eabi/lib/armv7e-m/fpu/libc_nano.a(lib_a-findfp.o)
__ssprint_r                                       /usr/lib/gcc/arm-none-eabi/5.3.0/../../../../arm-none-eabi/lib/armv7e-m/fpu/libc_nano.a(lib_a-nano-svfprintf.o)
__ssputs_r                                        /usr/lib/gcc/arm-none-eabi/5.3.0/../../../../arm-none-eabi/lib/armv7e-m/fpu/libc_nano.a(lib_a-nano-svfprintf.o)